Archive member included to satisfy reference by file (symbol)

/opt/st/stm32cubeide_1.19.0/plugins/com.st.stm32cube.ide.mcu.externaltools.gnu-tools-for-stm32.13.3.rel1.linux64_1.0.0.202410170706/tools/bin/../lib/gcc/arm-none-eabi/13.3.1/../../../../arm-none-eabi/lib/thumb/v7e-m+fp/hard/libc_nano.a(libc_a-assert.o)
                              ./Middlewares/Third_Party/OpenAMP/device.o (__assert_func)
/opt/st/stm32cubeide_1.19.0/plugins/com.st.stm32cube.ide.mcu.externaltools.gnu-tools-for-stm32.13.3.rel1.linux64_1.0.0.202410170706/tools/bin/../lib/gcc/arm-none-eabi/13.3.1/../../../../arm-none-eabi/lib/thumb/v7e-m+fp/hard/libc_nano.a(libc_a-exit.o)
                              /opt/st/stm32cubeide_1.19.0/plugins/com.st.stm32cube.ide.mcu.externaltools.gnu-tools-for-stm32.13.3.rel1.linux64_1.0.0.202410170706/tools/bin/../lib/gcc/arm-none-eabi/13.3.1/../../../../arm-none-eabi/lib/thumb/v7e-m+fp/hard/crt0.o (exit)
/opt/st/stm32cubeide_1.19.0/plugins/com.st.stm32cube.ide.mcu.externaltools.gnu-tools-for-stm32.13.3.rel1.linux64_1.0.0.202410170706/tools/bin/../lib/gcc/arm-none-eabi/13.3.1/../../../../arm-none-eabi/lib/thumb/v7e-m+fp/hard/libc_nano.a(libc_a-malloc.o)
                              ./Middlewares/Third_Party/OpenAMP/remoteproc_virtio.o (malloc)
/opt/st/stm32cubeide_1.19.0/plugins/com.st.stm32cube.ide.mcu.externaltools.gnu-tools-for-stm32.13.3.rel1.linux64_1.0.0.202410170706/tools/bin/../lib/gcc/arm-none-eabi/13.3.1/../../../../arm-none-eabi/lib/thumb/v7e-m+fp/hard/libc_nano.a(libc_a-mallocr.o)
                              /opt/st/stm32cubeide_1.19.0/plugins/com.st.stm32cube.ide.mcu.externaltools.gnu-tools-for-stm32.13.3.rel1.linux64_1.0.0.202410170706/tools/bin/../lib/gcc/arm-none-eabi/13.3.1/../../../../arm-none-eabi/lib/thumb/v7e-m+fp/hard/libc_nano.a(libc_a-malloc.o) (_malloc_r)
/opt/st/stm32cubeide_1.19.0/plugins/com.st.stm32cube.ide.mcu.externaltools.gnu-tools-for-stm32.13.3.rel1.linux64_1.0.0.202410170706/tools/bin/../lib/gcc/arm-none-eabi/13.3.1/../../../../arm-none-eabi/lib/thumb/v7e-m+fp/hard/libc_nano.a(libc_a-mlock.o)
                              /opt/st/stm32cubeide_1.19.0/plugins/com.st.stm32cube.ide.mcu.externaltools.gnu-tools-for-stm32.13.3.rel1.linux64_1.0.0.202410170706/tools/bin/../lib/gcc/arm-none-eabi/13.3.1/../../../../arm-none-eabi/lib/thumb/v7e-m+fp/hard/libc_nano.a(libc_a-mallocr.o) (__malloc_lock)
/opt/st/stm32cubeide_1.19.0/plugins/com.st.stm32cube.ide.mcu.externaltools.gnu-tools-for-stm32.13.3.rel1.linux64_1.0.0.202410170706/tools/bin/../lib/gcc/arm-none-eabi/13.3.1/../../../../arm-none-eabi/lib/thumb/v7e-m+fp/hard/libc_nano.a(libc_a-findfp.o)
                              /opt/st/stm32cubeide_1.19.0/plugins/com.st.stm32cube.ide.mcu.externaltools.gnu-tools-for-stm32.13.3.rel1.linux64_1.0.0.202410170706/tools/bin/../lib/gcc/arm-none-eabi/13.3.1/../../../../arm-none-eabi/lib/thumb/v7e-m+fp/hard/libc_nano.a(libc_a-exit.o) (__stdio_exit_handler)
/opt/st/stm32cubeide_1.19.0/plugins/com.st.stm32cube.ide.mcu.externaltools.gnu-tools-for-stm32.13.3.rel1.linux64_1.0.0.202410170706/tools/bin/../lib/gcc/arm-none-eabi/13.3.1/../../../../arm-none-eabi/lib/thumb/v7e-m+fp/hard/libc_nano.a(libc_a-fprintf.o)
                              /opt/st/stm32cubeide_1.19.0/plugins/com.st.stm32cube.ide.mcu.externaltools.gnu-tools-for-stm32.13.3.rel1.linux64_1.0.0.202410170706/tools/bin/../lib/gcc/arm-none-eabi/13.3.1/../../../../arm-none-eabi/lib/thumb/v7e-m+fp/hard/libc_nano.a(libc_a-assert.o) (fiprintf)
/opt/st/stm32cubeide_1.19.0/plugins/com.st.stm32cube.ide.mcu.externaltools.gnu-tools-for-stm32.13.3.rel1.linux64_1.0.0.202410170706/tools/bin/../lib/gcc/arm-none-eabi/13.3.1/../../../../arm-none-eabi/lib/thumb/v7e-m+fp/hard/libc_nano.a(libc_a-fwalk.o)
                              /opt/st/stm32cubeide_1.19.0/plugins/com.st.stm32cube.ide.mcu.externaltools.gnu-tools-for-stm32.13.3.rel1.linux64_1.0.0.202410170706/tools/bin/../lib/gcc/arm-none-eabi/13.3.1/../../../../arm-none-eabi/lib/thumb/v7e-m+fp/hard/libc_nano.a(libc_a-findfp.o) (_fwalk_sglue)
/opt/st/stm32cubeide_1.19.0/plugins/com.st.stm32cube.ide.mcu.externaltools.gnu-tools-for-stm32.13.3.rel1.linux64_1.0.0.202410170706/tools/bin/../lib/gcc/arm-none-eabi/13.3.1/../../../../arm-none-eabi/lib/thumb/v7e-m+fp/hard/libc_nano.a(libc_a-printf.o)
                              ./Core/Src/main.o (printf)
/opt/st/stm32cubeide_1.19.0/plugins/com.st.stm32cube.ide.mcu.externaltools.gnu-tools-for-stm32.13.3.rel1.linux64_1.0.0.202410170706/tools/bin/../lib/gcc/arm-none-eabi/13.3.1/../../../../arm-none-eabi/lib/thumb/v7e-m+fp/hard/libc_nano.a(libc_a-puts.o)
                              ./Core/Src/main.o (puts)
/opt/st/stm32cubeide_1.19.0/plugins/com.st.stm32cube.ide.mcu.externaltools.gnu-tools-for-stm32.13.3.rel1.linux64_1.0.0.202410170706/tools/bin/../lib/gcc/arm-none-eabi/13.3.1/../../../../arm-none-eabi/lib/thumb/v7e-m+fp/hard/libc_nano.a(libc_a-snprintf.o)
                              ./Core/Src/main.o (snprintf)
[...]
Memory Configuration

Name             Origin             Length             Attributes
RETRAM_interrupts 0x00000000         0x00000600         xrw
SRAM1_text       0x10000000         0x00020000         xrw
SRAM2_data       0x10020000         0x00020000         xrw
SRAM3_ipc_shm    0x10040000         0x00010000         xrw
SRAM4            0x10050000         0x00010000         xrw
*default*        0x00000000         0xffffffff

Linker script and memory map

LOAD /opt/st/stm32cubeide_1.19.0/plugins/com.st.stm32cube.ide.mcu.externaltools.gnu-tools-for-stm32.13.3.rel1.linux64_1.0.0.202410170706/tools/bin/../lib/gcc/arm-none-eabi/13.3.1/thumb/v7e-m+fp/hard/crti.o
LOAD /opt/st/stm32cubeide_1.19.0/plugins/com.st.stm32cube.ide.mcu.externaltools.gnu-tools-for-stm32.13.3.rel1.linux64_1.0.0.202410170706/tools/bin/../lib/gcc/arm-none-eabi/13.3.1/thumb/v7e-m+fp/hard/crtbegin.o
LOAD /opt/st/stm32cubeide_1.19.0/plugins/com.st.stm32cube.ide.mcu.externaltools.gnu-tools-for-stm32.13.3.rel1.linux64_1.0.0.202410170706/tools/bin/../lib/gcc/arm-none-eabi/13.3.1/../../../../arm-none-eabi/lib/thumb/v7e-m+fp/hard/crt0.o
LOAD ./Common/System/system_stm32mp1xx.o
LOAD ./Core/Src/gpio.o
LOAD ./Core/Src/i2c.o
LOAD ./Core/Src/ipcc.o
LOAD ./Core/Src/main.o
LOAD ./Core/Src/stm32mp1xx_hal_msp.o
LOAD ./Core/Src/stm32mp1xx_it.o
LOAD ./Core/Src/syscalls.o
LOAD ./Core/Src/sysmem.o
LOAD ./Core/Src/tim.o
LOAD ./Core/Startup/startup_stm32mp157aacx.o
LOAD ./Drivers/STM32MP1xx_HAL_Driver/stm32mp1xx_hal.o
LOAD ./Drivers/STM32MP1xx_HAL_Driver/stm32mp1xx_hal_cortex.o
LOAD ./Drivers/STM32MP1xx_HAL_Driver/stm32mp1xx_hal_dma.o
LOAD ./Drivers/STM32MP1xx_HAL_Driver/stm32mp1xx_hal_dma_ex.o
LOAD ./Drivers/STM32MP1xx_HAL_Driver/stm32mp1xx_hal_exti.o
LOAD ./Drivers/STM32MP1xx_HAL_Driver/stm32mp1xx_hal_gpio.o
LOAD ./Drivers/STM32MP1xx_HAL_Driver/stm32mp1xx_hal_hsem.o
LOAD ./Drivers/STM32MP1xx_HAL_Driver/stm32mp1xx_hal_i2c.o
LOAD ./Drivers/STM32MP1xx_HAL_Driver/stm32mp1xx_hal_i2c_ex.o
LOAD ./Drivers/STM32MP1xx_HAL_Driver/stm32mp1xx_hal_ipcc.o
LOAD ./Drivers/STM32MP1xx_HAL_Driver/stm32mp1xx_hal_mdma.o
LOAD ./Drivers/STM32MP1xx_HAL_Driver/stm32mp1xx_hal_pwr.o
LOAD ./Drivers/STM32MP1xx_HAL_Driver/stm32mp1xx_hal_pwr_ex.o
LOAD ./Drivers/STM32MP1xx_HAL_Driver/stm32mp1xx_hal_rcc.o
LOAD ./Drivers/STM32MP1xx_HAL_Driver/stm32mp1xx_hal_rcc_ex.o
LOAD ./Drivers/STM32MP1xx_HAL_Driver/stm32mp1xx_hal_tim.o
LOAD ./Drivers/STM32MP1xx_HAL_Driver/stm32mp1xx_hal_tim_ex.o
LOAD ./Middlewares/Third_Party/OpenAMP/condition.o
LOAD ./Middlewares/Third_Party/OpenAMP/device.o
LOAD ./Middlewares/Third_Party/OpenAMP/generic_device.o
LOAD ./Middlewares/Third_Party/OpenAMP/generic_init.o
LOAD ./Middlewares/Third_Party/OpenAMP/generic_io.o
LOAD ./Middlewares/Third_Party/OpenAMP/generic_shmem.o
LOAD ./Middlewares/Third_Party/OpenAMP/init.o
LOAD ./Middlewares/Third_Party/OpenAMP/io.o
LOAD ./Middlewares/Third_Party/OpenAMP/log.o
LOAD ./Middlewares/Third_Party/OpenAMP/remoteproc_virtio.o
LOAD ./Middlewares/Third_Party/OpenAMP/rpmsg.o
LOAD ./Middlewares/Third_Party/OpenAMP/rpmsg_virtio.o
LOAD ./Middlewares/Third_Party/OpenAMP/shmem.o
LOAD ./Middlewares/Third_Party/OpenAMP/sys.o
LOAD ./Middlewares/Third_Party/OpenAMP/time.o
LOAD ./Middlewares/Third_Party/OpenAMP/virt_uart.o
LOAD ./Middlewares/Third_Party/OpenAMP/virtio.o
LOAD ./Middlewares/Third_Party/OpenAMP/virtqueue.o
LOAD ./OPENAMP/mbox_ipcc.o
LOAD ./OPENAMP/openamp.o
LOAD ./OPENAMP/openamp_log.o
LOAD ./OPENAMP/rsc_table.o
START GROUP
LOAD /opt/st/stm32cubeide_1.19.0/plugins/com.st.stm32cube.ide.mcu.externaltools.gnu-tools-for-stm32.13.3.rel1.linux64_1.0.0.202410170706/tools/bin/../lib/gcc/arm-none-eabi/13.3.1/../../../../arm-none-eabi/lib/thumb/v7e-m+fp/hard/libc_nano.a
LOAD /opt/st/stm32cubeide_1.19.0/plugins/com.st.stm32cube.ide.mcu.externaltools.gnu-tools-for-stm32.13.3.rel1.linux64_1.0.0.202410170706/tools/bin/../lib/gcc/arm-none-eabi/13.3.1/../../../../arm-none-eabi/lib/thumb/v7e-m+fp/hard/libm.a
END GROUP
START GROUP
LOAD /opt/st/stm32cubeide_1.19.0/plugins/com.st.stm32cube.ide.mcu.externaltools.gnu-tools-for-stm32.13.3.rel1.linux64_1.0.0.202410170706/tools/bin/../lib/gcc/arm-none-eabi/13.3.1/thumb/v7e-m+fp/hard/libgcc.a
LOAD /opt/st/stm32cubeide_1.19.0/plugins/com.st.stm32cube.ide.mcu.externaltools.gnu-tools-for-stm32.13.3.rel1.linux64_1.0.0.202410170706/tools/bin/../lib/gcc/arm-none-eabi/13.3.1/../../../../arm-none-eabi/lib/thumb/v7e-m+fp/hard/libc_nano.a
END GROUP
START GROUP
LOAD /opt/st/stm32cubeide_1.19.0/plugins/com.st.stm32cube.ide.mcu.externaltools.gnu-tools-for-stm32.13.3.rel1.linux64_1.0.0.202410170706/tools/bin/../lib/gcc/arm-none-eabi/13.3.1/thumb/v7e-m+fp/hard/libgcc.a
LOAD /opt/st/stm32cubeide_1.19.0/plugins/com.st.stm32cube.ide.mcu.externaltools.gnu-tools-for-stm32.13.3.rel1.linux64_1.0.0.202410170706/tools/bin/../lib/gcc/arm-none-eabi/13.3.1/../../../../arm-none-eabi/lib/thumb/v7e-m+fp/hard/libc_nano.a
LOAD /opt/st/stm32cubeide_1.19.0/plugins/com.st.stm32cube.ide.mcu.externaltools.gnu-tools-for-stm32.13.3.rel1.linux64_1.0.0.202410170706/tools/bin/../lib/gcc/arm-none-eabi/13.3.1/../../../../arm-none-eabi/lib/thumb/v7e-m+fp/hard/libnosys.a
END GROUP
START GROUP
LOAD /opt/st/stm32cubeide_1.19.0/plugins/com.st.stm32cube.ide.mcu.externaltools.gnu-tools-for-stm32.13.3.rel1.linux64_1.0.0.202410170706/tools/bin/../lib/gcc/arm-none-eabi/13.3.1/thumb/v7e-m+fp/hard/libgcc.a
LOAD /opt/st/stm32cubeide_1.19.0/plugins/com.st.stm32cube.ide.mcu.externaltools.gnu-tools-for-stm32.13.3.rel1.linux64_1.0.0.202410170706/tools/bin/../lib/gcc/arm-none-eabi/13.3.1/../../../../arm-none-eabi/lib/thumb/v7e-m+fp/hard/libc_nano.a
LOAD /opt/st/stm32cubeide_1.19.0/plugins/com.st.stm32cube.ide.mcu.externaltools.gnu-tools-for-stm32.13.3.rel1.linux64_1.0.0.202410170706/tools/bin/../lib/gcc/arm-none-eabi/13.3.1/../../../../arm-none-eabi/lib/thumb/v7e-m+fp/hard/libnosys.a
END GROUP
LOAD /opt/st/stm32cubeide_1.19.0/plugins/com.st.stm32cube.ide.mcu.externaltools.gnu-tools-for-stm32.13.3.rel1.linux64_1.0.0.202410170706/tools/bin/../lib/gcc/arm-none-eabi/13.3.1/thumb/v7e-m+fp/hard/crtend.o
LOAD /opt/st/stm32cubeide_1.19.0/plugins/com.st.stm32cube.ide.mcu.externaltools.gnu-tools-for-stm32.13.3.rel1.linux64_1.0.0.202410170706/tools/bin/../lib/gcc/arm-none-eabi/13.3.1/thumb/v7e-m+fp/hard/crtn.o
                0x10040000                        _estack = (ORIGIN (SRAM2_data) + LENGTH (SRAM2_data))
                0x00000200                        _Min_Heap_Size = 0x200
                0x00000400                        _Min_Stack_Size = 0x400
                0x10040000                        __OPENAMP_region_start__ = ORIGIN (SRAM3_ipc_shm)
                0x10050000                        __OPENAMP_region_end__ = (ORIGIN (SRAM3_ipc_shm) + LENGTH (SRAM3_ipc_shm))

.isr_vector     0x00000000      0x298
                0x00000000                        . = ALIGN (0x4)
 *(.isr_vector)
 .isr_vector    0x00000000      0x298 ./Core/Startup/startup_stm32mp157aacx.o
                0x00000000                g_pfnVectors
                0x00000298                        . = ALIGN (0x4)

.text           0x10000000     0xaf98
                0x10000000                        . = ALIGN (0x4)
 *(.text)
 .text          0x10000000       0x40 /opt/st/stm32cubeide_1.19.0/plugins/com.st.stm32cube.ide.mcu.externaltools.gnu-tools-for-stm32.13.3.rel1.linux64_1.0.0.202410170706/tools/bin/../lib/gcc/arm-none-eabi/13.3.1/thumb/v7e-m+fp/hard/crtbegin.o
 .text          0x10000040       0x14 /opt/st/stm32cubeide_1.19.0/plugins/com.st.stm32cube.ide.mcu.externaltools.gnu-tools-for-stm32.13.3.rel1.linux64_1.0.0.202410170706/tools/bin/../lib/gcc/arm-none-eabi/13.3.1/../../../../arm-none-eabi/lib/thumb/v7e-m+fp/hard/libc_nano.a(libc_a-strcmp.o)
                0x10000040                strcmp
 .text          0x10000054       0x10 /opt/st/stm32cubeide_1.19.0/plugins/com.st.stm32cube.ide.mcu.externaltools.gnu-tools-for-stm32.13.3.rel1.linux64_1.0.0.202410170706/tools/bin/../lib/gcc/arm-none-eabi/13.3.1/../../../../arm-none-eabi/lib/thumb/v7e-m+fp/hard/libc_nano.a(libc_a-strlen.o)
                0x10000054                strlen
 *fill*         0x10000064        0xc 
 .text          0x10000070       0xa0 /opt/st/stm32cubeide_1.19.0/plugins/com.st.stm32cube.ide.mcu.externaltools.gnu-tools-for-stm32.13.3.rel1.linux64_1.0.0.202410170706/tools/bin/../lib/gcc/arm-none-eabi/13.3.1/../../../../arm-none-eabi/lib/thumb/v7e-m+fp/hard/libc_nano.a(libc_a-memchr.o)
                0x10000070                memchr
 *(.text*)
 .text.SystemInit
                0x10000110       0x4c ./Common/System/system_stm32mp1xx.o
                0x10000110                SystemInit
 .text.MX_GPIO_Init
                0x1000015c       0x94 ./Core/Src/gpio.o
                0x1000015c                MX_GPIO_Init
 .text.MX_I2C1_Init
                0x100001f0       0x80 ./Core/Src/i2c.o
                0x100001f0                MX_I2C1_Init
 .text.HAL_I2C_MspInit
                0x10000270       0xe4 ./Core/Src/i2c.o
                0x10000270                HAL_I2C_MspInit
 .text.MX_IPCC_Init
                0x10000354       0x28 ./Core/Src/ipcc.o
                0x10000354                MX_IPCC_Init
 .text.HAL_IPCC_MspInit
                0x1000037c       0x4c ./Core/Src/ipcc.o
                0x1000037c                HAL_IPCC_MspInit
 .text.VIRT_UART0_RxCpltCallback
                0x100003c8       0x4c ./Core/Src/main.o
 .text.rpmsg_send_str
                0x10000414       0x38 ./Core/Src/main.o
 .text.__io_putchar
                0x1000044c       0x58 ./Core/Src/main.o
                0x1000044c                __io_putchar
 .text.parse_command
                0x100004a4      0x100 ./Core/Src/main.o
 .text.SHT30_Read
                0x100005a4       0xd0 ./Core/Src/main.o
 .text.check_temperature
                0x10000674       0xf8 ./Core/Src/main.o
 .text.main     0x1000076c      0x1b8 ./Core/Src/main.o
                0x1000076c                main
 .text.SystemClock_Config
                0x10000924      0x13c ./Core/Src/main.o
                0x10000924                SystemClock_Config
 .text.HAL_TIM_PeriodElapsedCallback
                0x10000a60       0xcc ./Core/Src/main.o
                0x10000a60                HAL_TIM_PeriodElapsedCallback
 .text.Error_Handler
                0x10000b2c        0xc ./Core/Src/main.o
                0x10000b2c                Error_Handler
 .text.HAL_MspInit
                0x10000b38       0x60 ./Core/Src/stm32mp1xx_hal_msp.o
                0x10000b38                HAL_MspInit
 .text.NMI_Handler
                0x10000b98        0x8 ./Core/Src/stm32mp1xx_it.o
                0x10000b98                NMI_Handler
 .text.HardFault_Handler
                0x10000ba0        0x8 ./Core/Src/stm32mp1xx_it.o
                0x10000ba0                HardFault_Handler
 .text.MemManage_Handler
                0x10000ba8        0x8 ./Core/Src/stm32mp1xx_it.o
                0x10000ba8                MemManage_Handler
 .text.BusFault_Handler
                0x10000bb0        0x8 ./Core/Src/stm32mp1xx_it.o
                0x10000bb0                BusFault_Handler
 .text.UsageFault_Handler
                0x10000bb8        0x8 ./Core/Src/stm32mp1xx_it.o
                0x10000bb8                UsageFault_Handler
 .text.SVC_Handler
                0x10000bc0        0xe ./Core/Src/stm32mp1xx_it.o
                0x10000bc0                SVC_Handler
 .text.DebugMon_Handler
                0x10000bce        0xe ./Core/Src/stm32mp1xx_it.o
                0x10000bce                DebugMon_Handler
 .text.PendSV_Handler
                0x10000bdc        0xe ./Core/Src/stm32mp1xx_it.o
                0x10000bdc                PendSV_Handler
 .text.SysTick_Handler
                0x10000bea        0xc ./Core/Src/stm32mp1xx_it.o
                0x10000bea                SysTick_Handler
 *fill*         0x10000bf6        0x2 
 .text.TIM3_IRQHandler
                0x10000bf8       0x14 ./Core/Src/stm32mp1xx_it.o
                0x10000bf8                TIM3_IRQHandler
 .text.EXTI7_IRQHandler
                0x10000c0c        0xe ./Core/Src/stm32mp1xx_it.o
                0x10000c0c                EXTI7_IRQHandler
 .text.EXTI13_IRQHandler
                0x10000c1a       0x10 ./Core/Src/stm32mp1xx_it.o
                0x10000c1a                EXTI13_IRQHandler
 *fill*         0x10000c2a        0x2 
 .text.IPCC_RX1_IRQHandler
                0x10000c2c       0x14 ./Core/Src/stm32mp1xx_it.o
                0x10000c2c                IPCC_RX1_IRQHandler
 .text.IPCC_TX1_IRQHandler
                0x10000c40       0x14 ./Core/Src/stm32mp1xx_it.o
                0x10000c40                IPCC_TX1_IRQHandler
 .text.RCC_WAKEUP_IRQHandler
                0x10000c54        0xc ./Core/Src/stm32mp1xx_it.o
                0x10000c54                RCC_WAKEUP_IRQHandler
 .text._getpid  0x10000c60       0x10 ./Core/Src/syscalls.o
                0x10000c60                _getpid
 .text._kill    0x10000c70       0x20 ./Core/Src/syscalls.o
                0x10000c70                _kill
 .text._exit    0x10000c90       0x16 ./Core/Src/syscalls.o
                0x10000c90                _exit
 .text._read    0x10000ca6       0x3a ./Core/Src/syscalls.o
                0x10000ca6                _read
 .text._write   0x10000ce0       0x38 ./Core/Src/syscalls.o
                0x10000ce0                _write
 .text._close   0x10000d18       0x18 ./Core/Src/syscalls.o
                0x10000d18                _close
 .text._fstat   0x10000d30       0x20 ./Core/Src/syscalls.o
                0x10000d30                _fstat
 .text._isatty  0x10000d50       0x16 ./Core/Src/syscalls.o
                0x10000d50                _isatty
 .text._lseek   0x10000d66       0x1a ./Core/Src/syscalls.o
                0x10000d66                _lseek
 .text._sbrk    0x10000d80       0x6c ./Core/Src/sysmem.o
                0x10000d80                _sbrk
 .text.MX_TIM2_Init
                0x10000dec       0xb4 ./Core/Src/tim.o
                0x10000dec                MX_TIM2_Init
 .text.MX_TIM3_Init
                0x10000ea0       0x9c ./Core/Src/tim.o
                0x10000ea0                MX_TIM3_Init
 .text.HAL_TIM_PWM_MspInit
                0x10000f3c       0x28 ./Core/Src/tim.o
                0x10000f3c                HAL_TIM_PWM_MspInit
 .text.HAL_TIM_Base_MspInit
                0x10000f64       0x38 ./Core/Src/tim.o
                0x10000f64                HAL_TIM_Base_MspInit
 .text.HAL_TIM_MspPostInit
                0x10000f9c       0x5c ./Core/Src/tim.o
                0x10000f9c                HAL_TIM_MspPostInit
 .text.Default_Handler
                0x10000ff8        0x2 ./Core/Startup/startup_stm32mp157aacx.o
                0x10000ff8                EXTI2_IRQHandler
                0x10000ff8                TIM8_TRG_COM_IRQHandler
                0x10000ff8                TIM8_CC_IRQHandler
                0x10000ff8                EXTI5_IRQHandler
                0x10000ff8                UART8_IRQHandler
                0x10000ff8                SPI4_IRQHandler
                0x10000ff8                TIM1_CC_IRQHandler
                0x10000ff8                DMA2_Stream5_IRQHandler
                0x10000ff8                ETH1_WKUP_IRQHandler
                0x10000ff8                TAMP_IRQHandler
                0x10000ff8                DMA1_Stream5_IRQHandler
                0x10000ff8                TIM6_IRQHandler
                0x10000ff8                EXTI12_IRQHandler
                0x10000ff8                EXTI3_IRQHandler
                0x10000ff8                LPTIM4_IRQHandler
                0x10000ff8                EXTI8_IRQHandler
                0x10000ff8                LPTIM2_IRQHandler
                0x10000ff8                DFSDM1_FLT1_IRQHandler
                0x10000ff8                I2C3_ER_IRQHandler
                0x10000ff8                DFSDM1_FLT2_IRQHandler
                0x10000ff8                I2C5_EV_IRQHandler
                0x10000ff8                MDMA_IRQHandler
                0x10000ff8                LPTIM3_IRQHandler
                0x10000ff8                EXTI0_IRQHandler
                0x10000ff8                I2C2_EV_IRQHandler
                0x10000ff8                DMA1_Stream2_IRQHandler
                0x10000ff8                FPU_IRQHandler
                0x10000ff8                USBH_OHCI_IRQHandler
                0x10000ff8                FDCAN1_IT1_IRQHandler
                0x10000ff8                LTDC_ER_IRQHandler
                0x10000ff8                DMA2_Stream2_IRQHandler
                0x10000ff8                IPCC_RX0_IRQHandler
                0x10000ff8                OTG_IRQHandler
                0x10000ff8                SPI1_IRQHandler
                0x10000ff8                DCMI_IRQHandler
                0x10000ff8                TIM8_UP_IRQHandler
                0x10000ff8                DMA2_Stream3_IRQHandler
                0x10000ff8                USBH_EHCI_IRQHandler
                0x10000ff8                nCTIIRQ2_IRQHandler
                0x10000ff8                HASH1_IRQHandler
                0x10000ff8                GPU_IRQHandler
                0x10000ff8                SAI2_IRQHandler
                0x10000ff8                ADC1_IRQHandler
                0x10000ff8                RESERVED148_IRQHandler
                0x10000ff8                RTC_TIMESTAMP_IRQHandler
                0x10000ff8                DFSDM1_FLT3_IRQHandler
                0x10000ff8                USART6_IRQHandler
                0x10000ff8                EXTI15_IRQHandler
                0x10000ff8                TIM17_IRQHandler
                0x10000ff8                USART3_IRQHandler
                0x10000ff8                EXTI9_IRQHandler
                0x10000ff8                LPTIM5_IRQHandler
                0x10000ff8                UART5_IRQHandler
                0x10000ff8                DMA2_Stream0_IRQHandler
                0x10000ff8                TIM4_IRQHandler
                0x10000ff8                CRYP2_IRQHandler
                0x10000ff8                QUADSPI_IRQHandler
                0x10000ff8                I2C1_EV_IRQHandler
                0x10000ff8                DMA1_Stream6_IRQHandler
                0x10000ff8                RESERVED99_IRQHandler
                0x10000ff8                DMAMUX1_OVR_IRQHandler
                0x10000ff8                DMA1_Stream1_IRQHandler
                0x10000ff8                TIM16_IRQHandler
                0x10000ff8                UART4_IRQHandler
                0x10000ff8                RCC_IRQHandler
                0x10000ff8                TIM1_TRG_COM_IRQHandler
                0x10000ff8                nCTIIRQ1_IRQHandler
                0x10000ff8                Default_Handler
                0x10000ff8                CEC_IRQHandler
                0x10000ff8                DFSDM1_FLT4_IRQHandler
                0x10000ff8                TIM14_IRQHandler
                0x10000ff8                I2C5_ER_IRQHandler
                0x10000ff8                TIM13_IRQHandler
                0x10000ff8                DMA1_Stream7_IRQHandler
                0x10000ff8                IPCC_TX0_IRQHandler
                0x10000ff8                SPI5_IRQHandler
                0x10000ff8                TIM12_IRQHandler
                0x10000ff8                TIM7_IRQHandler
                0x10000ff8                SDMMC1_IRQHandler
                0x10000ff8                TIM5_IRQHandler
                0x10000ff8                DMA2_Stream7_IRQHandler
                0x10000ff8                TIM15_IRQHandler
                0x10000ff8                PVD_AVD_IRQHandler
                0x10000ff8                I2C3_EV_IRQHandler
                0x10000ff8                SDMMC3_IRQHandler
                0x10000ff8                ETH1_IRQHandler
                0x10000ff8                LTDC_IRQHandler
                0x10000ff8                SAI3_IRQHandler
                0x10000ff8                SPDIF_RX_IRQHandler
                0x10000ff8                ADC2_IRQHandler
                0x10000ff8                SPI2_IRQHandler
                0x10000ff8                DFSDM1_FLT5_IRQHandler
                0x10000ff8                DMA1_Stream0_IRQHandler
                0x10000ff8                EXTI14_IRQHandler
                0x10000ff8                EXTI11_IRQHandler
                0x10000ff8                CRYP1_IRQHandler
                0x10000ff8                RNG2_IRQHandler
                0x10000ff8                RNG1_IRQHandler
                0x10000ff8                HASH2_IRQHandler
                0x10000ff8                EXTI4_IRQHandler
                0x10000ff8                ETH1_LPI_IRQHandler
                0x10000ff8                FDCAN2_IT1_IRQHandler
                0x10000ff8                DSI_IRQHandler
                0x10000ff8                TIM1_UP_IRQHandler
                0x10000ff8                HSEM_IT2_IRQHandler
                0x10000ff8                SPI6_IRQHandler
                0x10000ff8                MDIOS_IRQHandler
                0x10000ff8                I2C4_EV_IRQHandler
                0x10000ff8                FDCAN2_IT0_IRQHandler
                0x10000ff8                I2C6_ER_IRQHandler
                0x10000ff8                FDCAN1_IT0_IRQHandler
                0x10000ff8                TIM2_IRQHandler
                0x10000ff8                TIM1_BRK_IRQHandler
                0x10000ff8                DAC_IRQHandler
                0x10000ff8                EXTI1_IRQHandler
                0x10000ff8                SDMMC2_IRQHandler
                0x10000ff8                DTS_IRQHandler
                0x10000ff8                UART7_IRQHandler
                0x10000ff8                USART2_IRQHandler
                0x10000ff8                I2C6_EV_IRQHandler
                0x10000ff8                DFSDM1_FLT0_IRQHandler
                0x10000ff8                SAI4_IRQHandler
                0x10000ff8                I2C2_ER_IRQHandler
                0x10000ff8                DMA2_Stream1_IRQHandler
                0x10000ff8                TIM8_BRK_IRQHandler
                0x10000ff8                WWDG1_IRQHandler
                0x10000ff8                DMA2_Stream4_IRQHandler
                0x10000ff8                USART1_IRQHandler
                0x10000ff8                RESERVED143_IRQHandler
                0x10000ff8                EXTI10_IRQHandler
                0x10000ff8                SPI3_IRQHandler
                0x10000ff8                WAKEUP_PIN_IRQHandler
                0x10000ff8                DMA1_Stream4_IRQHandler
                0x10000ff8                I2C1_ER_IRQHandler
                0x10000ff8                FMC_IRQHandler
                0x10000ff8                FDCAN_CAL_IRQHandler
                0x10000ff8                EXTI6_IRQHandler
                0x10000ff8                MPU_SEV_IRQHandler
                0x10000ff8                LPTIM1_IRQHandler
                0x10000ff8                RTC_WKUP_ALARM_IRQHandler
                0x10000ff8                I2C4_ER_IRQHandler
                0x10000ff8                DMA2_Stream6_IRQHandler
                0x10000ff8                SAI1_IRQHandler
                0x10000ff8                DMA1_Stream3_IRQHandler
                0x10000ff8                RESERVED4_IRQHandler
 *fill*         0x10000ffa        0x2 
 .text.HAL_Init
                0x10000ffc       0x34 ./Drivers/STM32MP1xx_HAL_Driver/stm32mp1xx_hal.o
                0x10000ffc                HAL_Init
 .text.HAL_InitTick
                0x10001030       0x6c ./Drivers/STM32MP1xx_HAL_Driver/stm32mp1xx_hal.o
                0x10001030                HAL_InitTick
 .text.HAL_IncTick
                0x1000109c       0x28 ./Drivers/STM32MP1xx_HAL_Driver/stm32mp1xx_hal.o
                0x1000109c                HAL_IncTick
 .text.HAL_GetTick
                0x100010c4       0x18 ./Drivers/STM32MP1xx_HAL_Driver/stm32mp1xx_hal.o
                0x100010c4                HAL_GetTick
 .text.HAL_Delay
                0x100010dc       0x48 ./Drivers/STM32MP1xx_HAL_Driver/stm32mp1xx_hal.o
                0x100010dc                HAL_Delay
 .text.__NVIC_SetPriorityGrouping
                0x10001124       0x48 ./Drivers/STM32MP1xx_HAL_Driver/stm32mp1xx_hal_cortex.o
 .text.__NVIC_GetPriorityGrouping
                0x1000116c       0x1c ./Drivers/STM32MP1xx_HAL_Driver/stm32mp1xx_hal_cortex.o
 .text.__NVIC_EnableIRQ
                0x10001188       0x3c ./Drivers/STM32MP1xx_HAL_Driver/stm32mp1xx_hal_cortex.o
 .text.__NVIC_SetPriority
                0x100011c4       0x54 ./Drivers/STM32MP1xx_HAL_Driver/stm32mp1xx_hal_cortex.o
 .text.NVIC_EncodePriority
                0x10001218       0x66 ./Drivers/STM32MP1xx_HAL_Driver/stm32mp1xx_hal_cortex.o
 *fill*         0x1000127e        0x2 
 .text.SysTick_Config
                0x10001280       0x44 ./Drivers/STM32MP1xx_HAL_Driver/stm32mp1xx_hal_cortex.o
 .text.HAL_NVIC_SetPriorityGrouping
                0x100012c4       0x16 ./Drivers/STM32MP1xx_HAL_Driver/stm32mp1xx_hal_cortex.o
                0x100012c4                HAL_NVIC_SetPriorityGrouping
 .text.HAL_NVIC_SetPriority
                0x100012da       0x38 ./Drivers/STM32MP1xx_HAL_Driver/stm32mp1xx_hal_cortex.o
                0x100012da                HAL_NVIC_SetPriority
 .text.HAL_NVIC_EnableIRQ
                0x10001312       0x1c ./Drivers/STM32MP1xx_HAL_Driver/stm32mp1xx_hal_cortex.o
                0x10001312                HAL_NVIC_EnableIRQ
 .text.HAL_SYSTICK_Config
                0x1000132e       0x18 ./Drivers/STM32MP1xx_HAL_Driver/stm32mp1xx_hal_cortex.o
                0x1000132e                HAL_SYSTICK_Config
 *fill*         0x10001346        0x2 
 .text.HAL_GPIO_Init
                0x10001348      0x354 ./Drivers/STM32MP1xx_HAL_Driver/stm32mp1xx_hal_gpio.o
                0x10001348                HAL_GPIO_Init
 .text.HAL_GPIO_ReadPin
                0x1000169c       0x30 ./Drivers/STM32MP1xx_HAL_Driver/stm32mp1xx_hal_gpio.o
                0x1000169c                HAL_GPIO_ReadPin
 .text.HAL_GPIO_EXTI_IRQHandler
                0x100016cc       0x4c ./Drivers/STM32MP1xx_HAL_Driver/stm32mp1xx_hal_gpio.o
                0x100016cc                HAL_GPIO_EXTI_IRQHandler
 .text.HAL_GPIO_EXTI_Rising_Callback
                0x10001718       0x16 ./Drivers/STM32MP1xx_HAL_Driver/stm32mp1xx_hal_gpio.o
                0x10001718                HAL_GPIO_EXTI_Rising_Callback
 .text.HAL_GPIO_EXTI_Falling_Callback
                0x1000172e       0x16 ./Drivers/STM32MP1xx_HAL_Driver/stm32mp1xx_hal_gpio.o
                0x1000172e                HAL_GPIO_EXTI_Falling_Callback
 .text.HAL_I2C_Init
                0x10001744      0x11e ./Drivers/STM32MP1xx_HAL_Driver/stm32mp1xx_hal_i2c.o
                0x10001744                HAL_I2C_Init
 *fill*         0x10001862        0x2 
 .text.HAL_I2C_Master_Transmit
                0x10001864      0x1e8 ./Drivers/STM32MP1xx_HAL_Driver/stm32mp1xx_hal_i2c.o
                0x10001864                HAL_I2C_Master_Transmit
 .text.HAL_I2C_Master_Receive
                0x10001a4c      0x1ec ./Drivers/STM32MP1xx_HAL_Driver/stm32mp1xx_hal_i2c.o
                0x10001a4c                HAL_I2C_Master_Receive
 .text.I2C_Flush_TXDR
                0x10001c38       0x48 ./Drivers/STM32MP1xx_HAL_Driver/stm32mp1xx_hal_i2c.o
 .text.I2C_WaitOnFlagUntilTimeout
                0x10001c80       0x80 ./Drivers/STM32MP1xx_HAL_Driver/stm32mp1xx_hal_i2c.o
 .text.I2C_WaitOnTXISFlagUntilTimeout
                0x10001d00       0x80 ./Drivers/STM32MP1xx_HAL_Driver/stm32mp1xx_hal_i2c.o
 .text.I2C_WaitOnSTOPFlagUntilTimeout
                0x10001d80       0x78 ./Drivers/STM32MP1xx_HAL_Driver/stm32mp1xx_hal_i2c.o
 .text.I2C_WaitOnRXNEFlagUntilTimeout
                0x10001df8       0xf4 ./Drivers/STM32MP1xx_HAL_Driver/stm32mp1xx_hal_i2c.o
 .text.I2C_IsErrorOccurred
                0x10001eec      0x1d8 ./Drivers/STM32MP1xx_HAL_Driver/stm32mp1xx_hal_i2c.o
 .text.I2C_TransferConfig
                0x100020c4       0x64 ./Drivers/STM32MP1xx_HAL_Driver/stm32mp1xx_hal_i2c.o
 .text.HAL_I2CEx_ConfigAnalogFilter
                0x10002128       0x96 ./Drivers/STM32MP1xx_HAL_Driver/stm32mp1xx_hal_i2c_ex.o
                0x10002128                HAL_I2CEx_ConfigAnalogFilter
 .text.HAL_I2CEx_ConfigDigitalFilter
                0x100021be       0x98 ./Drivers/STM32MP1xx_HAL_Driver/stm32mp1xx_hal_i2c_ex.o
                0x100021be                HAL_I2CEx_ConfigDigitalFilter
 *fill*         0x10002256        0x2 
 .text.HAL_IPCC_Init
                0x10002258       0x64 ./Drivers/STM32MP1xx_HAL_Driver/stm32mp1xx_hal_ipcc.o
                0x10002258                HAL_IPCC_Init
 .text.HAL_IPCC_ActivateNotification
                0x100022bc       0x9c ./Drivers/STM32MP1xx_HAL_Driver/stm32mp1xx_hal_ipcc.o
                0x100022bc                HAL_IPCC_ActivateNotification
 .text.HAL_IPCC_GetChannelStatus
                0x10002358       0x68 ./Drivers/STM32MP1xx_HAL_Driver/stm32mp1xx_hal_ipcc.o
                0x10002358                HAL_IPCC_GetChannelStatus
 .text.HAL_IPCC_NotifyCPU
                0x100023c0       0x8c ./Drivers/STM32MP1xx_HAL_Driver/stm32mp1xx_hal_ipcc.o
                0x100023c0                HAL_IPCC_NotifyCPU
 .text.HAL_IPCC_TX_IRQHandler
                0x1000244c       0x9c ./Drivers/STM32MP1xx_HAL_Driver/stm32mp1xx_hal_ipcc.o
                0x1000244c                HAL_IPCC_TX_IRQHandler
 .text.HAL_IPCC_RX_IRQHandler
                0x100024e8       0x98 ./Drivers/STM32MP1xx_HAL_Driver/stm32mp1xx_hal_ipcc.o
                0x100024e8                HAL_IPCC_RX_IRQHandler
 .text.HAL_IPCC_RxCallback
                0x10002580       0x1a ./Drivers/STM32MP1xx_HAL_Driver/stm32mp1xx_hal_ipcc.o
                0x10002580                HAL_IPCC_RxCallback
 .text.HAL_IPCC_TxCallback
                0x1000259a       0x1a ./Drivers/STM32MP1xx_HAL_Driver/stm32mp1xx_hal_ipcc.o
                0x1000259a                HAL_IPCC_TxCallback
 .text.IPCC_UnmaskInterrupt
                0x100025b4       0x5c ./Drivers/STM32MP1xx_HAL_Driver/stm32mp1xx_hal_ipcc.o
                0x100025b4                IPCC_UnmaskInterrupt
 .text.IPCC_SetDefaultCallbacks
                0x10002610       0x4c ./Drivers/STM32MP1xx_HAL_Driver/stm32mp1xx_hal_ipcc.o
                0x10002610                IPCC_SetDefaultCallbacks
 .text.IPCC_Reset_Register
                0x1000265c       0x28 ./Drivers/STM32MP1xx_HAL_Driver/stm32mp1xx_hal_ipcc.o
                0x1000265c                IPCC_Reset_Register
 .text.HAL_RCC_OscConfig
                0x10002684      0x664 ./Drivers/STM32MP1xx_HAL_Driver/stm32mp1xx_hal_rcc.o
                0x10002684                HAL_RCC_OscConfig
 .text.HAL_RCC_HSEConfig
                0x10002ce8       0xd6 ./Drivers/STM32MP1xx_HAL_Driver/stm32mp1xx_hal_rcc.o
                0x10002ce8                HAL_RCC_HSEConfig
 .text.HAL_RCC_LSEConfig
                0x10002dbe       0xfa ./Drivers/STM32MP1xx_HAL_Driver/stm32mp1xx_hal_rcc.o
                0x10002dbe                HAL_RCC_LSEConfig
 .text.RCC_PLL1_Config
                0x10002eb8      0x308 ./Drivers/STM32MP1xx_HAL_Driver/stm32mp1xx_hal_rcc.o
                0x10002eb8                RCC_PLL1_Config
 .text.HAL_RCC_ClockConfig
                0x100031c0      0x224 ./Drivers/STM32MP1xx_HAL_Driver/stm32mp1xx_hal_rcc.o
                0x100031c0                HAL_RCC_ClockConfig
 .text.RCC_MPUConfig
                0x100033e4       0xec ./Drivers/STM32MP1xx_HAL_Driver/stm32mp1xx_hal_rcc.o
                0x100033e4                RCC_MPUConfig
 .text.RCC_AXISSConfig
                0x100034d0      0x12e ./Drivers/STM32MP1xx_HAL_Driver/stm32mp1xx_hal_rcc.o
                0x100034d0                RCC_AXISSConfig
 *fill*         0x100035fe        0x2 
 .text.RCC_MCUConfig
                0x10003600      0x150 ./Drivers/STM32MP1xx_HAL_Driver/stm32mp1xx_hal_rcc.o
                0x10003600                RCC_MCUConfig
 .text.HAL_RCC_GetPLL3ClockFreq
                0x10003750      0x1f4 ./Drivers/STM32MP1xx_HAL_Driver/stm32mp1xx_hal_rcc.o
                0x10003750                HAL_RCC_GetPLL3ClockFreq
 .text.HAL_RCC_GetMCUFreq
                0x10003944       0x36 ./Drivers/STM32MP1xx_HAL_Driver/stm32mp1xx_hal_rcc.o
                0x10003944                HAL_RCC_GetMCUFreq
 .text.HAL_RCC_GetSystemCoreClockFreq
                0x1000397a        0xe ./Drivers/STM32MP1xx_HAL_Driver/stm32mp1xx_hal_rcc.o
                0x1000397a                HAL_RCC_GetSystemCoreClockFreq
 .text.HAL_RCC_GetMCUSSFreq
                0x10003988       0x74 ./Drivers/STM32MP1xx_HAL_Driver/stm32mp1xx_hal_rcc.o
                0x10003988                HAL_RCC_GetMCUSSFreq
 .text.HAL_RCC_WAKEUP_IRQHandler
                0x100039fc       0x2a ./Drivers/STM32MP1xx_HAL_Driver/stm32mp1xx_hal_rcc.o
                0x100039fc                HAL_RCC_WAKEUP_IRQHandler
 .text.HAL_RCC_WAKEUP_Callback
                0x10003a26        0xe ./Drivers/STM32MP1xx_HAL_Driver/stm32mp1xx_hal_rcc.o
                0x10003a26                HAL_RCC_WAKEUP_Callback
 .text.RCCEx_PLL2_Config
                0x10003a34      0x304 ./Drivers/STM32MP1xx_HAL_Driver/stm32mp1xx_hal_rcc_ex.o
                0x10003a34                RCCEx_PLL2_Config
 .text.RCCEx_PLL3_Config
                0x10003d38      0x2d4 ./Drivers/STM32MP1xx_HAL_Driver/stm32mp1xx_hal_rcc_ex.o
                0x10003d38                RCCEx_PLL3_Config
 .text.RCCEx_PLL4_Config
                0x1000400c      0x2b0 ./Drivers/STM32MP1xx_HAL_Driver/stm32mp1xx_hal_rcc_ex.o
                0x1000400c                RCCEx_PLL4_Config
 .text.HAL_RCCEx_PeriphCLKConfig
                0x100042bc     0x1d28 ./Drivers/STM32MP1xx_HAL_Driver/stm32mp1xx_hal_rcc_ex.o
                0x100042bc                HAL_RCCEx_PeriphCLKConfig
 .text.HAL_TIM_Base_Init
                0x10005fe4       0x56 ./Drivers/STM32MP1xx_HAL_Driver/stm32mp1xx_hal_tim.o
                0x10005fe4                HAL_TIM_Base_Init
 *fill*         0x1000603a        0x2 
 .text.HAL_TIM_Base_Start_IT
                0x1000603c       0x54 ./Drivers/STM32MP1xx_HAL_Driver/stm32mp1xx_hal_tim.o
                0x1000603c                HAL_TIM_Base_Start_IT
 .text.HAL_TIM_PWM_Init
                0x10006090       0x56 ./Drivers/STM32MP1xx_HAL_Driver/stm32mp1xx_hal_tim.o
                0x10006090                HAL_TIM_PWM_Init
 *fill*         0x100060e6        0x2 
 .text.HAL_TIM_PWM_Start
                0x100060e8       0xac ./Drivers/STM32MP1xx_HAL_Driver/stm32mp1xx_hal_tim.o
                0x100060e8                HAL_TIM_PWM_Start
 .text.HAL_TIM_IRQHandler
                0x10006194      0x23e ./Drivers/STM32MP1xx_HAL_Driver/stm32mp1xx_hal_tim.o
                0x10006194                HAL_TIM_IRQHandler
 *fill*         0x100063d2        0x2 
 .text.HAL_TIM_PWM_ConfigChannel
                0x100063d4      0x230 ./Drivers/STM32MP1xx_HAL_Driver/stm32mp1xx_hal_tim.o
                0x100063d4                HAL_TIM_PWM_ConfigChannel
 .text.HAL_TIM_ConfigClockSource
                0x10006604      0x18c ./Drivers/STM32MP1xx_HAL_Driver/stm32mp1xx_hal_tim.o
                0x10006604                HAL_TIM_ConfigClockSource
 .text.HAL_TIM_OC_DelayElapsedCallback
                0x10006790       0x14 ./Drivers/STM32MP1xx_HAL_Driver/stm32mp1xx_hal_tim.o
                0x10006790                HAL_TIM_OC_DelayElapsedCallback
 .text.HAL_TIM_IC_CaptureCallback
                0x100067a4       0x14 ./Drivers/STM32MP1xx_HAL_Driver/stm32mp1xx_hal_tim.o
                0x100067a4                HAL_TIM_IC_CaptureCallback
 .text.HAL_TIM_PWM_PulseFinishedCallback
                0x100067b8       0x14 ./Drivers/STM32MP1xx_HAL_Driver/stm32mp1xx_hal_tim.o
                0x100067b8                HAL_TIM_PWM_PulseFinishedCallback
 .text.HAL_TIM_TriggerCallback
                0x100067cc       0x14 ./Drivers/STM32MP1xx_HAL_Driver/stm32mp1xx_hal_tim.o
                0x100067cc                HAL_TIM_TriggerCallback
 .text.TIM_Base_SetConfig
                0x100067e0      0x130 ./Drivers/STM32MP1xx_HAL_Driver/stm32mp1xx_hal_tim.o
                0x100067e0                TIM_Base_SetConfig
 .text.TIM_OC1_SetConfig
                0x10006910      0x11c ./Drivers/STM32MP1xx_HAL_Driver/stm32mp1xx_hal_tim.o
 .text.TIM_OC2_SetConfig
                0x10006a2c      0x110 ./Drivers/STM32MP1xx_HAL_Driver/stm32mp1xx_hal_tim.o
                0x10006a2c                TIM_OC2_SetConfig
 .text.TIM_OC3_SetConfig
                0x10006b3c      0x10c ./Drivers/STM32MP1xx_HAL_Driver/stm32mp1xx_hal_tim.o
 .text.TIM_OC4_SetConfig
                0x10006c48       0xd0 ./Drivers/STM32MP1xx_HAL_Driver/stm32mp1xx_hal_tim.o
 .text.TIM_OC5_SetConfig
                0x10006d18       0xc4 ./Drivers/STM32MP1xx_HAL_Driver/stm32mp1xx_hal_tim.o
 .text.TIM_OC6_SetConfig
                0x10006ddc       0xc8 ./Drivers/STM32MP1xx_HAL_Driver/stm32mp1xx_hal_tim.o
 .text.TIM_TI1_ConfigInputStage
                0x10006ea4       0x5e ./Drivers/STM32MP1xx_HAL_Driver/stm32mp1xx_hal_tim.o
 .text.TIM_TI2_ConfigInputStage
                0x10006f02       0x60 ./Drivers/STM32MP1xx_HAL_Driver/stm32mp1xx_hal_tim.o
 .text.TIM_ITRx_SetConfig
                0x10006f62       0x3a ./Drivers/STM32MP1xx_HAL_Driver/stm32mp1xx_hal_tim.o
 .text.TIM_ETR_SetConfig
                0x10006f9c       0x40 ./Drivers/STM32MP1xx_HAL_Driver/stm32mp1xx_hal_tim.o
                0x10006f9c                TIM_ETR_SetConfig
 .text.TIM_CCxChannelCmd
                0x10006fdc       0x4a ./Drivers/STM32MP1xx_HAL_Driver/stm32mp1xx_hal_tim.o
                0x10006fdc                TIM_CCxChannelCmd
 *fill*         0x10007026        0x2 
 .text.HAL_TIMEx_MasterConfigSynchronization
                0x10007028       0xb4 ./Drivers/STM32MP1xx_HAL_Driver/stm32mp1xx_hal_tim_ex.o
                0x10007028                HAL_TIMEx_MasterConfigSynchronization
 .text.HAL_TIMEx_CommutCallback
                0x100070dc       0x14 ./Drivers/STM32MP1xx_HAL_Driver/stm32mp1xx_hal_tim_ex.o
                0x100070dc                HAL_TIMEx_CommutCallback
 .text.HAL_TIMEx_BreakCallback
                0x100070f0       0x14 ./Drivers/STM32MP1xx_HAL_Driver/stm32mp1xx_hal_tim_ex.o
                0x100070f0                HAL_TIMEx_BreakCallback
 .text.HAL_TIMEx_Break2Callback
                0x10007104       0x14 ./Drivers/STM32MP1xx_HAL_Driver/stm32mp1xx_hal_tim_ex.o
                0x10007104                HAL_TIMEx_Break2Callback
 .text.metal_list_init
                0x10007118       0x20 ./Middlewares/Third_Party/OpenAMP/device.o
 .text.metal_list_add_before
                0x10007138       0x34 ./Middlewares/Third_Party/OpenAMP/device.o
 .text.metal_list_add_tail
                0x1000716c       0x1a ./Middlewares/Third_Party/OpenAMP/device.o
 .text.__metal_cache_flush
                0x10007186       0x1a ./Middlewares/Third_Party/OpenAMP/device.o
 .text.__metal_cache_invalidate
                0x100071a0       0x1a ./Middlewares/Third_Party/OpenAMP/device.o
 .text.metal_cache_flush
                0x100071ba       0x1a ./Middlewares/Third_Party/OpenAMP/device.o
 .text.metal_cache_invalidate
                0x100071d4       0x1a ./Middlewares/Third_Party/OpenAMP/device.o
 *fill*         0x100071ee        0x2 
 .text.metal_bus_register
                0x100071f0       0x88 ./Middlewares/Third_Party/OpenAMP/device.o
                0x100071f0                metal_bus_register
 .text.metal_bus_find
                0x10007278       0x5c ./Middlewares/Third_Party/OpenAMP/device.o
                0x10007278                metal_bus_find
 .text.metal_device_open
                0x100072d4       0x7c ./Middlewares/Third_Party/OpenAMP/device.o
                0x100072d4                metal_device_open
 .text.metal_register_generic_device
                0x10007350       0x4c ./Middlewares/Third_Party/OpenAMP/device.o
                0x10007350                metal_register_generic_device
 .text.metal_generic_dev_open
                0x1000739c       0x60 ./Middlewares/Third_Party/OpenAMP/device.o
                0x1000739c                metal_generic_dev_open
 .text.metal_generic_dev_dma_map
                0x100073fc       0xa2 ./Middlewares/Third_Party/OpenAMP/device.o
                0x100073fc                metal_generic_dev_dma_map
 .text.metal_generic_dev_dma_unmap
                0x1000749e       0x56 ./Middlewares/Third_Party/OpenAMP/device.o
                0x1000749e                metal_generic_dev_dma_unmap
 .text.metal_generic_dev_sys_open
                0x100074f4       0x4e ./Middlewares/Third_Party/OpenAMP/generic_device.o
                0x100074f4                metal_generic_dev_sys_open
 *fill*         0x10007542        0x2 
 .text.metal_sys_init
                0x10007544       0x1c ./Middlewares/Third_Party/OpenAMP/generic_init.o
                0x10007544                metal_sys_init
 .text.metal_sys_io_mem_map
                0x10007560       0x7c ./Middlewares/Third_Party/OpenAMP/generic_io.o
                0x10007560                metal_sys_io_mem_map
 .text.metal_list_init
                0x100075dc       0x20 ./Middlewares/Third_Party/OpenAMP/init.o
 .text.metal_init
                0x100075fc       0x64 ./Middlewares/Third_Party/OpenAMP/init.o
                0x100075fc                metal_init
 .text.metal_io_virt
                0x10007660       0x38 ./Middlewares/Third_Party/OpenAMP/io.o
 .text.metal_io_init
                0x10007698       0x9a ./Middlewares/Third_Party/OpenAMP/io.o
                0x10007698                metal_io_init
 .text.metal_io_block_read
                0x10007732       0xea ./Middlewares/Third_Party/OpenAMP/io.o
                0x10007732                metal_io_block_read
 .text.metal_io_block_write
                0x1000781c       0xe8 ./Middlewares/Third_Party/OpenAMP/io.o
                0x1000781c                metal_io_block_write
 .text.metal_default_log_handler
                0x10007904       0x1a ./Middlewares/Third_Party/OpenAMP/log.o
                0x10007904                metal_default_log_handler
 .text.metal_io_virt
                0x1000791e       0x38 ./Middlewares/Third_Party/OpenAMP/remoteproc_virtio.o
 .text.metal_io_virt_to_offset
                0x10007956       0x32 ./Middlewares/Third_Party/OpenAMP/remoteproc_virtio.o
 .text.metal_io_read
                0x10007988      0x104 ./Middlewares/Third_Party/OpenAMP/remoteproc_virtio.o
 .text.metal_allocate_memory
                0x10007a8c       0x18 ./Middlewares/Third_Party/OpenAMP/remoteproc_virtio.o
 .text.metal_free_memory
                0x10007aa4       0x16 ./Middlewares/Third_Party/OpenAMP/remoteproc_virtio.o
 .text.virtqueue_allocate
                0x10007aba       0x32 ./Middlewares/Third_Party/OpenAMP/remoteproc_virtio.o
 .text.rproc_virtio_virtqueue_notify
                0x10007aec       0x68 ./Middlewares/Third_Party/OpenAMP/remoteproc_virtio.o
 .text.rproc_virtio_get_status
                0x10007b54       0x44 ./Middlewares/Third_Party/OpenAMP/remoteproc_virtio.o
 .text.rproc_virtio_get_dfeatures
                0x10007b98       0x44 ./Middlewares/Third_Party/OpenAMP/remoteproc_virtio.o
 .text.rproc_virtio_get_features
                0x10007bdc       0x50 ./Middlewares/Third_Party/OpenAMP/remoteproc_virtio.o
 .text.rproc_virtio_read_config
                0x10007c2c       0x66 ./Middlewares/Third_Party/OpenAMP/remoteproc_virtio.o
 *fill*         0x10007c92        0x2 
 .text.rproc_virtio_create_vdev
                0x10007c94      0x15c ./Middlewares/Third_Party/OpenAMP/remoteproc_virtio.o
                0x10007c94                rproc_virtio_create_vdev
 .text.rproc_virtio_init_vring
                0x10007df0       0x62 ./Middlewares/Third_Party/OpenAMP/remoteproc_virtio.o
                0x10007df0                rproc_virtio_init_vring
 .text.rproc_virtio_notified
                0x10007e52       0x78 ./Middlewares/Third_Party/OpenAMP/remoteproc_virtio.o
                0x10007e52                rproc_virtio_notified
 .text.rproc_virtio_wait_remote_ready
                0x10007eca       0x32 ./Middlewares/Third_Party/OpenAMP/remoteproc_virtio.o
                0x10007eca                rproc_virtio_wait_remote_ready
 .text.__metal_mutex_acquire
                0x10007efc       0x5e ./Middlewares/Third_Party/OpenAMP/rpmsg.o
 .text.__metal_mutex_release
                0x10007f5a       0x2c ./Middlewares/Third_Party/OpenAMP/rpmsg.o
 .text.metal_mutex_acquire
                0x10007f86       0x16 ./Middlewares/Third_Party/OpenAMP/rpmsg.o
 .text.metal_mutex_release
                0x10007f9c       0x16 ./Middlewares/Third_Party/OpenAMP/rpmsg.o
 .text.metal_list_add_before
                0x10007fb2       0x34 ./Middlewares/Third_Party/OpenAMP/rpmsg.o
 .text.metal_list_add_tail
                0x10007fe6       0x1a ./Middlewares/Third_Party/OpenAMP/rpmsg.o
 .text.metal_list_del
                0x10008000       0x34 ./Middlewares/Third_Party/OpenAMP/rpmsg.o
 .text.metal_bitmap_set_bit
                0x10008034       0x38 ./Middlewares/Third_Party/OpenAMP/rpmsg.o
 .text.metal_bitmap_is_bit_set
                0x1000806c       0x3a ./Middlewares/Third_Party/OpenAMP/rpmsg.o
 .text.metal_bitmap_clear_bit
                0x100080a6       0x3a ./Middlewares/Third_Party/OpenAMP/rpmsg.o
 .text.metal_bitmap_is_bit_clear
                0x100080e0       0x26 ./Middlewares/Third_Party/OpenAMP/rpmsg.o
 .text.metal_bitmap_next_clear_bit
                0x10008106       0x3a ./Middlewares/Third_Party/OpenAMP/rpmsg.o
 .text.rpmsg_initialize_ept
                0x10008140       0x48 ./Middlewares/Third_Party/OpenAMP/rpmsg.o
 .text.rpmsg_get_address
                0x10008188       0x42 ./Middlewares/Third_Party/OpenAMP/rpmsg.o
 .text.rpmsg_release_address
                0x100081ca       0x32 ./Middlewares/Third_Party/OpenAMP/rpmsg.o
 .text.rpmsg_is_address_set
                0x100081fc       0x3c ./Middlewares/Third_Party/OpenAMP/rpmsg.o
 .text.rpmsg_set_address
                0x10008238       0x3c ./Middlewares/Third_Party/OpenAMP/rpmsg.o
 .text.rpmsg_send_offchannel_raw
                0x10008274       0x64 ./Middlewares/Third_Party/OpenAMP/rpmsg.o
                0x10008274                rpmsg_send_offchannel_raw
 .text.rpmsg_send_ns_message
                0x100082d8       0x50 ./Middlewares/Third_Party/OpenAMP/rpmsg.o
                0x100082d8                rpmsg_send_ns_message
 .text.rpmsg_get_endpoint
                0x10008328       0xc0 ./Middlewares/Third_Party/OpenAMP/rpmsg.o
                0x10008328                rpmsg_get_endpoint
 .text.rpmsg_unregister_endpoint
                0x100083e8       0x56 ./Middlewares/Third_Party/OpenAMP/rpmsg.o
 .text.rpmsg_register_endpoint
                0x1000843e       0x26 ./Middlewares/Third_Party/OpenAMP/rpmsg.o
                0x1000843e                rpmsg_register_endpoint
 .text.rpmsg_create_ept
                0x10008464      0x104 ./Middlewares/Third_Party/OpenAMP/rpmsg.o
                0x10008464                rpmsg_create_ept
 .text.__metal_sleep_usec
                0x10008568       0x16 ./Middlewares/Third_Party/OpenAMP/rpmsg_virtio.o
 .text.metal_sleep_usec
                0x1000857e       0x18 ./Middlewares/Third_Party/OpenAMP/rpmsg_virtio.o
 .text.metal_list_init
                0x10008596       0x20 ./Middlewares/Third_Party/OpenAMP/rpmsg_virtio.o
 .text.metal_io_virt_to_offset
                0x100085b6       0x32 ./Middlewares/Third_Party/OpenAMP/rpmsg_virtio.o
 .text.__metal_mutex_init
                0x100085e8       0x2c ./Middlewares/Third_Party/OpenAMP/rpmsg_virtio.o
 .text.__metal_mutex_acquire
                0x10008614       0x5e ./Middlewares/Third_Party/OpenAMP/rpmsg_virtio.o
 .text.__metal_mutex_release
                0x10008672       0x2c ./Middlewares/Third_Party/OpenAMP/rpmsg_virtio.o
 .text.metal_mutex_init
                0x1000869e       0x16 ./Middlewares/Third_Party/OpenAMP/rpmsg_virtio.o
 .text.metal_mutex_acquire
                0x100086b4       0x16 ./Middlewares/Third_Party/OpenAMP/rpmsg_virtio.o
 .text.metal_mutex_release
                0x100086ca       0x16 ./Middlewares/Third_Party/OpenAMP/rpmsg_virtio.o
 .text.rpmsg_virtio_get_role
                0x100086e0       0x1a ./Middlewares/Third_Party/OpenAMP/rpmsg_virtio.o
 .text.rpmsg_virtio_set_status
                0x100086fa       0x26 ./Middlewares/Third_Party/OpenAMP/rpmsg_virtio.o
 .text.rpmsg_virtio_get_status
                0x10008720       0x22 ./Middlewares/Third_Party/OpenAMP/rpmsg_virtio.o
 .text.rpmsg_virtio_get_features
                0x10008742       0x22 ./Middlewares/Third_Party/OpenAMP/rpmsg_virtio.o
 .text.rpmsg_virtio_create_virtqueues
                0x10008764       0x2a ./Middlewares/Third_Party/OpenAMP/rpmsg_virtio.o
 *fill*         0x1000878e        0x2 
 .text.rpmsg_initialize_ept
                0x10008790       0x48 ./Middlewares/Third_Party/OpenAMP/rpmsg_virtio.o
 .text.rpmsg_get_ept_from_addr
                0x100087d8       0x22 ./Middlewares/Third_Party/OpenAMP/rpmsg_virtio.o
 .text.rpmsg_virtio_init_shm_pool
                0x100087fa       0x32 ./Middlewares/Third_Party/OpenAMP/rpmsg_virtio.o
                0x100087fa                rpmsg_virtio_init_shm_pool
 .text.rpmsg_virtio_return_buffer
                0x1000882c       0x32 ./Middlewares/Third_Party/OpenAMP/rpmsg_virtio.o
 .text.rpmsg_virtio_enqueue_buffer
                0x1000885e       0x3a ./Middlewares/Third_Party/OpenAMP/rpmsg_virtio.o
 .text.rpmsg_virtio_get_tx_buffer
                0x10008898       0x3a ./Middlewares/Third_Party/OpenAMP/rpmsg_virtio.o
 .text.rpmsg_virtio_get_rx_buffer
                0x100088d2       0x38 ./Middlewares/Third_Party/OpenAMP/rpmsg_virtio.o
 .text.rpmsg_virtio_wait_remote_ready
                0x1000890a       0x3a ./Middlewares/Third_Party/OpenAMP/rpmsg_virtio.o
 .text.rpmsg_virtio_hold_rx_buffer
                0x10008944       0x28 ./Middlewares/Third_Party/OpenAMP/rpmsg_virtio.o
 .text.rpmsg_virtio_release_rx_buffer
                0x1000896c       0x52 ./Middlewares/Third_Party/OpenAMP/rpmsg_virtio.o
 .text.rpmsg_virtio_get_tx_payload_buffer
                0x100089be       0xa4 ./Middlewares/Third_Party/OpenAMP/rpmsg_virtio.o
 *fill*         0x10008a62        0x2 
 .text.rpmsg_virtio_send_offchannel_nocopy
                0x10008a64       0xd8 ./Middlewares/Third_Party/OpenAMP/rpmsg_virtio.o
 .text.rpmsg_virtio_send_offchannel_raw
                0x10008b3c       0x98 ./Middlewares/Third_Party/OpenAMP/rpmsg_virtio.o
 .text.rpmsg_virtio_tx_callback
                0x10008bd4       0x14 ./Middlewares/Third_Party/OpenAMP/rpmsg_virtio.o
 .text.rpmsg_virtio_rx_callback
                0x10008be8      0x124 ./Middlewares/Third_Party/OpenAMP/rpmsg_virtio.o
 .text.rpmsg_virtio_ns_callback
                0x10008d0c       0xe6 ./Middlewares/Third_Party/OpenAMP/rpmsg_virtio.o
 *fill*         0x10008df2        0x2 
 .text.rpmsg_init_vdev
                0x10008df4      0x19c ./Middlewares/Third_Party/OpenAMP/rpmsg_virtio.o
                0x10008df4                rpmsg_init_vdev
 .text.metal_machine_cache_flush
                0x10008f90       0x16 ./Middlewares/Third_Party/OpenAMP/sys.o
                0x10008f90                metal_machine_cache_flush
 .text.metal_machine_cache_invalidate
                0x10008fa6       0x16 ./Middlewares/Third_Party/OpenAMP/sys.o
                0x10008fa6                metal_machine_cache_invalidate
 .text.metal_machine_io_mem_map
                0x10008fbc       0x1c ./Middlewares/Third_Party/OpenAMP/sys.o
                0x10008fbc                metal_machine_io_mem_map
 .text.rpmsg_send
                0x10008fd8       0x2e ./Middlewares/Third_Party/OpenAMP/virt_uart.o
 .text.VIRT_UART_read_cb
                0x10009006       0x3c ./Middlewares/Third_Party/OpenAMP/virt_uart.o
 *fill*         0x10009042        0x2 
 .text.VIRT_UART_Init
                0x10009044       0x38 ./Middlewares/Third_Party/OpenAMP/virt_uart.o
                0x10009044                VIRT_UART_Init
 .text.VIRT_UART_RegisterCallback
                0x1000907c       0x34 ./Middlewares/Third_Party/OpenAMP/virt_uart.o
                0x1000907c                VIRT_UART_RegisterCallback
 .text.VIRT_UART_Transmit
                0x100090b0       0x3c ./Middlewares/Third_Party/OpenAMP/virt_uart.o
                0x100090b0                VIRT_UART_Transmit
 .text.virtio_create_virtqueues
                0x100090ec       0x9c ./Middlewares/Third_Party/OpenAMP/virtio.o
                0x100090ec                virtio_create_virtqueues
 .text.vring_init
                0x10009188       0x52 ./Middlewares/Third_Party/OpenAMP/virtqueue.o
 .text.vring_need_event
                0x100091da       0x3c ./Middlewares/Third_Party/OpenAMP/virtqueue.o
 .text.metal_io_virt
                0x10009216       0x38 ./Middlewares/Third_Party/OpenAMP/virtqueue.o
 .text.metal_io_phys
                0x1000924e       0x6e ./Middlewares/Third_Party/OpenAMP/virtqueue.o
 .text.metal_io_phys_to_offset
                0x100092bc       0x76 ./Middlewares/Third_Party/OpenAMP/virtqueue.o
 .text.metal_io_phys_to_virt
                0x10009332       0x26 ./Middlewares/Third_Party/OpenAMP/virtqueue.o
 .text.virtqueue_phys_to_virt
                0x10009358       0x22 ./Middlewares/Third_Party/OpenAMP/virtqueue.o
 .text.virtqueue_create
                0x1000937a       0x62 ./Middlewares/Third_Party/OpenAMP/virtqueue.o
                0x1000937a                virtqueue_create
 .text.virtqueue_get_buffer_length
                0x100093dc       0x24 ./Middlewares/Third_Party/OpenAMP/virtqueue.o
                0x100093dc                virtqueue_get_buffer_length
 .text.virtqueue_get_available_buffer
                0x10009400       0x90 ./Middlewares/Third_Party/OpenAMP/virtqueue.o
                0x10009400                virtqueue_get_available_buffer
 .text.virtqueue_add_consumed_buffer
                0x10009490       0x84 ./Middlewares/Third_Party/OpenAMP/virtqueue.o
                0x10009490                virtqueue_add_consumed_buffer
 .text.virtqueue_disable_cb
                0x10009514       0x70 ./Middlewares/Third_Party/OpenAMP/virtqueue.o
                0x10009514                virtqueue_disable_cb
 .text.virtqueue_kick
                0x10009584       0x2c ./Middlewares/Third_Party/OpenAMP/virtqueue.o
                0x10009584                virtqueue_kick
 .text.vq_ring_init
                0x100095b0       0x2c ./Middlewares/Third_Party/OpenAMP/virtqueue.o
 .text.virtqueue_notification
                0x100095dc       0x24 ./Middlewares/Third_Party/OpenAMP/virtqueue.o
                0x100095dc                virtqueue_notification
 .text.vq_ring_must_notify
                0x10009600       0x9c ./Middlewares/Third_Party/OpenAMP/virtqueue.o
 .text.vq_ring_notify
                0x1000969c       0x20 ./Middlewares/Third_Party/OpenAMP/virtqueue.o
 .text.MAILBOX_Init
                0x100096bc       0x48 ./OPENAMP/mbox_ipcc.o
                0x100096bc                MAILBOX_Init
 .text.MAILBOX_Poll
                0x10009704       0x54 ./OPENAMP/mbox_ipcc.o
                0x10009704                MAILBOX_Poll
 .text.MAILBOX_Notify
                0x10009758       0x64 ./OPENAMP/mbox_ipcc.o
                0x10009758                MAILBOX_Notify
 .text.IPCC_channel1_callback
                0x100097bc       0x2c ./OPENAMP/mbox_ipcc.o
                0x100097bc                IPCC_channel1_callback
 .text.IPCC_channel2_callback
                0x100097e8       0x2c ./OPENAMP/mbox_ipcc.o
                0x100097e8                IPCC_channel2_callback
 .text.metal_device_io_region
                0x10009814       0x36 ./OPENAMP/openamp.o
 *fill*         0x1000984a        0x2 
 .text.OPENAMP_shmem_init
                0x1000984c      0x140 ./OPENAMP/openamp.o
 .text.MX_OPENAMP_Init
                0x1000998c      0x128 ./OPENAMP/openamp.o
                0x1000998c                MX_OPENAMP_Init
 .text.OPENAMP_create_endpoint
                0x10009ab4       0x3c ./OPENAMP/openamp.o
                0x10009ab4                OPENAMP_create_endpoint
 .text.OPENAMP_check_for_message
                0x10009af0       0x18 ./OPENAMP/openamp.o
                0x10009af0                OPENAMP_check_for_message
 .text.resource_table_init
                0x10009b08       0x28 ./OPENAMP/rsc_table.o
                0x10009b08                resource_table_init
 .text.__assert_func
                0x10009b30       0x3c /opt/st/stm32cubeide_1.19.0/plugins/com.st.stm32cube.ide.mcu.externaltools.gnu-tools-for-stm32.13.3.rel1.linux64_1.0.0.202410170706/tools/bin/../lib/gcc/arm-none-eabi/13.3.1/../../../../arm-none-eabi/lib/thumb/v7e-m+fp/hard/libc_nano.a(libc_a-assert.o)
                0x10009b30                __assert_func
 .text.malloc   0x10009b6c       0x10 /opt/st/stm32cubeide_1.19.0/plugins/com.st.stm32cube.ide.mcu.externaltools.gnu-tools-for-stm32.13.3.rel1.linux64_1.0.0.202410170706/tools/bin/../lib/gcc/arm-none-eabi/13.3.1/../../../../arm-none-eabi/lib/thumb/v7e-m+fp/hard/libc_nano.a(libc_a-malloc.o)
                0x10009b6c                malloc
 .text.free     0x10009b7c       0x10 /opt/st/stm32cubeide_1.19.0/plugins/com.st.stm32cube.ide.mcu.externaltools.gnu-tools-for-stm32.13.3.rel1.linux64_1.0.0.202410170706/tools/bin/../lib/gcc/arm-none-eabi/13.3.1/../../../../arm-none-eabi/lib/thumb/v7e-m+fp/hard/libc_nano.a(libc_a-malloc.o)
                0x10009b7c                free
 .text.sbrk_aligned
                0x10009b8c       0x44 /opt/st/stm32cubeide_1.19.0/plugins/com.st.stm32cube.ide.mcu.externaltools.gnu-tools-for-stm32.13.3.rel1.linux64_1.0.0.202410170706/tools/bin/../lib/gcc/arm-none-eabi/13.3.1/../../../../arm-none-eabi/lib/thumb/v7e-m+fp/hard/libc_nano.a(libc_a-mallocr.o)
 .text._malloc_r
                0x10009bd0      0x100 /opt/st/stm32cubeide_1.19.0/plugins/com.st.stm32cube.ide.mcu.externaltools.gnu-tools-for-stm32.13.3.rel1.linux64_1.0.0.202410170706/tools/bin/../lib/gcc/arm-none-eabi/13.3.1/../../../../arm-none-eabi/lib/thumb/v7e-m+fp/hard/libc_nano.a(libc_a-mallocr.o)
                0x10009bd0                _malloc_r
 .text.__malloc_lock
                0x10009cd0        0xc /opt/st/stm32cubeide_1.19.0/plugins/com.st.stm32cube.ide.mcu.externaltools.gnu-tools-for-stm32.13.3.rel1.linux64_1.0.0.202410170706/tools/bin/../lib/gcc/arm-none-eabi/13.3.1/../../../../arm-none-eabi/lib/thumb/v7e-m+fp/hard/libc_nano.a(libc_a-mlock.o)
                0x10009cd0                __malloc_lock
 .text.__malloc_unlock
                0x10009cdc        0xc /opt/st/stm32cubeide_1.19.0/plugins/com.st.stm32cube.ide.mcu.externaltools.gnu-tools-for-stm32.13.3.rel1.linux64_1.0.0.202410170706/tools/bin/../lib/gcc/arm-none-eabi/13.3.1/../../../../arm-none-eabi/lib/thumb/v7e-m+fp/hard/libc_nano.a(libc_a-mlock.o)
                0x10009cdc                __malloc_unlock
 .text.std      0x10009ce8       0x6c /opt/st/stm32cubeide_1.19.0/plugins/com.st.stm32cube.ide.mcu.externaltools.gnu-tools-for-stm32.13.3.rel1.linux64_1.0.0.202410170706/tools/bin/../lib/gcc/arm-none-eabi/13.3.1/../../../../arm-none-eabi/lib/thumb/v7e-m+fp/hard/libc_nano.a(libc_a-findfp.o)
 .text.stdio_exit_handler
                0x10009d54       0x18 /opt/st/stm32cubeide_1.19.0/plugins/com.st.stm32cube.ide.mcu.externaltools.gnu-tools-for-stm32.13.3.rel1.linux64_1.0.0.202410170706/tools/bin/../lib/gcc/arm-none-eabi/13.3.1/../../../../arm-none-eabi/lib/thumb/v7e-m+fp/hard/libc_nano.a(libc_a-findfp.o)
 .text.cleanup_stdio
                0x10009d6c       0x40 /opt/st/stm32cubeide_1.19.0/plugins/com.st.stm32cube.ide.mcu.externaltools.gnu-tools-for-stm32.13.3.rel1.linux64_1.0.0.202410170706/tools/bin/../lib/gcc/arm-none-eabi/13.3.1/../../../../arm-none-eabi/lib/thumb/v7e-m+fp/hard/libc_nano.a(libc_a-findfp.o)
 .text.global_stdio_init.part.0
                0x10009dac       0x3c /opt/st/stm32cubeide_1.19.0/plugins/com.st.stm32cube.ide.mcu.externaltools.gnu-tools-for-stm32.13.3.rel1.linux64_1.0.0.202410170706/tools/bin/../lib/gcc/arm-none-eabi/13.3.1/../../../../arm-none-eabi/lib/thumb/v7e-m+fp/hard/libc_nano.a(libc_a-findfp.o)
 .text.__sfp_lock_acquire
                0x10009de8        0xc /opt/st/stm32cubeide_1.19.0/plugins/com.st.stm32cube.ide.mcu.externaltools.gnu-tools-for-stm32.13.3.rel1.linux64_1.0.0.202410170706/tools/bin/../lib/gcc/arm-none-eabi/13.3.1/../../../../arm-none-eabi/lib/thumb/v7e-m+fp/hard/libc_nano.a(libc_a-findfp.o)
                0x10009de8                __sfp_lock_acquire
 .text.__sfp_lock_release
                0x10009df4        0xc /opt/st/stm32cubeide_1.19.0/plugins/com.st.stm32cube.ide.mcu.externaltools.gnu-tools-for-stm32.13.3.rel1.linux64_1.0.0.202410170706/tools/bin/../lib/gcc/arm-none-eabi/13.3.1/../../../../arm-none-eabi/lib/thumb/v7e-m+fp/hard/libc_nano.a(libc_a-findfp.o)
                0x10009df4                __sfp_lock_release
 .text.__sinit  0x10009e00       0x30 /opt/st/stm32cubeide_1.19.0/plugins/com.st.stm32cube.ide.mcu.externaltools.gnu-tools-for-stm32.13.3.rel1.linux64_1.0.0.202410170706/tools/bin/../lib/gcc/arm-none-eabi/13.3.1/../../../../arm-none-eabi/lib/thumb/v7e-m+fp/hard/libc_nano.a(libc_a-findfp.o)
                0x10009e00                __sinit
 .text.fprintf  0x10009e30       0x24 /opt/st/stm32cubeide_1.19.0/plugins/com.st.stm32cube.ide.mcu.externaltools.gnu-tools-for-stm32.13.3.rel1.linux64_1.0.0.202410170706/tools/bin/../lib/gcc/arm-none-eabi/13.3.1/../../../../arm-none-eabi/lib/thumb/v7e-m+fp/hard/libc_nano.a(libc_a-fprintf.o)
                0x10009e30                fprintf
                0x10009e30                fiprintf
 .text._fwalk_sglue
                0x10009e54       0x3c /opt/st/stm32cubeide_1.19.0/plugins/com.st.stm32cube.ide.mcu.externaltools.gnu-tools-for-stm32.13.3.rel1.linux64_1.0.0.202410170706/tools/bin/../lib/gcc/arm-none-eabi/13.3.1/../../../../arm-none-eabi/lib/thumb/v7e-m+fp/hard/libc_nano.a(libc_a-fwalk.o)
                0x10009e54                _fwalk_sglue
 .text.printf   0x10009e90       0x24 /opt/st/stm32cubeide_1.19.0/plugins/com.st.stm32cube.ide.mcu.externaltools.gnu-tools-for-stm32.13.3.rel1.linux64_1.0.0.202410170706/tools/bin/../lib/gcc/arm-none-eabi/13.3.1/../../../../arm-none-eabi/lib/thumb/v7e-m+fp/hard/libc_nano.a(libc_a-printf.o)
                0x10009e90                printf
                0x10009e90                iprintf
 .text._puts_r  0x10009eb4       0xaa /opt/st/stm32cubeide_1.19.0/plugins/com.st.stm32cube.ide.mcu.externaltools.gnu-tools-for-stm32.13.3.rel1.linux64_1.0.0.202410170706/tools/bin/../lib/gcc/arm-none-eabi/13.3.1/../../../../arm-none-eabi/lib/thumb/v7e-m+fp/hard/libc_nano.a(libc_a-puts.o)
                0x10009eb4                _puts_r
 *fill*         0x10009f5e        0x2 
 .text.puts     0x10009f60       0x10 /opt/st/stm32cubeide_1.19.0/plugins/com.st.stm32cube.ide.mcu.externaltools.gnu-tools-for-stm32.13.3.rel1.linux64_1.0.0.202410170706/tools/bin/../lib/gcc/arm-none-eabi/13.3.1/../../../../arm-none-eabi/lib/thumb/v7e-m+fp/hard/libc_nano.a(libc_a-puts.o)
                0x10009f60                puts
 .text.snprintf
                0x10009f70       0x6c /opt/st/stm32cubeide_1.19.0/plugins/com.st.stm32cube.ide.mcu.externaltools.gnu-tools-for-stm32.13.3.rel1.linux64_1.0.0.202410170706/tools/bin/../lib/gcc/arm-none-eabi/13.3.1/../../../../arm-none-eabi/lib/thumb/v7e-m+fp/hard/libc_nano.a(libc_a-snprintf.o)
                0x10009f70                snprintf
                0x10009f70                sniprintf
 .text.__sread  0x10009fdc       0x22 /opt/st/stm32cubeide_1.19.0/plugins/com.st.stm32cube.ide.mcu.externaltools.gnu-tools-for-stm32.13.3.rel1.linux64_1.0.0.202410170706/tools/bin/../lib/gcc/arm-none-eabi/13.3.1/../../../../arm-none-eabi/lib/thumb/v7e-m+fp/hard/libc_nano.a(libc_a-stdio.o)
                0x10009fdc                __sread
 .text.__swrite
                0x10009ffe       0x38 /opt/st/stm32cubeide_1.19.0/plugins/com.st.stm32cube.ide.mcu.externaltools.gnu-tools-for-stm32.13.3.rel1.linux64_1.0.0.202410170706/tools/bin/../lib/gcc/arm-none-eabi/13.3.1/../../../../arm-none-eabi/lib/thumb/v7e-m+fp/hard/libc_nano.a(libc_a-stdio.o)
                0x10009ffe                __swrite
 .text.__sseek  0x1000a036       0x24 /opt/st/stm32cubeide_1.19.0/plugins/com.st.stm32cube.ide.mcu.externaltools.gnu-tools-for-stm32.13.3.rel1.linux64_1.0.0.202410170706/tools/bin/../lib/gcc/arm-none-eabi/13.3.1/../../../../arm-none-eabi/lib/thumb/v7e-m+fp/hard/libc_nano.a(libc_a-stdio.o)
                0x1000a036                __sseek
 .text.__sclose
                0x1000a05a        0x8 /opt/st/stm32cubeide_1.19.0/plugins/com.st.stm32cube.ide.mcu.externaltools.gnu-tools-for-stm32.13.3.rel1.linux64_1.0.0.202410170706/tools/bin/../lib/gcc/arm-none-eabi/13.3.1/../../../../arm-none-eabi/lib/thumb/v7e-m+fp/hard/libc_nano.a(libc_a-stdio.o)
                0x1000a05a                __sclose
 .text.__swbuf_r
                0x1000a062       0x7c /opt/st/stm32cubeide_1.19.0/plugins/com.st.stm32cube.ide.mcu.externaltools.gnu-tools-for-stm32.13.3.rel1.linux64_1.0.0.202410170706/tools/bin/../lib/gcc/arm-none-eabi/13.3.1/../../../../arm-none-eabi/lib/thumb/v7e-m+fp/hard/libc_nano.a(libc_a-wbuf.o)
                0x1000a062                __swbuf_r
 *fill*         0x1000a0de        0x2 
 .text.__swsetup_r
                0x1000a0e0       0xac /opt/st/stm32cubeide_1.19.0/plugins/com.st.stm32cube.ide.mcu.externaltools.gnu-tools-for-stm32.13.3.rel1.linux64_1.0.0.202410170706/tools/bin/../lib/gcc/arm-none-eabi/13.3.1/../../../../arm-none-eabi/lib/thumb/v7e-m+fp/hard/libc_nano.a(libc_a-wsetup.o)
                0x1000a0e0                __swsetup_r
 .text.memset   0x1000a18c       0x10 /opt/st/stm32cubeide_1.19.0/plugins/com.st.stm32cube.ide.mcu.externaltools.gnu-tools-for-stm32.13.3.rel1.linux64_1.0.0.202410170706/tools/bin/../lib/gcc/arm-none-eabi/13.3.1/../../../../arm-none-eabi/lib/thumb/v7e-m+fp/hard/libc_nano.a(libc_a-memset.o)
                0x1000a18c                memset
 .text.strncmp  0x1000a19c       0x24 /opt/st/stm32cubeide_1.19.0/plugins/com.st.stm32cube.ide.mcu.externaltools.gnu-tools-for-stm32.13.3.rel1.linux64_1.0.0.202410170706/tools/bin/../lib/gcc/arm-none-eabi/13.3.1/../../../../arm-none-eabi/lib/thumb/v7e-m+fp/hard/libc_nano.a(libc_a-strncmp.o)
                0x1000a19c                strncmp
 .text.strncpy  0x1000a1c0       0x26 /opt/st/stm32cubeide_1.19.0/plugins/com.st.stm32cube.ide.mcu.externaltools.gnu-tools-for-stm32.13.3.rel1.linux64_1.0.0.202410170706/tools/bin/../lib/gcc/arm-none-eabi/13.3.1/../../../../arm-none-eabi/lib/thumb/v7e-m+fp/hard/libc_nano.a(libc_a-strncpy.o)
                0x1000a1c0                strncpy
 *fill*         0x1000a1e6        0x2 
 .text._close_r
                0x1000a1e8       0x20 /opt/st/stm32cubeide_1.19.0/plugins/com.st.stm32cube.ide.mcu.externaltools.gnu-tools-for-stm32.13.3.rel1.linux64_1.0.0.202410170706/tools/bin/../lib/gcc/arm-none-eabi/13.3.1/../../../../arm-none-eabi/lib/thumb/v7e-m+fp/hard/libc_nano.a(libc_a-closer.o)
                0x1000a1e8                _close_r
 .text._lseek_r
                0x1000a208       0x24 /opt/st/stm32cubeide_1.19.0/plugins/com.st.stm32cube.ide.mcu.externaltools.gnu-tools-for-stm32.13.3.rel1.linux64_1.0.0.202410170706/tools/bin/../lib/gcc/arm-none-eabi/13.3.1/../../../../arm-none-eabi/lib/thumb/v7e-m+fp/hard/libc_nano.a(libc_a-lseekr.o)
                0x1000a208                _lseek_r
 .text._read_r  0x1000a22c       0x24 /opt/st/stm32cubeide_1.19.0/plugins/com.st.stm32cube.ide.mcu.externaltools.gnu-tools-for-stm32.13.3.rel1.linux64_1.0.0.202410170706/tools/bin/../lib/gcc/arm-none-eabi/13.3.1/../../../../arm-none-eabi/lib/thumb/v7e-m+fp/hard/libc_nano.a(libc_a-readr.o)
                0x1000a22c                _read_r
 .text._sbrk_r  0x1000a250       0x20 /opt/st/stm32cubeide_1.19.0/plugins/com.st.stm32cube.ide.mcu.externaltools.gnu-tools-for-stm32.13.3.rel1.linux64_1.0.0.202410170706/tools/bin/../lib/gcc/arm-none-eabi/13.3.1/../../../../arm-none-eabi/lib/thumb/v7e-m+fp/hard/libc_nano.a(libc_a-sbrkr.o)
                0x1000a250                _sbrk_r
 .text._write_r
                0x1000a270       0x24 /opt/st/stm32cubeide_1.19.0/plugins/com.st.stm32cube.ide.mcu.externaltools.gnu-tools-for-stm32.13.3.rel1.linux64_1.0.0.202410170706/tools/bin/../lib/gcc/arm-none-eabi/13.3.1/../../../../arm-none-eabi/lib/thumb/v7e-m+fp/hard/libc_nano.a(libc_a-writer.o)
                0x1000a270                _write_r
 .text.__errno  0x1000a294        0xc /opt/st/stm32cubeide_1.19.0/plugins/com.st.stm32cube.ide.mcu.externaltools.gnu-tools-for-stm32.13.3.rel1.linux64_1.0.0.202410170706/tools/bin/../lib/gcc/arm-none-eabi/13.3.1/../../../../arm-none-eabi/lib/thumb/v7e-m+fp/hard/libc_nano.a(libc_a-errno.o)
                0x1000a294                __errno
 .text.__libc_init_array
                0x1000a2a0       0x48 /opt/st/stm32cubeide_1.19.0/plugins/com.st.stm32cube.ide.mcu.externaltools.gnu-tools-for-stm32.13.3.rel1.linux64_1.0.0.202410170706/tools/bin/../lib/gcc/arm-none-eabi/13.3.1/../../../../arm-none-eabi/lib/thumb/v7e-m+fp/hard/libc_nano.a(libc_a-init.o)
                0x1000a2a0                __libc_init_array
 .text.__retarget_lock_init_recursive
                0x1000a2e8        0x2 /opt/st/stm32cubeide_1.19.0/plugins/com.st.stm32cube.ide.mcu.externaltools.gnu-tools-for-stm32.13.3.rel1.linux64_1.0.0.202410170706/tools/bin/../lib/gcc/arm-none-eabi/13.3.1/../../../../arm-none-eabi/lib/thumb/v7e-m+fp/hard/libc_nano.a(libc_a-lock.o)
                0x1000a2e8                __retarget_lock_init_recursive
 .text.__retarget_lock_acquire_recursive
                0x1000a2ea        0x2 /opt/st/stm32cubeide_1.19.0/plugins/com.st.stm32cube.ide.mcu.externaltools.gnu-tools-for-stm32.13.3.rel1.linux64_1.0.0.202410170706/tools/bin/../lib/gcc/arm-none-eabi/13.3.1/../../../../arm-none-eabi/lib/thumb/v7e-m+fp/hard/libc_nano.a(libc_a-lock.o)
                0x1000a2ea                __retarget_lock_acquire_recursive
 .text.__retarget_lock_release_recursive
                0x1000a2ec        0x2 /opt/st/stm32cubeide_1.19.0/plugins/com.st.stm32cube.ide.mcu.externaltools.gnu-tools-for-stm32.13.3.rel1.linux64_1.0.0.202410170706/tools/bin/../lib/gcc/arm-none-eabi/13.3.1/../../../../arm-none-eabi/lib/thumb/v7e-m+fp/hard/libc_nano.a(libc_a-lock.o)
                0x1000a2ec                __retarget_lock_release_recursive
 .text.memcpy   0x1000a2ee       0x1c /opt/st/stm32cubeide_1.19.0/plugins/com.st.stm32cube.ide.mcu.externaltools.gnu-tools-for-stm32.13.3.rel1.linux64_1.0.0.202410170706/tools/bin/../lib/gcc/arm-none-eabi/13.3.1/../../../../arm-none-eabi/lib/thumb/v7e-m+fp/hard/libc_nano.a(libc_a-memcpy-stub.o)
                0x1000a2ee                memcpy
 .text.abort    0x1000a30a        0xe /opt/st/stm32cubeide_1.19.0/plugins/com.st.stm32cube.ide.mcu.externaltools.gnu-tools-for-stm32.13.3.rel1.linux64_1.0.0.202410170706/tools/bin/../lib/gcc/arm-none-eabi/13.3.1/../../../../arm-none-eabi/lib/thumb/v7e-m+fp/hard/libc_nano.a(libc_a-abort.o)
                0x1000a30a                abort
 .text._free_r  0x1000a318       0x94 /opt/st/stm32cubeide_1.19.0/plugins/com.st.stm32cube.ide.mcu.externaltools.gnu-tools-for-stm32.13.3.rel1.linux64_1.0.0.202410170706/tools/bin/../lib/gcc/arm-none-eabi/13.3.1/../../../../arm-none-eabi/lib/thumb/v7e-m+fp/hard/libc_nano.a(libc_a-freer.o)
                0x1000a318                _free_r
 .text.__ssputs_r
                0x1000a3ac       0xb6 /opt/st/stm32cubeide_1.19.0/plugins/com.st.stm32cube.ide.mcu.externaltools.gnu-tools-for-stm32.13.3.rel1.linux64_1.0.0.202410170706/tools/bin/../lib/gcc/arm-none-eabi/13.3.1/../../../../arm-none-eabi/lib/thumb/v7e-m+fp/hard/libc_nano.a(libc_a-nano-svfprintf.o)
                0x1000a3ac                __ssputs_r
 *fill*         0x1000a462        0x2 
 .text._svfprintf_r
                0x1000a464      0x1f8 /opt/st/stm32cubeide_1.19.0/plugins/com.st.stm32cube.ide.mcu.externaltools.gnu-tools-for-stm32.13.3.rel1.linux64_1.0.0.202410170706/tools/bin/../lib/gcc/arm-none-eabi/13.3.1/../../../../arm-none-eabi/lib/thumb/v7e-m+fp/hard/libc_nano.a(libc_a-nano-svfprintf.o)
                0x1000a464                _svfprintf_r
                0x1000a464                _svfiprintf_r
 .text.__sfputc_r
                0x1000a65c       0x2e /opt/st/stm32cubeide_1.19.0/plugins/com.st.stm32cube.ide.mcu.externaltools.gnu-tools-for-stm32.13.3.rel1.linux64_1.0.0.202410170706/tools/bin/../lib/gcc/arm-none-eabi/13.3.1/../../../../arm-none-eabi/lib/thumb/v7e-m+fp/hard/libc_nano.a(libc_a-nano-vfprintf.o)
 .text.__sfputs_r
                0x1000a68a       0x24 /opt/st/stm32cubeide_1.19.0/plugins/com.st.stm32cube.ide.mcu.externaltools.gnu-tools-for-stm32.13.3.rel1.linux64_1.0.0.202410170706/tools/bin/../lib/gcc/arm-none-eabi/13.3.1/../../../../arm-none-eabi/lib/thumb/v7e-m+fp/hard/libc_nano.a(libc_a-nano-vfprintf.o)
                0x1000a68a                __sfputs_r
 *fill*         0x1000a6ae        0x2 
 .text._vfprintf_r
                0x1000a6b0      0x230 /opt/st/stm32cubeide_1.19.0/plugins/com.st.stm32cube.ide.mcu.externaltools.gnu-tools-for-stm32.13.3.rel1.linux64_1.0.0.202410170706/tools/bin/../lib/gcc/arm-none-eabi/13.3.1/../../../../arm-none-eabi/lib/thumb/v7e-m+fp/hard/libc_nano.a(libc_a-nano-vfprintf.o)
                0x1000a6b0                _vfiprintf_r
                0x1000a6b0                _vfprintf_r
 .text._printf_common
                0x1000a8e0       0xda /opt/st/stm32cubeide_1.19.0/plugins/com.st.stm32cube.ide.mcu.externaltools.gnu-tools-for-stm32.13.3.rel1.linux64_1.0.0.202410170706/tools/bin/../lib/gcc/arm-none-eabi/13.3.1/../../../../arm-none-eabi/lib/thumb/v7e-m+fp/hard/libc_nano.a(libc_a-nano-vfprintf_i.o)
                0x1000a8e0                _printf_common
 *fill*         0x1000a9ba        0x2 
 .text._printf_i
                0x1000a9bc      0x23c /opt/st/stm32cubeide_1.19.0/plugins/com.st.stm32cube.ide.mcu.externaltools.gnu-tools-for-stm32.13.3.rel1.linux64_1.0.0.202410170706/tools/bin/../lib/gcc/arm-none-eabi/13.3.1/../../../../arm-none-eabi/lib/thumb/v7e-m+fp/hard/libc_nano.a(libc_a-nano-vfprintf_i.o)
                0x1000a9bc                _printf_i
 .text.__sflush_r
                0x1000abf8      0x108 /opt/st/stm32cubeide_1.19.0/plugins/com.st.stm32cube.ide.mcu.externaltools.gnu-tools-for-stm32.13.3.rel1.linux64_1.0.0.202410170706/tools/bin/../lib/gcc/arm-none-eabi/13.3.1/../../../../arm-none-eabi/lib/thumb/v7e-m+fp/hard/libc_nano.a(libc_a-fflush.o)
                0x1000abf8                __sflush_r
 .text._fflush_r
                0x1000ad00       0x50 /opt/st/stm32cubeide_1.19.0/plugins/com.st.stm32cube.ide.mcu.externaltools.gnu-tools-for-stm32.13.3.rel1.linux64_1.0.0.202410170706/tools/bin/../lib/gcc/arm-none-eabi/13.3.1/../../../../arm-none-eabi/lib/thumb/v7e-m+fp/hard/libc_nano.a(libc_a-fflush.o)
                0x1000ad00                _fflush_r
 .text.__swhatbuf_r
                0x1000ad50       0x4c /opt/st/stm32cubeide_1.19.0/plugins/com.st.stm32cube.ide.mcu.externaltools.gnu-tools-for-stm32.13.3.rel1.linux64_1.0.0.202410170706/tools/bin/../lib/gcc/arm-none-eabi/13.3.1/../../../../arm-none-eabi/lib/thumb/v7e-m+fp/hard/libc_nano.a(libc_a-makebuf.o)
                0x1000ad50                __swhatbuf_r
 .text.__smakebuf_r
                0x1000ad9c       0x78 /opt/st/stm32cubeide_1.19.0/plugins/com.st.stm32cube.ide.mcu.externaltools.gnu-tools-for-stm32.13.3.rel1.linux64_1.0.0.202410170706/tools/bin/../lib/gcc/arm-none-eabi/13.3.1/../../../../arm-none-eabi/lib/thumb/v7e-m+fp/hard/libc_nano.a(libc_a-makebuf.o)
                0x1000ad9c                __smakebuf_r
 .text.memmove  0x1000ae14       0x34 /opt/st/stm32cubeide_1.19.0/plugins/com.st.stm32cube.ide.mcu.externaltools.gnu-tools-for-stm32.13.3.rel1.linux64_1.0.0.202410170706/tools/bin/../lib/gcc/arm-none-eabi/13.3.1/../../../../arm-none-eabi/lib/thumb/v7e-m+fp/hard/libc_nano.a(libc_a-memmove.o)
                0x1000ae14                memmove
 .text._raise_r
                0x1000ae48       0x50 /opt/st/stm32cubeide_1.19.0/plugins/com.st.stm32cube.ide.mcu.externaltools.gnu-tools-for-stm32.13.3.rel1.linux64_1.0.0.202410170706/tools/bin/../lib/gcc/arm-none-eabi/13.3.1/../../../../arm-none-eabi/lib/thumb/v7e-m+fp/hard/libc_nano.a(libc_a-signal.o)
                0x1000ae48                _raise_r
 .text.raise    0x1000ae98       0x10 /opt/st/stm32cubeide_1.19.0/plugins/com.st.stm32cube.ide.mcu.externaltools.gnu-tools-for-stm32.13.3.rel1.linux64_1.0.0.202410170706/tools/bin/../lib/gcc/arm-none-eabi/13.3.1/../../../../arm-none-eabi/lib/thumb/v7e-m+fp/hard/libc_nano.a(libc_a-signal.o)
                0x1000ae98                raise
 .text._fstat_r
                0x1000aea8       0x24 /opt/st/stm32cubeide_1.19.0/plugins/com.st.stm32cube.ide.mcu.externaltools.gnu-tools-for-stm32.13.3.rel1.linux64_1.0.0.202410170706/tools/bin/../lib/gcc/arm-none-eabi/13.3.1/../../../../arm-none-eabi/lib/thumb/v7e-m+fp/hard/libc_nano.a(libc_a-fstatr.o)
                0x1000aea8                _fstat_r
 .text._isatty_r
                0x1000aecc       0x20 /opt/st/stm32cubeide_1.19.0/plugins/com.st.stm32cube.ide.mcu.externaltools.gnu-tools-for-stm32.13.3.rel1.linux64_1.0.0.202410170706/tools/bin/../lib/gcc/arm-none-eabi/13.3.1/../../../../arm-none-eabi/lib/thumb/v7e-m+fp/hard/libc_nano.a(libc_a-isattyr.o)
                0x1000aecc                _isatty_r
 .text._kill_r  0x1000aeec       0x24 /opt/st/stm32cubeide_1.19.0/plugins/com.st.stm32cube.ide.mcu.externaltools.gnu-tools-for-stm32.13.3.rel1.linux64_1.0.0.202410170706/tools/bin/../lib/gcc/arm-none-eabi/13.3.1/../../../../arm-none-eabi/lib/thumb/v7e-m+fp/hard/libc_nano.a(libc_a-signalr.o)
                0x1000aeec                _kill_r
 .text._getpid_r
                0x1000af10        0x4 /opt/st/stm32cubeide_1.19.0/plugins/com.st.stm32cube.ide.mcu.externaltools.gnu-tools-for-stm32.13.3.rel1.linux64_1.0.0.202410170706/tools/bin/../lib/gcc/arm-none-eabi/13.3.1/../../../../arm-none-eabi/lib/thumb/v7e-m+fp/hard/libc_nano.a(libc_a-signalr.o)
                0x1000af10                _getpid_r
 .text._realloc_r
                0x1000af14       0x5c /opt/st/stm32cubeide_1.19.0/plugins/com.st.stm32cube.ide.mcu.externaltools.gnu-tools-for-stm32.13.3.rel1.linux64_1.0.0.202410170706/tools/bin/../lib/gcc/arm-none-eabi/13.3.1/../../../../arm-none-eabi/lib/thumb/v7e-m+fp/hard/libc_nano.a(libc_a-reallocr.o)
                0x1000af14                _realloc_r
 .text._malloc_usable_size_r
                0x1000af70       0x10 /opt/st/stm32cubeide_1.19.0/plugins/com.st.stm32cube.ide.mcu.externaltools.gnu-tools-for-stm32.13.3.rel1.linux64_1.0.0.202410170706/tools/bin/../lib/gcc/arm-none-eabi/13.3.1/../../../../arm-none-eabi/lib/thumb/v7e-m+fp/hard/libc_nano.a(libc_a-msizer.o)
                0x1000af70                _malloc_usable_size_r
 *(.glue_7)
 .glue_7        0x1000af80        0x0 linker stubs
 *(.glue_7t)
 .glue_7t       0x1000af80        0x0 linker stubs
 *(.eh_frame)
 .eh_frame      0x1000af80        0x0 /opt/st/stm32cubeide_1.19.0/plugins/com.st.stm32cube.ide.mcu.externaltools.gnu-tools-for-stm32.13.3.rel1.linux64_1.0.0.202410170706/tools/bin/../lib/gcc/arm-none-eabi/13.3.1/thumb/v7e-m+fp/hard/crtbegin.o
 *(.init)
 .init          0x1000af80        0x4 /opt/st/stm32cubeide_1.19.0/plugins/com.st.stm32cube.ide.mcu.externaltools.gnu-tools-for-stm32.13.3.rel1.linux64_1.0.0.202410170706/tools/bin/../lib/gcc/arm-none-eabi/13.3.1/thumb/v7e-m+fp/hard/crti.o
                0x1000af80                _init
 .init          0x1000af84        0x8 /opt/st/stm32cubeide_1.19.0/plugins/com.st.stm32cube.ide.mcu.externaltools.gnu-tools-for-stm32.13.3.rel1.linux64_1.0.0.202410170706/tools/bin/../lib/gcc/arm-none-eabi/13.3.1/thumb/v7e-m+fp/hard/crtn.o
 *(.fini)
 .fini          0x1000af8c        0x4 /opt/st/stm32cubeide_1.19.0/plugins/com.st.stm32cube.ide.mcu.externaltools.gnu-tools-for-stm32.13.3.rel1.linux64_1.0.0.202410170706/tools/bin/../lib/gcc/arm-none-eabi/13.3.1/thumb/v7e-m+fp/hard/crti.o
                0x1000af8c                _fini
 .fini          0x1000af90        0x8 /opt/st/stm32cubeide_1.19.0/plugins/com.st.stm32cube.ide.mcu.externaltools.gnu-tools-for-stm32.13.3.rel1.linux64_1.0.0.202410170706/tools/bin/../lib/gcc/arm-none-eabi/13.3.1/thumb/v7e-m+fp/hard/crtn.o
                0x1000af98                        . = ALIGN (0x4)
                0x1000af98                        _etext = .

.vfp11_veneer   0x1000af98        0x0
 .vfp11_veneer  0x1000af98        0x0 linker stubs

.v4_bx          0x1000af98        0x0
 .v4_bx         0x1000af98        0x0 linker stubs

.iplt           0x1000af98        0x0
 .iplt          0x1000af98        0x0 /opt/st/stm32cubeide_1.19.0/plugins/com.st.stm32cube.ide.mcu.externaltools.gnu-tools-for-stm32.13.3.rel1.linux64_1.0.0.202410170706/tools/bin/../lib/gcc/arm-none-eabi/13.3.1/thumb/v7e-m+fp/hard/crtbegin.o

.startup_copro_fw.Reset_Handler
                0x1000af98       0x50
 .startup_copro_fw.Reset_Handler
                0x1000af98       0x50 ./Core/Startup/startup_stm32mp157aacx.o
                0x1000af98                Reset_Handler

.rodata         0x1000afe8      0x460
                0x1000afe8                        . = ALIGN (0x4)
 *(.rodata)
 .rodata        0x1000afe8       0xb5 ./Core/Src/main.o
 *fill*         0x1000b09d        0x3 
 .rodata        0x1000b0a0       0xac ./Middlewares/Third_Party/OpenAMP/device.o
 .rodata        0x1000b14c       0xdb ./Middlewares/Third_Party/OpenAMP/remoteproc_virtio.o
 *fill*         0x1000b227        0x1 
 .rodata        0x1000b228        0x1 ./Middlewares/Third_Party/OpenAMP/rpmsg.o
 *fill*         0x1000b229        0x3 
 .rodata        0x1000b22c       0xc7 ./Middlewares/Third_Party/OpenAMP/rpmsg_virtio.o
 *fill*         0x1000b2f3        0x1 
 .rodata        0x1000b2f4       0x12 ./Middlewares/Third_Party/OpenAMP/virt_uart.o
 *fill*         0x1000b306        0x2 
 .rodata        0x1000b308       0x1c ./OPENAMP/openamp.o
 *(.rodata*)
 .rodata.remoteproc_virtio_dispatch_funcs
                0x1000b324       0x24 ./Middlewares/Third_Party/OpenAMP/remoteproc_virtio.o
 .rodata.__func__.1
                0x1000b348       0x1e ./Middlewares/Third_Party/OpenAMP/remoteproc_virtio.o
 *fill*         0x1000b366        0x2 
 .rodata.__func__.0
                0x1000b368        0xe ./Middlewares/Third_Party/OpenAMP/remoteproc_virtio.o
 *fill*         0x1000b376        0x2 
 .rodata.__func__.2
                0x1000b378       0x24 ./Middlewares/Third_Party/OpenAMP/rpmsg_virtio.o
 .rodata.__func__.1
                0x1000b39c       0x21 ./Middlewares/Third_Party/OpenAMP/rpmsg_virtio.o
 *fill*         0x1000b3bd        0x3 
 .rodata.__func__.0
                0x1000b3c0       0x19 ./Middlewares/Third_Party/OpenAMP/rpmsg_virtio.o
 .rodata.__assert_func.str1.1
                0x1000b3d9       0x6f /opt/st/stm32cubeide_1.19.0/plugins/com.st.stm32cube.ide.mcu.externaltools.gnu-tools-for-stm32.13.3.rel1.linux64_1.0.0.202410170706/tools/bin/../lib/gcc/arm-none-eabi/13.3.1/../../../../arm-none-eabi/lib/thumb/v7e-m+fp/hard/libc_nano.a(libc_a-assert.o)
                                 0x3d (size before relaxing)
 .rodata._svfprintf_r.str1.1
                0x1000b448       0x11 /opt/st/stm32cubeide_1.19.0/plugins/com.st.stm32cube.ide.mcu.externaltools.gnu-tools-for-stm32.13.3.rel1.linux64_1.0.0.202410170706/tools/bin/../lib/gcc/arm-none-eabi/13.3.1/../../../../arm-none-eabi/lib/thumb/v7e-m+fp/hard/libc_nano.a(libc_a-nano-svfprintf.o)
 .rodata._vfprintf_r.str1.1
                0x1000b448       0x11 /opt/st/stm32cubeide_1.19.0/plugins/com.st.stm32cube.ide.mcu.externaltools.gnu-tools-for-stm32.13.3.rel1.linux64_1.0.0.202410170706/tools/bin/../lib/gcc/arm-none-eabi/13.3.1/../../../../arm-none-eabi/lib/thumb/v7e-m+fp/hard/libc_nano.a(libc_a-nano-vfprintf.o)
 .rodata._printf_i.str1.1
                0x1000b448       0x22 /opt/st/stm32cubeide_1.19.0/plugins/com.st.stm32cube.ide.mcu.externaltools.gnu-tools-for-stm32.13.3.rel1.linux64_1.0.0.202410170706/tools/bin/../lib/gcc/arm-none-eabi/13.3.1/../../../../arm-none-eabi/lib/thumb/v7e-m+fp/hard/libc_nano.a(libc_a-nano-vfprintf_i.o)
                0x1000b46c                        . = ALIGN (0x4)

.ARM.extab      0x1000b448        0x0
                0x1000b448                        . = ALIGN (0x4)
 *(.ARM.extab* .gnu.linkonce.armextab.*)
                0x1000b448                        . = ALIGN (0x4)

.ARM            0x1000b448        0x8
                0x1000b448                        . = ALIGN (0x4)
                0x1000b448                        __exidx_start = .
 *(.ARM.exidx*)
 .ARM.exidx     0x1000b448        0x8 /opt/st/stm32cubeide_1.19.0/plugins/com.st.stm32cube.ide.mcu.externaltools.gnu-tools-for-stm32.13.3.rel1.linux64_1.0.0.202410170706/tools/bin/../lib/gcc/arm-none-eabi/13.3.1/../../../../arm-none-eabi/lib/thumb/v7e-m+fp/hard/libc_nano.a(libc_a-strcmp.o)
 .ARM.exidx     0x1000b450        0x0 /opt/st/stm32cubeide_1.19.0/plugins/com.st.stm32cube.ide.mcu.externaltools.gnu-tools-for-stm32.13.3.rel1.linux64_1.0.0.202410170706/tools/bin/../lib/gcc/arm-none-eabi/13.3.1/../../../../arm-none-eabi/lib/thumb/v7e-m+fp/hard/libc_nano.a(libc_a-strlen.o)
                                  0x8 (size before relaxing)
 .ARM.exidx     0x1000b450        0x0 /opt/st/stm32cubeide_1.19.0/plugins/com.st.stm32cube.ide.mcu.externaltools.gnu-tools-for-stm32.13.3.rel1.linux64_1.0.0.202410170706/tools/bin/../lib/gcc/arm-none-eabi/13.3.1/../../../../arm-none-eabi/lib/thumb/v7e-m+fp/hard/libc_nano.a(libc_a-memchr.o)
                                  0x8 (size before relaxing)
                0x1000b450                        __exidx_end = .
                0x1000b450                        . = ALIGN (0x4)

.preinit_array  0x1000b450        0x0
                0x1000b450                        . = ALIGN (0x4)
                0x1000b450                        PROVIDE (__preinit_array_start = .)
 *(.preinit_array*)
                0x1000b450                        PROVIDE (__preinit_array_end = .)
                0x1000b450                        . = ALIGN (0x4)

.init_array     0x1000b450        0x4
                0x1000b450                        . = ALIGN (0x4)
                0x1000b450                        PROVIDE (__init_array_start = .)
 *(SORT_BY_NAME(.init_array.*))
 *(.init_array*)
 .init_array    0x1000b450        0x4 /opt/st/stm32cubeide_1.19.0/plugins/com.st.stm32cube.ide.mcu.externaltools.gnu-tools-for-stm32.13.3.rel1.linux64_1.0.0.202410170706/tools/bin/../lib/gcc/arm-none-eabi/13.3.1/thumb/v7e-m+fp/hard/crtbegin.o
                0x1000b454                        PROVIDE (__init_array_end = .)
                0x1000b454                        . = ALIGN (0x4)

.fini_array     0x1000b454        0x4
                0x1000b454                        . = ALIGN (0x4)
                [!provide]                        PROVIDE (__fini_array_start = .)
 *(SORT_BY_NAME(.fini_array.*))
 *(.fini_array*)
 .fini_array    0x1000b454        0x4 /opt/st/stm32cubeide_1.19.0/plugins/com.st.stm32cube.ide.mcu.externaltools.gnu-tools-for-stm32.13.3.rel1.linux64_1.0.0.202410170706/tools/bin/../lib/gcc/arm-none-eabi/13.3.1/thumb/v7e-m+fp/hard/crtbegin.o
                [!provide]                        PROVIDE (__fini_array_end = .)
                0x1000b458                        . = ALIGN (0x4)
                0x1000b458                        __DATA_ROM = .
                0x1000b458                        _sidata = LOADADDR (.data)

.data           0x10020000      0x128 load address 0x1000b458
                0x10020000                        . = ALIGN (0x4)
                0x10020000                        _sdata = .
 *(.data)
 *(.data*)
 .data.SystemCoreClock
                0x10020000        0x4 ./Common/System/system_stm32mp1xx.o
                0x10020000                SystemCoreClock
 .data.led_duty
                0x10020004        0x4 ./Core/Src/main.o
 .data.led_on   0x10020008        0x1 ./Core/Src/main.o
 *fill*         0x10020009        0x3 
 .data.uwTickPrio
                0x1002000c        0x4 ./Drivers/STM32MP1xx_HAL_Driver/stm32mp1xx_hal.o
                0x1002000c                uwTickPrio
 .data.uwTickFreq
                0x10020010        0x1 ./Drivers/STM32MP1xx_HAL_Driver/stm32mp1xx_hal.o
                0x10020010                uwTickFreq
 *fill*         0x10020011        0x3 
 .data.metal_generic_bus
                0x10020014       0x2c ./Middlewares/Third_Party/OpenAMP/device.o
                0x10020014                metal_generic_bus
 .data.shm_device
                0x10020040       0x8c ./OPENAMP/openamp.o
                0x10020040                shm_device
 .data.__sglue  0x100200cc        0xc /opt/st/stm32cubeide_1.19.0/plugins/com.st.stm32cube.ide.mcu.externaltools.gnu-tools-for-stm32.13.3.rel1.linux64_1.0.0.202410170706/tools/bin/../lib/gcc/arm-none-eabi/13.3.1/../../../../arm-none-eabi/lib/thumb/v7e-m+fp/hard/libc_nano.a(libc_a-findfp.o)
                0x100200cc                __sglue
 .data._impure_ptr
                0x100200d8        0x4 /opt/st/stm32cubeide_1.19.0/plugins/com.st.stm32cube.ide.mcu.externaltools.gnu-tools-for-stm32.13.3.rel1.linux64_1.0.0.202410170706/tools/bin/../lib/gcc/arm-none-eabi/13.3.1/../../../../arm-none-eabi/lib/thumb/v7e-m+fp/hard/libc_nano.a(libc_a-impure.o)
                0x100200d8                _impure_ptr
 .data._impure_data
                0x100200dc       0x4c /opt/st/stm32cubeide_1.19.0/plugins/com.st.stm32cube.ide.mcu.externaltools.gnu-tools-for-stm32.13.3.rel1.linux64_1.0.0.202410170706/tools/bin/../lib/gcc/arm-none-eabi/13.3.1/../../../../arm-none-eabi/lib/thumb/v7e-m+fp/hard/libc_nano.a(libc_a-impure.o)
                0x100200dc                _impure_data
                0x10020128                        . = ALIGN (0x4)
                0x10020128                        _edata = .
                0x1000b580                        __DATA_END = (__DATA_ROM + (_edata - _sdata))
                0x10020000                        text_end = (ORIGIN (SRAM1_text) + LENGTH (SRAM1_text))
                0x00000001                        ASSERT ((__DATA_END <= text_end), region SRAM1_text overflowed with text and data)

.igot.plt       0x10020128        0x0 load address 0x1000b580
 .igot.plt      0x10020128        0x0 /opt/st/stm32cubeide_1.19.0/plugins/com.st.stm32cube.ide.mcu.externaltools.gnu-tools-for-stm32.13.3.rel1.linux64_1.0.0.202410170706/tools/bin/../lib/gcc/arm-none-eabi/13.3.1/thumb/v7e-m+fp/hard/crtbegin.o

.resource_table
                0x10020128       0x8c load address 0x1000b580
                0x10020128                        . = ALIGN (0x4)
 *(.resource_table*)
 .resource_table
                0x10020128       0x8c ./OPENAMP/rsc_table.o
                0x10020128                resource_table
                0x100201b4                        . = ALIGN (0x4)

.rel.dyn        0x100201b4        0x0 load address 0x1000b60c
 .rel.iplt      0x100201b4        0x0 /opt/st/stm32cubeide_1.19.0/plugins/com.st.stm32cube.ide.mcu.externaltools.gnu-tools-for-stm32.13.3.rel1.linux64_1.0.0.202410170706/tools/bin/../lib/gcc/arm-none-eabi/13.3.1/thumb/v7e-m+fp/hard/crtbegin.o
                0x100201b4                        . = ALIGN (0x4)

.bss            0x100201b4      0x488 load address 0x1000b60c
                0x100201b4                        _sbss = .
                0x100201b4                        __bss_start__ = _sbss
 *(.bss)
 .bss           0x100201b4       0x1c /opt/st/stm32cubeide_1.19.0/plugins/com.st.stm32cube.ide.mcu.externaltools.gnu-tools-for-stm32.13.3.rel1.linux64_1.0.0.202410170706/tools/bin/../lib/gcc/arm-none-eabi/13.3.1/thumb/v7e-m+fp/hard/crtbegin.o
 *(.bss*)
 .bss.hi2c1     0x100201d0       0x5c ./Core/Src/i2c.o
                0x100201d0                hi2c1
 .bss.hipcc     0x1002022c       0x3c ./Core/Src/ipcc.o
                0x1002022c                hipcc
 .bss.last_key1_tick
                0x10020268        0x4 ./Core/Src/main.o
 .bss.last_key2_tick
                0x1002026c        0x4 ./Core/Src/main.o
 .bss.sht30_temp
                0x10020270        0x2 ./Core/Src/main.o
 .bss.sht30_humi
                0x10020272        0x2 ./Core/Src/main.o
 .bss.sht30_ok  0x10020274        0x1 ./Core/Src/main.o
 *fill*         0x10020275        0x3 
 .bss.huart0    0x10020278       0x50 ./Core/Src/main.o
 .bss.rpmsg_rx_buf
                0x100202c8       0x40 ./Core/Src/main.o
 .bss.rpmsg_rx_len
                0x10020308        0x2 ./Core/Src/main.o
 .bss.rpmsg_rx_flag
                0x1002030a        0x1 ./Core/Src/main.o
 .bss.rpmsg_ready
                0x1002030b        0x1 ./Core/Src/main.o
 .bss.key1_event
                0x1002030c        0x1 ./Core/Src/main.o
 .bss.key2_event
                0x1002030d        0x1 ./Core/Src/main.o
 .bss.tx_idx.4  0x1002030e        0x1 ./Core/Src/main.o
 *fill*         0x1002030f        0x1 
 .bss.tx_buf.3  0x10020310       0x80 ./Core/Src/main.o
 .bss.last_sht30_tick.2
                0x10020390        0x4 ./Core/Src/main.o
 .bss.key1_prev.1
                0x10020394        0x1 ./Core/Src/main.o
 .bss.key2_prev.0
                0x10020395        0x1 ./Core/Src/main.o
 *fill*         0x10020396        0x2 
 .bss.__sbrk_heap_end
                0x10020398        0x4 ./Core/Src/sysmem.o
 .bss.htim2     0x1002039c       0x40 ./Core/Src/tim.o
                0x1002039c                htim2
 .bss.htim3     0x100203dc       0x40 ./Core/Src/tim.o
                0x100203dc                htim3
 .bss.uwTick    0x1002041c        0x4 ./Drivers/STM32MP1xx_HAL_Driver/stm32mp1xx_hal.o
                0x1002041c                uwTick
 .bss._metal    0x10020420       0x20 ./Middlewares/Third_Party/OpenAMP/generic_init.o
                0x10020420                _metal
 .bss.msg_received_ch1
                0x10020440        0x4 ./OPENAMP/mbox_ipcc.o
                0x10020440                msg_received_ch1
 .bss.msg_received_ch2
                0x10020444        0x4 ./OPENAMP/mbox_ipcc.o
                0x10020444                msg_received_ch2
 .bss.shm_io    0x10020448        0x4 ./OPENAMP/openamp.o
 .bss.rsc_io    0x1002044c        0x4 ./OPENAMP/openamp.o
 .bss.rsc_table
                0x10020450        0x4 ./OPENAMP/openamp.o
 .bss.shpool    0x10020454        0xc ./OPENAMP/openamp.o
 .bss.rvdev     0x10020460       0x8c ./OPENAMP/openamp.o
 .bss.shm_physmap
                0x100204ec        0x4 ./OPENAMP/openamp.o
 .bss.__malloc_sbrk_start