../Core/Src/main.c:101:13:VIRT_UART0_RxCpltCallback	24	static
../Core/Src/main.c:111:6:rpmsg_send_str	16	static
../Core/Src/main.c:117:5:__io_putchar	16	static
../Core/Src/main.c:131:6:parse_command	24	static
../Core/Src/main.c:155:13:soft_i2c_delay	16	static
../Core/Src/main.c:160:13:SDA_HIGH	8	static
../Core/Src/main.c:161:13:SDA_LOW	8	static
../Core/Src/main.c:162:13:SCL_HIGH	8	static
../Core/Src/main.c:163:13:SCL_LOW	8	static
../Core/Src/main.c:164:16:SDA_READ	8	static
../Core/Src/main.c:166:13:soft_i2c_start	8	static
../Core/Src/main.c:173:13:soft_i2c_stop	8	static
../Core/Src/main.c:180:16:soft_i2c_write_byte	24	static
../Core/Src/main.c:196:16:soft_i2c_read_byte	24	static
../Core/Src/main.c:214:19:SHT30_Read	32	static
../Core/Src/main.c:243:6:check_temperature	16	static
../Core/Src/main.c:264:5:main	8	static
../Core/Src/main.c:353:6:SystemClock_Config	336	static
../Core/Src/main.c:401:13:MX_IPCC_Init	8	static
../Core/Src/main.c:427:13:MX_TIM3_Init	40	static
../Core/Src/main.c:472:13:MX_GPIO_Init	32	static
../Core/Src/main.c:532:6:HAL_TIM_PeriodElapsedCallback	32	static
../Core/Src/main.c:581:6:StartDefaultTask	16	static
../Core/Src/main.c:596:6:Error_Handler	4	static,ignoring_inline_asm
