Archive member included to satisfy reference by file (symbol)

/opt/st/stm32cubeide_1.19.0/plugins/com.st.stm32cube.ide.mcu.externaltools.gnu-tools-for-stm32.13.3.rel1.linux64_1.0.0.202410170706/tools/bin/../lib/gcc/arm-none-eabi/13.3.1/../../../../arm-none-eabi/lib/thumb/v7e-m+fp/hard/libc_nano.a(libc_a-assert.o)
                              ./Middlewares/Third_Party/OpenAMP/device.o (__assert_func)
/opt/st/stm32cubeide_1.19.0/plugins/com.st.stm32cube.ide.mcu.externaltools.gnu-tools-for-stm32.13.3.rel1.linux64_1.0.0.202410170706/tools/bin/../lib/gcc/arm-none-eabi/13.3.1/../../../../arm-none-eabi/lib/thumb/v7e-m+fp/hard/libc_nano.a(libc_a-exit.o)
                              /opt/st/stm32cubeide_1.19.0/plugins/com.st.stm32cube.ide.mcu.externaltools.gnu-tools-for-stm32.13.3.rel1.linux64_1.0.0.202410170706/tools/bin/../lib/gcc/arm-none-eabi/13.3.1/../../../../arm-none-eabi/lib/thumb/v7e-m+fp/hard/crt0.o (exit)
/opt/st/stm32cubeide_1.19.0/plugins/com.st.stm32cube.ide.mcu.externaltools.gnu-tools-for-stm32.13.3.rel1.linux64_1.0.0.202410170706/tools/bin/../lib/gcc/arm-none-eabi/13.3.1/../../../../arm-none-eabi/lib/thumb/v7e-m+fp/hard/libc_nano.a(libc_a-findfp.o)
                              /opt/st/stm32cubeide_1.19.0/plugins/com.st.stm32cube.ide.mcu.externaltools.gnu-tools-for-stm32.13.3.rel1.linux64_1.0.0.202410170706/tools/bin/../lib/gcc/arm-none-eabi/13.3.1/../../../../arm-none-eabi/lib/thumb/v7e-m+fp/hard/libc_nano.a(libc_a-exit.o) (__stdio_exit_handler)
/opt/st/stm32cubeide_1.19.0/plugins/com.st.stm32cube.ide.mcu.externaltools.gnu-tools-for-stm32.13.3.rel1.linux64_1.0.0.202410170706/tools/bin/../lib/gcc/arm-none-eabi/13.3.1/../../../../arm-none-eabi/lib/thumb/v7e-m+fp/hard/libc_nano.a(libc_a-fprintf.o)
                              /opt/st/stm32cubeide_1.19.0/plugins/com.st.stm32cube.ide.mcu.externaltools.gnu-tools-for-stm32.13.3.rel1.linux64_1.0.0.202410170706/tools/bin/../lib/gcc/arm-none-eabi/13.3.1/../../../../arm-none-eabi/lib/thumb/v7e-m+fp/hard/libc_nano.a(libc_a-assert.o) (fiprintf)
/opt/st/stm32cubeide_1.19.0/plugins/com.st.stm32cube.ide.mcu.externaltools.gnu-tools-for-stm32.13.3.rel1.linux64_1.0.0.202410170706/tools/bin/../lib/gcc/arm-none-eabi/13.3.1/../../../../arm-none-eabi/lib/thumb/v7e-m+fp/hard/libc_nano.a(libc_a-fwalk.o)
                              /opt/st/stm32cubeide_1.19.0/plugins/com.st.stm32cube.ide.mcu.externaltools.gnu-tools-for-stm32.13.3.rel1.linux64_1.0.0.202410170706/tools/bin/../lib/gcc/arm-none-eabi/13.3.1/../../../../arm-none-eabi/lib/thumb/v7e-m+fp/hard/libc_nano.a(libc_a-findfp.o) (_fwalk_sglue)
/opt/st/stm32cubeide_1.19.0/plugins/com.st.stm32cube.ide.mcu.externaltools.gnu-tools-for-stm32.13.3.rel1.linux64_1.0.0.202410170706/tools/bin/../lib/gcc/arm-none-eabi/13.3.1/../../../../arm-none-eabi/lib/thumb/v7e-m+fp/hard/libc_nano.a(libc_a-printf.o)
                              ./Core/Src/main.o (printf)
/opt/st/stm32cubeide_1.19.0/plugins/com.st.stm32cube.ide.mcu.externaltools.gnu-tools-for-stm32.13.3.rel1.linux64_1.0.0.202410170706/tools/bin/../lib/gcc/arm-none-eabi/13.3.1/../../../../arm-none-eabi/lib/thumb/v7e-m+fp/hard/libc_nano.a(libc_a-snprintf.o)
                              ./Core/Src/app_freertos.o (snprintf)
/opt/st/stm32cubeide_1.19.0/plugins/com.st.stm32cube.ide.mcu.externaltools.gnu-tools-for-stm32.13.3.rel1.linux64_1.0.0.202410170706/tools/bin/../lib/gcc/arm-none-eabi/13.3.1/../../../../arm-none-eabi/lib/thumb/v7e-m+fp/hard/libc_nano.a(libc_a-stdio.o)
                              /opt/st/stm32cubeide_1.19.0/plugins/com.st.stm32cube.ide.mcu.externaltools.gnu-tools-for-stm32.13.3.rel1.linux64_1.0.0.202410170706/tools/bin/../lib/gcc/arm-none-eabi/13.3.1/../../../../arm-none-eabi/lib/thumb/v7e-m+fp/hard/libc_nano.a(libc_a-findfp.o) (__sread)
/opt/st/stm32cubeide_1.19.0/plugins/com.st.stm32cube.ide.mcu.externaltools.gnu-tools-for-stm32.13.3.rel1.linux64_1.0.0.202410170706/tools/bin/../lib/gcc/arm-none-eabi/13.3.1/../../../../arm-none-eabi/lib/thumb/v7e-m+fp/hard/libc_nano.a(libc_a-memset.o)
                              /opt/st/stm32cubeide_1.19.0/plugins/com.st.stm32cube.ide.mcu.externaltools.gnu-tools-for-stm32.13.3.rel1.linux64_1.0.0.202410170706/tools/bin/../lib/gcc/arm-none-eabi/13.3.1/../../../../arm-none-eabi/lib/thumb/v7e-m+fp/hard/crt0.o (memset)
/opt/st/stm32cubeide_1.19.0/plugins/com.st.stm32cube.ide.mcu.externaltools.gnu-tools-for-stm32.13.3.rel1.linux64_1.0.0.202410170706/tools/bin/../lib/gcc/arm-none-eabi/13.3.1/../../../../arm-none-eabi/lib/thumb/v7e-m+fp/hard/libc_nano.a(libc_a-strncmp.o)
                              ./Middlewares/Third_Party/OpenAMP/rpmsg.o (strncmp)
/opt/st/stm32cubeide_1.19.0/plugins/com.st.stm32cube.ide.mcu.externaltools.gnu-tools-for-stm32.13.3.rel1.linux64_1.0.0.202410170706/tools/bin/../lib/gcc/arm-none-eabi/13.3.1/../../../../arm-none-eabi/lib/thumb/v7e-m+fp/hard/libc_nano.a(libc_a-strncpy.o)
                              ./Middlewares/Third_Party/OpenAMP/rpmsg.o (strncpy)
[...]
Memory Configuration

Name             Origin             Length             Attributes
RETRAM_interrupts 0x00000000         0x00000600         xrw
SRAM1_text       0x10000000         0x00020000         xrw
SRAM2_data       0x10020000         0x00020000         xrw
SRAM3_ipc_shm    0x10040000         0x00010000         xrw
SRAM4            0x10050000         0x00010000         xrw
*default*        0x00000000         0xffffffff

Linker script and memory map

LOAD /opt/st/stm32cubeide_1.19.0/plugins/com.st.stm32cube.ide.mcu.externaltools.gnu-tools-for-stm32.13.3.rel1.linux64_1.0.0.202410170706/tools/bin/../lib/gcc/arm-none-eabi/13.3.1/thumb/v7e-m+fp/hard/crti.o
LOAD /opt/st/stm32cubeide_1.19.0/plugins/com.st.stm32cube.ide.mcu.externaltools.gnu-tools-for-stm32.13.3.rel1.linux64_1.0.0.202410170706/tools/bin/../lib/gcc/arm-none-eabi/13.3.1/thumb/v7e-m+fp/hard/crtbegin.o
LOAD /opt/st/stm32cubeide_1.19.0/plugins/com.st.stm32cube.ide.mcu.externaltools.gnu-tools-for-stm32.13.3.rel1.linux64_1.0.0.202410170706/tools/bin/../lib/gcc/arm-none-eabi/13.3.1/../../../../arm-none-eabi/lib/thumb/v7e-m+fp/hard/crt0.o
LOAD ./Common/System/system_stm32mp1xx.o
LOAD ./Core/Src/app_freertos.o
LOAD ./Core/Src/main.o
LOAD ./Core/Src/stm32mp1xx_hal_msp.o
LOAD ./Core/Src/stm32mp1xx_it.o
LOAD ./Core/Src/syscalls.o
LOAD ./Core/Src/sysmem.o
LOAD ./Core/Startup/startup_stm32mp157aacx.o
LOAD ./Drivers/STM32MP1xx_HAL_Driver/stm32mp1xx_hal.o
LOAD ./Drivers/STM32MP1xx_HAL_Driver/stm32mp1xx_hal_cortex.o
LOAD ./Drivers/STM32MP1xx_HAL_Driver/stm32mp1xx_hal_dma.o
LOAD ./Drivers/STM32MP1xx_HAL_Driver/stm32mp1xx_hal_dma_ex.o
LOAD ./Drivers/STM32MP1xx_HAL_Driver/stm32mp1xx_hal_exti.o
LOAD ./Drivers/STM32MP1xx_HAL_Driver/stm32mp1xx_hal_gpio.o
LOAD ./Drivers/STM32MP1xx_HAL_Driver/stm32mp1xx_hal_hsem.o
LOAD ./Drivers/STM32MP1xx_HAL_Driver/stm32mp1xx_hal_ipcc.o
LOAD ./Drivers/STM32MP1xx_HAL_Driver/stm32mp1xx_hal_mdma.o
LOAD ./Drivers/STM32MP1xx_HAL_Driver/stm32mp1xx_hal_pwr.o
LOAD ./Drivers/STM32MP1xx_HAL_Driver/stm32mp1xx_hal_pwr_ex.o
LOAD ./Drivers/STM32MP1xx_HAL_Driver/stm32mp1xx_hal_rcc.o
LOAD ./Drivers/STM32MP1xx_HAL_Driver/stm32mp1xx_hal_rcc_ex.o
LOAD ./Drivers/STM32MP1xx_HAL_Driver/stm32mp1xx_hal_tim.o
LOAD ./Drivers/STM32MP1xx_HAL_Driver/stm32mp1xx_hal_tim_ex.o
LOAD ./Middlewares/Third_Party/FreeRTOS/croutine.o
LOAD ./Middlewares/Third_Party/FreeRTOS/event_groups.o
LOAD ./Middlewares/Third_Party/FreeRTOS/heap_4.o
LOAD ./Middlewares/Third_Party/FreeRTOS/list.o
LOAD ./Middlewares/Third_Party/FreeRTOS/port.o
LOAD ./Middlewares/Third_Party/FreeRTOS/queue.o
LOAD ./Middlewares/Third_Party/FreeRTOS/stream_buffer.o
LOAD ./Middlewares/Third_Party/FreeRTOS/tasks.o
LOAD ./Middlewares/Third_Party/FreeRTOS/timers.o
LOAD ./Middlewares/Third_Party/OpenAMP/condition.o
LOAD ./Middlewares/Third_Party/OpenAMP/device.o
LOAD ./Middlewares/Third_Party/OpenAMP/freertos_device.o
LOAD ./Middlewares/Third_Party/OpenAMP/freertos_init.o
LOAD ./Middlewares/Third_Party/OpenAMP/freertos_io.o
LOAD ./Middlewares/Third_Party/OpenAMP/freertos_shmem.o
LOAD ./Middlewares/Third_Party/OpenAMP/init.o
LOAD ./Middlewares/Third_Party/OpenAMP/io.o
LOAD ./Middlewares/Third_Party/OpenAMP/log.o
LOAD ./Middlewares/Third_Party/OpenAMP/remoteproc_virtio.o
LOAD ./Middlewares/Third_Party/OpenAMP/rpmsg.o
LOAD ./Middlewares/Third_Party/OpenAMP/rpmsg_virtio.o
LOAD ./Middlewares/Third_Party/OpenAMP/shmem.o
LOAD ./Middlewares/Third_Party/OpenAMP/sys.o
LOAD ./Middlewares/Third_Party/OpenAMP/time.o
LOAD ./Middlewares/Third_Party/OpenAMP/virt_uart.o
LOAD ./Middlewares/Third_Party/OpenAMP/virtio.o
LOAD ./Middlewares/Third_Party/OpenAMP/virtqueue.o
LOAD ./OPENAMP/mbox_ipcc.o
LOAD ./OPENAMP/openamp.o
LOAD ./OPENAMP/openamp_log.o
LOAD ./OPENAMP/rsc_table.o
START GROUP
LOAD /opt/st/stm32cubeide_1.19.0/plugins/com.st.stm32cube.ide.mcu.externaltools.gnu-tools-for-stm32.13.3.rel1.linux64_1.0.0.202410170706/tools/bin/../lib/gcc/arm-none-eabi/13.3.1/../../../../arm-none-eabi/lib/thumb/v7e-m+fp/hard/libc_nano.a
LOAD /opt/st/stm32cubeide_1.19.0/plugins/com.st.stm32cube.ide.mcu.externaltools.gnu-tools-for-stm32.13.3.rel1.linux64_1.0.0.202410170706/tools/bin/../lib/gcc/arm-none-eabi/13.3.1/../../../../arm-none-eabi/lib/thumb/v7e-m+fp/hard/libm.a
END GROUP
START GROUP
LOAD /opt/st/stm32cubeide_1.19.0/plugins/com.st.stm32cube.ide.mcu.externaltools.gnu-tools-for-stm32.13.3.rel1.linux64_1.0.0.202410170706/tools/bin/../lib/gcc/arm-none-eabi/13.3.1/thumb/v7e-m+fp/hard/libgcc.a
LOAD /opt/st/stm32cubeide_1.19.0/plugins/com.st.stm32cube.ide.mcu.externaltools.gnu-tools-for-stm32.13.3.rel1.linux64_1.0.0.202410170706/tools/bin/../lib/gcc/arm-none-eabi/13.3.1/../../../../arm-none-eabi/lib/thumb/v7e-m+fp/hard/libc_nano.a
END GROUP
START GROUP
LOAD /opt/st/stm32cubeide_1.19.0/plugins/com.st.stm32cube.ide.mcu.externaltools.gnu-tools-for-stm32.13.3.rel1.linux64_1.0.0.202410170706/tools/bin/../lib/gcc/arm-none-eabi/13.3.1/thumb/v7e-m+fp/hard/libgcc.a
LOAD /opt/st/stm32cubeide_1.19.0/plugins/com.st.stm32cube.ide.mcu.externaltools.gnu-tools-for-stm32.13.3.rel1.linux64_1.0.0.202410170706/tools/bin/../lib/gcc/arm-none-eabi/13.3.1/../../../../arm-none-eabi/lib/thumb/v7e-m+fp/hard/libc_nano.a
LOAD /opt/st/stm32cubeide_1.19.0/plugins/com.st.stm32cube.ide.mcu.externaltools.gnu-tools-for-stm32.13.3.rel1.linux64_1.0.0.202410170706/tools/bin/../lib/gcc/arm-none-eabi/13.3.1/../../../../arm-none-eabi/lib/thumb/v7e-m+fp/hard/libnosys.a
END GROUP
START GROUP
LOAD /opt/st/stm32cubeide_1.19.0/plugins/com.st.stm32cube.ide.mcu.externaltools.gnu-tools-for-stm32.13.3.rel1.linux64_1.0.0.202410170706/tools/bin/../lib/gcc/arm-none-eabi/13.3.1/thumb/v7e-m+fp/hard/libgcc.a
LOAD /opt/st/stm32cubeide_1.19.0/plugins/com.st.stm32cube.ide.mcu.externaltools.gnu-tools-for-stm32.13.3.rel1.linux64_1.0.0.202410170706/tools/bin/../lib/gcc/arm-none-eabi/13.3.1/../../../../arm-none-eabi/lib/thumb/v7e-m+fp/hard/libc_nano.a
LOAD /opt/st/stm32cubeide_1.19.0/plugins/com.st.stm32cube.ide.mcu.externaltools.gnu-tools-for-stm32.13.3.rel1.linux64_1.0.0.202410170706/tools/bin/../lib/gcc/arm-none-eabi/13.3.1/../../../../arm-none-eabi/lib/thumb/v7e-m+fp/hard/libnosys.a
END GROUP
LOAD /opt/st/stm32cubeide_1.19.0/plugins/com.st.stm32cube.ide.mcu.externaltools.gnu-tools-for-stm32.13.3.rel1.linux64_1.0.0.202410170706/tools/bin/../lib/gcc/arm-none-eabi/13.3.1/thumb/v7e-m+fp/hard/crtend.o
LOAD /opt/st/stm32cubeide_1.19.0/plugins/com.st.stm32cube.ide.mcu.externaltools.gnu-tools-for-stm32.13.3.rel1.linux64_1.0.0.202410170706/tools/bin/../lib/gcc/arm-none-eabi/13.3.1/thumb/v7e-m+fp/hard/crtn.o
                0x10040000                        _estack = (ORIGIN (SRAM2_data) + LENGTH (SRAM2_data))
                0x00000200                        _Min_Heap_Size = 0x200
                0x00000400                        _Min_Stack_Size = 0x400
                0x10040000                        __OPENAMP_region_start__ = ORIGIN (SRAM3_ipc_shm)
                0x10050000                        __OPENAMP_region_end__ = (ORIGIN (SRAM3_ipc_shm) + LENGTH (SRAM3_ipc_shm))

.isr_vector     0x00000000      0x298
                0x00000000                        . = ALIGN (0x4)
 *(.isr_vector)
 .isr_vector    0x00000000      0x298 ./Core/Startup/startup_stm32mp157aacx.o
                0x00000000                g_pfnVectors
                0x00000298                        . = ALIGN (0x4)

.text           0x10000000     0xa2f0
                0x10000000                        . = ALIGN (0x4)
 *(.text)
 .text          0x10000000       0x40 /opt/st/stm32cubeide_1.19.0/plugins/com.st.stm32cube.ide.mcu.externaltools.gnu-tools-for-stm32.13.3.rel1.linux64_1.0.0.202410170706/tools/bin/../lib/gcc/arm-none-eabi/13.3.1/thumb/v7e-m+fp/hard/crtbegin.o
 .text          0x10000040       0x14 /opt/st/stm32cubeide_1.19.0/plugins/com.st.stm32cube.ide.mcu.externaltools.gnu-tools-for-stm32.13.3.rel1.linux64_1.0.0.202410170706/tools/bin/../lib/gcc/arm-none-eabi/13.3.1/../../../../arm-none-eabi/lib/thumb/v7e-m+fp/hard/libc_nano.a(libc_a-strcmp.o)
                0x10000040                strcmp
 .text          0x10000054       0x10 /opt/st/stm32cubeide_1.19.0/plugins/com.st.stm32cube.ide.mcu.externaltools.gnu-tools-for-stm32.13.3.rel1.linux64_1.0.0.202410170706/tools/bin/../lib/gcc/arm-none-eabi/13.3.1/../../../../arm-none-eabi/lib/thumb/v7e-m+fp/hard/libc_nano.a(libc_a-strlen.o)
                0x10000054                strlen
 *fill*         0x10000064        0xc 
 .text          0x10000070       0xa0 /opt/st/stm32cubeide_1.19.0/plugins/com.st.stm32cube.ide.mcu.externaltools.gnu-tools-for-stm32.13.3.rel1.linux64_1.0.0.202410170706/tools/bin/../lib/gcc/arm-none-eabi/13.3.1/../../../../arm-none-eabi/lib/thumb/v7e-m+fp/hard/libc_nano.a(libc_a-memchr.o)
                0x10000070                memchr
 *(.text*)
 .text.SystemInit
                0x10000110       0x4c ./Common/System/system_stm32mp1xx.o
                0x10000110                SystemInit
 .text.vApplicationGetIdleTaskMemory
                0x1000015c       0x34 ./Core/Src/app_freertos.o
                0x1000015c                vApplicationGetIdleTaskMemory
 .text.MX_FREERTOS_Init
                0x10000190       0x48 ./Core/Src/app_freertos.o
                0x10000190                MX_FREERTOS_Init
 .text.Task_Main
                0x100001d8       0x7c ./Core/Src/app_freertos.o
 .text.Task_Temperature
                0x10000254       0x90 ./Core/Src/app_freertos.o
 .text.VIRT_UART0_RxCpltCallback
                0x100002e4       0x4c ./Core/Src/main.o
 .text.rpmsg_send_str
                0x10000330       0x38 ./Core/Src/main.o
                0x10000330                rpmsg_send_str
 .text.__io_putchar
                0x10000368       0x58 ./Core/Src/main.o
                0x10000368                __io_putchar
 .text.parse_command
                0x100003c0       0xc8 ./Core/Src/main.o
                0x100003c0                parse_command
 .text.soft_i2c_delay
                0x10000488       0x26 ./Core/Src/main.o
 *fill*         0x100004ae        0x2 
 .text.SDA_HIGH
                0x100004b0       0x18 ./Core/Src/main.o
 .text.SDA_LOW  0x100004c8       0x18 ./Core/Src/main.o
 .text.SCL_HIGH
                0x100004e0       0x18 ./Core/Src/main.o
 .text.SCL_LOW  0x100004f8       0x18 ./Core/Src/main.o
 .text.SDA_READ
                0x10000510       0x18 ./Core/Src/main.o
 .text.soft_i2c_start
                0x10000528       0x24 ./Core/Src/main.o
 .text.soft_i2c_stop
                0x1000054c       0x20 ./Core/Src/main.o
 .text.soft_i2c_write_byte
                0x1000056c       0x7e ./Core/Src/main.o
 .text.soft_i2c_read_byte
                0x100005ea       0x84 ./Core/Src/main.o
 *fill*         0x1000066e        0x2 
 .text.SHT30_Read
                0x10000670      0x138 ./Core/Src/main.o
                0x10000670                SHT30_Read
 .text.check_temperature
                0x100007a8       0x5c ./Core/Src/main.o
                0x100007a8                check_temperature
 .text.main     0x10000804       0x7c ./Core/Src/main.o
                0x10000804                main
 .text.SystemClock_Config
                0x10000880      0x13c ./Core/Src/main.o
                0x10000880                SystemClock_Config
 .text.MX_IPCC_Init
                0x100009bc       0x28 ./Core/Src/main.o
 .text.MX_TIM3_Init
                0x100009e4       0x9c ./Core/Src/main.o
 .text.MX_GPIO_Init
                0x10000a80       0xf8 ./Core/Src/main.o
 .text.HAL_TIM_PeriodElapsedCallback
                0x10000b78      0x158 ./Core/Src/main.o
                0x10000b78                HAL_TIM_PeriodElapsedCallback
 .text.Error_Handler
                0x10000cd0        0xc ./Core/Src/main.o
                0x10000cd0                Error_Handler
 .text.HAL_MspInit
                0x10000cdc       0x60 ./Core/Src/stm32mp1xx_hal_msp.o
                0x10000cdc                HAL_MspInit
 .text.HAL_IPCC_MspInit
                0x10000d3c       0x4c ./Core/Src/stm32mp1xx_hal_msp.o
                0x10000d3c                HAL_IPCC_MspInit
 .text.HAL_TIM_Base_MspInit
                0x10000d88       0x38 ./Core/Src/stm32mp1xx_hal_msp.o
                0x10000d88                HAL_TIM_Base_MspInit
 .text.NMI_Handler
                0x10000dc0        0x8 ./Core/Src/stm32mp1xx_it.o
                0x10000dc0                NMI_Handler
 .text.HardFault_Handler
                0x10000dc8        0x8 ./Core/Src/stm32mp1xx_it.o
                0x10000dc8                HardFault_Handler
 .text.MemManage_Handler
                0x10000dd0        0x8 ./Core/Src/stm32mp1xx_it.o
                0x10000dd0                MemManage_Handler
 .text.BusFault_Handler
                0x10000dd8        0x8 ./Core/Src/stm32mp1xx_it.o
                0x10000dd8                BusFault_Handler
 .text.UsageFault_Handler
                0x10000de0        0x8 ./Core/Src/stm32mp1xx_it.o
                0x10000de0                UsageFault_Handler
 .text.DebugMon_Handler
                0x10000de8        0xe ./Core/Src/stm32mp1xx_it.o
                0x10000de8                DebugMon_Handler
 .text.SysTick_Handler
                0x10000df6       0x1a ./Core/Src/stm32mp1xx_it.o
                0x10000df6                SysTick_Handler
 .text.TIM3_IRQHandler
                0x10000e10       0x14 ./Core/Src/stm32mp1xx_it.o
                0x10000e10                TIM3_IRQHandler
 .text.IPCC_RX1_IRQHandler
                0x10000e24       0x14 ./Core/Src/stm32mp1xx_it.o
                0x10000e24                IPCC_RX1_IRQHandler
 .text.IPCC_TX1_IRQHandler
                0x10000e38       0x14 ./Core/Src/stm32mp1xx_it.o
                0x10000e38                IPCC_TX1_IRQHandler
 .text.RCC_WAKEUP_IRQHandler
                0x10000e4c        0xc ./Core/Src/stm32mp1xx_it.o
                0x10000e4c                RCC_WAKEUP_IRQHandler
 .text._getpid  0x10000e58       0x10 ./Core/Src/syscalls.o
                0x10000e58                _getpid
 .text._kill    0x10000e68       0x20 ./Core/Src/syscalls.o
                0x10000e68                _kill
 .text._exit    0x10000e88       0x16 ./Core/Src/syscalls.o
                0x10000e88                _exit
 .text._read    0x10000e9e       0x3a ./Core/Src/syscalls.o
                0x10000e9e                _read
 .text._write   0x10000ed8       0x38 ./Core/Src/syscalls.o
                0x10000ed8                _write
 .text._close   0x10000f10       0x18 ./Core/Src/syscalls.o
                0x10000f10                _close
 .text._fstat   0x10000f28       0x20 ./Core/Src/syscalls.o
                0x10000f28                _fstat
 .text._isatty  0x10000f48       0x16 ./Core/Src/syscalls.o
                0x10000f48                _isatty
 .text._lseek   0x10000f5e       0x1a ./Core/Src/syscalls.o
                0x10000f5e                _lseek
 .text._sbrk    0x10000f78       0x6c ./Core/Src/sysmem.o
                0x10000f78                _sbrk
 .text.Default_Handler
                0x10000fe4        0x2 ./Core/Startup/startup_stm32mp157aacx.o
                0x10000fe4                EXTI2_IRQHandler
                0x10000fe4                TIM8_TRG_COM_IRQHandler
                0x10000fe4                TIM8_CC_IRQHandler
                0x10000fe4                EXTI5_IRQHandler
                0x10000fe4                UART8_IRQHandler
                0x10000fe4                SPI4_IRQHandler
                0x10000fe4                EXTI13_IRQHandler
                0x10000fe4                TIM1_CC_IRQHandler
                0x10000fe4                DMA2_Stream5_IRQHandler
                0x10000fe4                ETH1_WKUP_IRQHandler
                0x10000fe4                TAMP_IRQHandler
                0x10000fe4                DMA1_Stream5_IRQHandler
                0x10000fe4                TIM6_IRQHandler
                0x10000fe4                EXTI12_IRQHandler
                0x10000fe4                EXTI3_IRQHandler
                0x10000fe4                LPTIM4_IRQHandler
                0x10000fe4                EXTI8_IRQHandler
                0x10000fe4                LPTIM2_IRQHandler
                0x10000fe4                DFSDM1_FLT1_IRQHandler
                0x10000fe4                I2C3_ER_IRQHandler
                0x10000fe4                DFSDM1_FLT2_IRQHandler
                0x10000fe4                I2C5_EV_IRQHandler
                0x10000fe4                MDMA_IRQHandler
                0x10000fe4                LPTIM3_IRQHandler
                0x10000fe4                EXTI0_IRQHandler
                0x10000fe4                I2C2_EV_IRQHandler
                0x10000fe4                DMA1_Stream2_IRQHandler
                0x10000fe4                FPU_IRQHandler
                0x10000fe4                USBH_OHCI_IRQHandler
                0x10000fe4                FDCAN1_IT1_IRQHandler
                0x10000fe4                LTDC_ER_IRQHandler
                0x10000fe4                DMA2_Stream2_IRQHandler
                0x10000fe4                IPCC_RX0_IRQHandler
                0x10000fe4                OTG_IRQHandler
                0x10000fe4                SPI1_IRQHandler
                0x10000fe4                DCMI_IRQHandler
                0x10000fe4                TIM8_UP_IRQHandler
                0x10000fe4                DMA2_Stream3_IRQHandler
                0x10000fe4                USBH_EHCI_IRQHandler
                0x10000fe4                nCTIIRQ2_IRQHandler
                0x10000fe4                HASH1_IRQHandler
                0x10000fe4                GPU_IRQHandler
                0x10000fe4                SAI2_IRQHandler
                0x10000fe4                ADC1_IRQHandler
                0x10000fe4                RESERVED148_IRQHandler
                0x10000fe4                RTC_TIMESTAMP_IRQHandler
                0x10000fe4                DFSDM1_FLT3_IRQHandler
                0x10000fe4                USART6_IRQHandler
                0x10000fe4                EXTI15_IRQHandler
                0x10000fe4                TIM17_IRQHandler
                0x10000fe4                USART3_IRQHandler
                0x10000fe4                EXTI9_IRQHandler
                0x10000fe4                LPTIM5_IRQHandler
                0x10000fe4                UART5_IRQHandler
                0x10000fe4                DMA2_Stream0_IRQHandler
                0x10000fe4                TIM4_IRQHandler
                0x10000fe4                CRYP2_IRQHandler
                0x10000fe4                QUADSPI_IRQHandler
                0x10000fe4                I2C1_EV_IRQHandler
                0x10000fe4                DMA1_Stream6_IRQHandler
                0x10000fe4                RESERVED99_IRQHandler
                0x10000fe4                DMAMUX1_OVR_IRQHandler
                0x10000fe4                DMA1_Stream1_IRQHandler
                0x10000fe4                TIM16_IRQHandler
                0x10000fe4                UART4_IRQHandler
                0x10000fe4                RCC_IRQHandler
                0x10000fe4                TIM1_TRG_COM_IRQHandler
                0x10000fe4                nCTIIRQ1_IRQHandler
                0x10000fe4                Default_Handler
                0x10000fe4                CEC_IRQHandler
                0x10000fe4                DFSDM1_FLT4_IRQHandler
                0x10000fe4                TIM14_IRQHandler
                0x10000fe4                I2C5_ER_IRQHandler
                0x10000fe4                TIM13_IRQHandler
                0x10000fe4                DMA1_Stream7_IRQHandler
                0x10000fe4                IPCC_TX0_IRQHandler
                0x10000fe4                SPI5_IRQHandler
                0x10000fe4                TIM12_IRQHandler
                0x10000fe4                TIM7_IRQHandler
                0x10000fe4                SDMMC1_IRQHandler
                0x10000fe4                TIM5_IRQHandler
                0x10000fe4                DMA2_Stream7_IRQHandler
                0x10000fe4                TIM15_IRQHandler
                0x10000fe4                PVD_AVD_IRQHandler
                0x10000fe4                I2C3_EV_IRQHandler
                0x10000fe4                SDMMC3_IRQHandler
                0x10000fe4                ETH1_IRQHandler
                0x10000fe4                LTDC_IRQHandler
                0x10000fe4                SAI3_IRQHandler
                0x10000fe4                SPDIF_RX_IRQHandler
                0x10000fe4                ADC2_IRQHandler
                0x10000fe4                SPI2_IRQHandler
                0x10000fe4                DFSDM1_FLT5_IRQHandler
                0x10000fe4                DMA1_Stream0_IRQHandler
                0x10000fe4                EXTI14_IRQHandler
                0x10000fe4                EXTI11_IRQHandler
                0x10000fe4                CRYP1_IRQHandler
                0x10000fe4                RNG2_IRQHandler
                0x10000fe4                RNG1_IRQHandler
                0x10000fe4                HASH2_IRQHandler
                0x10000fe4                EXTI4_IRQHandler
                0x10000fe4                ETH1_LPI_IRQHandler
                0x10000fe4                FDCAN2_IT1_IRQHandler
                0x10000fe4                DSI_IRQHandler
                0x10000fe4                TIM1_UP_IRQHandler
                0x10000fe4                HSEM_IT2_IRQHandler
                0x10000fe4                SPI6_IRQHandler
                0x10000fe4                MDIOS_IRQHandler
                0x10000fe4                I2C4_EV_IRQHandler
                0x10000fe4                FDCAN2_IT0_IRQHandler
                0x10000fe4                I2C6_ER_IRQHandler
                0x10000fe4                FDCAN1_IT0_IRQHandler
                0x10000fe4                TIM2_IRQHandler
                0x10000fe4                EXTI7_IRQHandler
                0x10000fe4                TIM1_BRK_IRQHandler
                0x10000fe4                DAC_IRQHandler
                0x10000fe4                EXTI1_IRQHandler
                0x10000fe4                SDMMC2_IRQHandler
                0x10000fe4                DTS_IRQHandler
                0x10000fe4                UART7_IRQHandler
                0x10000fe4                USART2_IRQHandler
                0x10000fe4                I2C6_EV_IRQHandler
                0x10000fe4                DFSDM1_FLT0_IRQHandler
                0x10000fe4                SAI4_IRQHandler
                0x10000fe4                I2C2_ER_IRQHandler
                0x10000fe4                DMA2_Stream1_IRQHandler
                0x10000fe4                TIM8_BRK_IRQHandler
                0x10000fe4                WWDG1_IRQHandler
                0x10000fe4                DMA2_Stream4_IRQHandler
                0x10000fe4                USART1_IRQHandler
                0x10000fe4                RESERVED143_IRQHandler
                0x10000fe4                EXTI10_IRQHandler
                0x10000fe4                SPI3_IRQHandler
                0x10000fe4                WAKEUP_PIN_IRQHandler
                0x10000fe4                DMA1_Stream4_IRQHandler
                0x10000fe4                I2C1_ER_IRQHandler
                0x10000fe4                FMC_IRQHandler
                0x10000fe4                FDCAN_CAL_IRQHandler
                0x10000fe4                EXTI6_IRQHandler
                0x10000fe4                MPU_SEV_IRQHandler
                0x10000fe4                LPTIM1_IRQHandler
                0x10000fe4                RTC_WKUP_ALARM_IRQHandler
                0x10000fe4                I2C4_ER_IRQHandler
                0x10000fe4                DMA2_Stream6_IRQHandler
                0x10000fe4                SAI1_IRQHandler
                0x10000fe4                DMA1_Stream3_IRQHandler
                0x10000fe4                RESERVED4_IRQHandler
 *fill*         0x10000fe6        0x2 
 .text.HAL_Init
                0x10000fe8       0x34 ./Drivers/STM32MP1xx_HAL_Driver/stm32mp1xx_hal.o
                0x10000fe8                HAL_Init
 .text.HAL_InitTick
                0x1000101c       0x6c ./Drivers/STM32MP1xx_HAL_Driver/stm32mp1xx_hal.o
                0x1000101c                HAL_InitTick
 .text.HAL_IncTick
                0x10001088       0x28 ./Drivers/STM32MP1xx_HAL_Driver/stm32mp1xx_hal.o
                0x10001088                HAL_IncTick
 .text.HAL_GetTick
                0x100010b0       0x18 ./Drivers/STM32MP1xx_HAL_Driver/stm32mp1xx_hal.o
                0x100010b0                HAL_GetTick
 .text.HAL_Delay
                0x100010c8       0x48 ./Drivers/STM32MP1xx_HAL_Driver/stm32mp1xx_hal.o
                0x100010c8                HAL_Delay
 .text.__NVIC_SetPriorityGrouping
                0x10001110       0x48 ./Drivers/STM32MP1xx_HAL_Driver/stm32mp1xx_hal_cortex.o
 .text.__NVIC_GetPriorityGrouping
                0x10001158       0x1c ./Drivers/STM32MP1xx_HAL_Driver/stm32mp1xx_hal_cortex.o
 .text.__NVIC_EnableIRQ
                0x10001174       0x3c ./Drivers/STM32MP1xx_HAL_Driver/stm32mp1xx_hal_cortex.o
 .text.__NVIC_SetPriority
                0x100011b0       0x54 ./Drivers/STM32MP1xx_HAL_Driver/stm32mp1xx_hal_cortex.o
 .text.NVIC_EncodePriority
                0x10001204       0x66 ./Drivers/STM32MP1xx_HAL_Driver/stm32mp1xx_hal_cortex.o
 *fill*         0x1000126a        0x2 
 .text.SysTick_Config
                0x1000126c       0x44 ./Drivers/STM32MP1xx_HAL_Driver/stm32mp1xx_hal_cortex.o
 .text.HAL_NVIC_SetPriorityGrouping
                0x100012b0       0x16 ./Drivers/STM32MP1xx_HAL_Driver/stm32mp1xx_hal_cortex.o
                0x100012b0                HAL_NVIC_SetPriorityGrouping
 .text.HAL_NVIC_SetPriority
                0x100012c6       0x38 ./Drivers/STM32MP1xx_HAL_Driver/stm32mp1xx_hal_cortex.o
                0x100012c6                HAL_NVIC_SetPriority
 .text.HAL_NVIC_EnableIRQ
                0x100012fe       0x1c ./Drivers/STM32MP1xx_HAL_Driver/stm32mp1xx_hal_cortex.o
                0x100012fe                HAL_NVIC_EnableIRQ
 .text.HAL_SYSTICK_Config
                0x1000131a       0x18 ./Drivers/STM32MP1xx_HAL_Driver/stm32mp1xx_hal_cortex.o
                0x1000131a                HAL_SYSTICK_Config
 *fill*         0x10001332        0x2 
 .text.HAL_GPIO_Init
                0x10001334      0x354 ./Drivers/STM32MP1xx_HAL_Driver/stm32mp1xx_hal_gpio.o
                0x10001334                HAL_GPIO_Init
 .text.HAL_GPIO_ReadPin
                0x10001688       0x30 ./Drivers/STM32MP1xx_HAL_Driver/stm32mp1xx_hal_gpio.o
                0x10001688                HAL_GPIO_ReadPin
 .text.HAL_GPIO_WritePin
                0x100016b8       0x32 ./Drivers/STM32MP1xx_HAL_Driver/stm32mp1xx_hal_gpio.o
                0x100016b8                HAL_GPIO_WritePin
 *fill*         0x100016ea        0x2 
 .text.HAL_IPCC_Init
                0x100016ec       0x64 ./Drivers/STM32MP1xx_HAL_Driver/stm32mp1xx_hal_ipcc.o
                0x100016ec                HAL_IPCC_Init
 .text.HAL_IPCC_ActivateNotification
                0x10001750       0x9c ./Drivers/STM32MP1xx_HAL_Driver/stm32mp1xx_hal_ipcc.o
                0x10001750                HAL_IPCC_ActivateNotification
 .text.HAL_IPCC_GetChannelStatus
                0x100017ec       0x68 ./Drivers/STM32MP1xx_HAL_Driver/stm32mp1xx_hal_ipcc.o
                0x100017ec                HAL_IPCC_GetChannelStatus
 .text.HAL_IPCC_NotifyCPU
                0x10001854       0x8c ./Drivers/STM32MP1xx_HAL_Driver/stm32mp1xx_hal_ipcc.o
                0x10001854                HAL_IPCC_NotifyCPU
 .text.HAL_IPCC_TX_IRQHandler
                0x100018e0       0x9c ./Drivers/STM32MP1xx_HAL_Driver/stm32mp1xx_hal_ipcc.o
                0x100018e0                HAL_IPCC_TX_IRQHandler
 .text.HAL_IPCC_RX_IRQHandler
                0x1000197c       0x98 ./Drivers/STM32MP1xx_HAL_Driver/stm32mp1xx_hal_ipcc.o
                0x1000197c                HAL_IPCC_RX_IRQHandler
 .text.HAL_IPCC_RxCallback
                0x10001a14       0x1a ./Drivers/STM32MP1xx_HAL_Driver/stm32mp1xx_hal_ipcc.o
                0x10001a14                HAL_IPCC_RxCallback
 .text.HAL_IPCC_TxCallback
                0x10001a2e       0x1a ./Drivers/STM32MP1xx_HAL_Driver/stm32mp1xx_hal_ipcc.o
                0x10001a2e                HAL_IPCC_TxCallback
 .text.IPCC_UnmaskInterrupt
                0x10001a48       0x5c ./Drivers/STM32MP1xx_HAL_Driver/stm32mp1xx_hal_ipcc.o
                0x10001a48                IPCC_UnmaskInterrupt
 .text.IPCC_SetDefaultCallbacks
                0x10001aa4       0x4c ./Drivers/STM32MP1xx_HAL_Driver/stm32mp1xx_hal_ipcc.o
                0x10001aa4                IPCC_SetDefaultCallbacks
 .text.IPCC_Reset_Register
                0x10001af0       0x28 ./Drivers/STM32MP1xx_HAL_Driver/stm32mp1xx_hal_ipcc.o
                0x10001af0                IPCC_Reset_Register
 .text.HAL_RCC_OscConfig
                0x10001b18      0x664 ./Drivers/STM32MP1xx_HAL_Driver/stm32mp1xx_hal_rcc.o
                0x10001b18                HAL_RCC_OscConfig
 .text.HAL_RCC_HSEConfig
                0x1000217c       0xd6 ./Drivers/STM32MP1xx_HAL_Driver/stm32mp1xx_hal_rcc.o
                0x1000217c                HAL_RCC_HSEConfig
 .text.HAL_RCC_LSEConfig
                0x10002252       0xfa ./Drivers/STM32MP1xx_HAL_Driver/stm32mp1xx_hal_rcc.o
                0x10002252                HAL_RCC_LSEConfig
 .text.RCC_PLL1_Config
                0x1000234c      0x308 ./Drivers/STM32MP1xx_HAL_Driver/stm32mp1xx_hal_rcc.o
                0x1000234c                RCC_PLL1_Config
 .text.HAL_RCC_ClockConfig
                0x10002654      0x224 ./Drivers/STM32MP1xx_HAL_Driver/stm32mp1xx_hal_rcc.o
                0x10002654                HAL_RCC_ClockConfig
 .text.RCC_MPUConfig
                0x10002878       0xec ./Drivers/STM32MP1xx_HAL_Driver/stm32mp1xx_hal_rcc.o
                0x10002878                RCC_MPUConfig
 .text.RCC_AXISSConfig
                0x10002964      0x12e ./Drivers/STM32MP1xx_HAL_Driver/stm32mp1xx_hal_rcc.o
                0x10002964                RCC_AXISSConfig
 *fill*         0x10002a92        0x2 
 .text.RCC_MCUConfig
                0x10002a94      0x150 ./Drivers/STM32MP1xx_HAL_Driver/stm32mp1xx_hal_rcc.o
                0x10002a94                RCC_MCUConfig
 .text.HAL_RCC_GetPLL3ClockFreq
                0x10002be4      0x1f4 ./Drivers/STM32MP1xx_HAL_Driver/stm32mp1xx_hal_rcc.o
                0x10002be4                HAL_RCC_GetPLL3ClockFreq
 .text.HAL_RCC_GetMCUFreq
                0x10002dd8       0x36 ./Drivers/STM32MP1xx_HAL_Driver/stm32mp1xx_hal_rcc.o
                0x10002dd8                HAL_RCC_GetMCUFreq
 .text.HAL_RCC_GetSystemCoreClockFreq
                0x10002e0e        0xe ./Drivers/STM32MP1xx_HAL_Driver/stm32mp1xx_hal_rcc.o
                0x10002e0e                HAL_RCC_GetSystemCoreClockFreq
 .text.HAL_RCC_GetMCUSSFreq
                0x10002e1c       0x74 ./Drivers/STM32MP1xx_HAL_Driver/stm32mp1xx_hal_rcc.o
                0x10002e1c                HAL_RCC_GetMCUSSFreq
 .text.HAL_RCC_WAKEUP_IRQHandler
                0x10002e90       0x2a ./Drivers/STM32MP1xx_HAL_Driver/stm32mp1xx_hal_rcc.o
                0x10002e90                HAL_RCC_WAKEUP_IRQHandler
 .text.HAL_RCC_WAKEUP_Callback
                0x10002eba        0xe ./Drivers/STM32MP1xx_HAL_Driver/stm32mp1xx_hal_rcc.o
                0x10002eba                HAL_RCC_WAKEUP_Callback
 .text.RCCEx_PLL2_Config
                0x10002ec8      0x304 ./Drivers/STM32MP1xx_HAL_Driver/stm32mp1xx_hal_rcc_ex.o
                0x10002ec8                RCCEx_PLL2_Config
 .text.RCCEx_PLL3_Config
                0x100031cc      0x2d4 ./Drivers/STM32MP1xx_HAL_Driver/stm32mp1xx_hal_rcc_ex.o
                0x100031cc                RCCEx_PLL3_Config
 .text.RCCEx_PLL4_Config
                0x100034a0      0x2b0 ./Drivers/STM32MP1xx_HAL_Driver/stm32mp1xx_hal_rcc_ex.o
                0x100034a0                RCCEx_PLL4_Config
 .text.HAL_TIM_Base_Init
                0x10003750       0x56 ./Drivers/STM32MP1xx_HAL_Driver/stm32mp1xx_hal_tim.o
                0x10003750                HAL_TIM_Base_Init
 *fill*         0x100037a6        0x2 
 .text.HAL_TIM_Base_Start_IT
                0x100037a8       0x54 ./Drivers/STM32MP1xx_HAL_Driver/stm32mp1xx_hal_tim.o
                0x100037a8                HAL_TIM_Base_Start_IT
 .text.HAL_TIM_IRQHandler
                0x100037fc      0x23e ./Drivers/STM32MP1xx_HAL_Driver/stm32mp1xx_hal_tim.o
                0x100037fc                HAL_TIM_IRQHandler
 .text.HAL_TIM_ConfigClockSource
                0x10003a3a      0x18c ./Drivers/STM32MP1xx_HAL_Driver/stm32mp1xx_hal_tim.o
                0x10003a3a                HAL_TIM_ConfigClockSource
 .text.HAL_TIM_OC_DelayElapsedCallback
                0x10003bc6       0x14 ./Drivers/STM32MP1xx_HAL_Driver/stm32mp1xx_hal_tim.o
                0x10003bc6                HAL_TIM_OC_DelayElapsedCallback
 .text.HAL_TIM_IC_CaptureCallback
                0x10003bda       0x14 ./Drivers/STM32MP1xx_HAL_Driver/stm32mp1xx_hal_tim.o
                0x10003bda                HAL_TIM_IC_CaptureCallback
 .text.HAL_TIM_PWM_PulseFinishedCallback
                0x10003bee       0x14 ./Drivers/STM32MP1xx_HAL_Driver/stm32mp1xx_hal_tim.o
                0x10003bee                HAL_TIM_PWM_PulseFinishedCallback
 .text.HAL_TIM_TriggerCallback
                0x10003c02       0x14 ./Drivers/STM32MP1xx_HAL_Driver/stm32mp1xx_hal_tim.o
                0x10003c02                HAL_TIM_TriggerCallback
 *fill*         0x10003c16        0x2 
 .text.TIM_Base_SetConfig
                0x10003c18      0x130 ./Drivers/STM32MP1xx_HAL_Driver/stm32mp1xx_hal_tim.o
                0x10003c18                TIM_Base_SetConfig
 .text.TIM_TI1_ConfigInputStage
                0x10003d48       0x5e ./Drivers/STM32MP1xx_HAL_Driver/stm32mp1xx_hal_tim.o
 .text.TIM_TI2_ConfigInputStage
                0x10003da6       0x60 ./Drivers/STM32MP1xx_HAL_Driver/stm32mp1xx_hal_tim.o
 .text.TIM_ITRx_SetConfig
                0x10003e06       0x3a ./Drivers/STM32MP1xx_HAL_Driver/stm32mp1xx_hal_tim.o
 .text.TIM_ETR_SetConfig
                0x10003e40       0x40 ./Drivers/STM32MP1xx_HAL_Driver/stm32mp1xx_hal_tim.o
                0x10003e40                TIM_ETR_SetConfig
 .text.HAL_TIMEx_MasterConfigSynchronization
                0x10003e80       0xb4 ./Drivers/STM32MP1xx_HAL_Driver/stm32mp1xx_hal_tim_ex.o
                0x10003e80                HAL_TIMEx_MasterConfigSynchronization
 .text.HAL_TIMEx_CommutCallback
                0x10003f34       0x14 ./Drivers/STM32MP1xx_HAL_Driver/stm32mp1xx_hal_tim_ex.o
                0x10003f34                HAL_TIMEx_CommutCallback
 .text.HAL_TIMEx_BreakCallback
                0x10003f48       0x14 ./Drivers/STM32MP1xx_HAL_Driver/stm32mp1xx_hal_tim_ex.o
                0x10003f48                HAL_TIMEx_BreakCallback
 .text.HAL_TIMEx_Break2Callback
                0x10003f5c       0x14 ./Drivers/STM32MP1xx_HAL_Driver/stm32mp1xx_hal_tim_ex.o
                0x10003f5c                HAL_TIMEx_Break2Callback
 .text.pvPortMalloc
                0x10003f70      0x198 ./Middlewares/Third_Party/FreeRTOS/heap_4.o
                0x10003f70                pvPortMalloc
 .text.vPortFree
                0x10004108       0xb4 ./Middlewares/Third_Party/FreeRTOS/heap_4.o
                0x10004108                vPortFree
 .text.prvHeapInit
                0x100041bc       0xb8 ./Middlewares/Third_Party/FreeRTOS/heap_4.o
 .text.prvInsertBlockIntoFreeList
                0x10004274       0xb4 ./Middlewares/Third_Party/FreeRTOS/heap_4.o
 .text.vListInitialise
                0x10004328       0x40 ./Middlewares/Third_Party/FreeRTOS/list.o
                0x10004328                vListInitialise
 .text.vListInitialiseItem
                0x10004368       0x1a ./Middlewares/Third_Party/FreeRTOS/list.o
                0x10004368                vListInitialiseItem
 .text.vListInsert
                0x10004382       0x72 ./Middlewares/Third_Party/FreeRTOS/list.o
                0x10004382                vListInsert
 .text.uxListRemove
                0x100043f4       0x54 ./Middlewares/Third_Party/FreeRTOS/list.o
                0x100043f4                uxListRemove
 .text.pxPortInitialiseStack
                0x10004448       0x68 ./Middlewares/Third_Party/FreeRTOS/port.o
                0x10004448                pxPortInitialiseStack
 .text.prvTaskExitError
                0x100044b0       0x5c ./Middlewares/Third_Party/FreeRTOS/port.o
 *fill*         0x1000450c        0x4 
 .text.SVC_Handler
                0x10004510       0x28 ./Middlewares/Third_Party/FreeRTOS/port.o
                0x10004510                SVC_Handler
 .text.prvPortStartFirstTask
                0x10004538       0x2c ./Middlewares/Third_Party/FreeRTOS/port.o
 .text.xPortStartScheduler
                0x10004564      0x17c ./Middlewares/Third_Party/FreeRTOS/port.o
                0x10004564                xPortStartScheduler
 .text.vPortEnterCritical
                0x100046e0       0x64 ./Middlewares/Third_Party/FreeRTOS/port.o
                0x100046e0                vPortEnterCritical
 .text.vPortExitCritical
                0x10004744       0x54 ./Middlewares/Third_Party/FreeRTOS/port.o
                0x10004744                vPortExitCritical
 *fill*         0x10004798        0x8 
 .text.PendSV_Handler
                0x100047a0       0x68 ./Middlewares/Third_Party/FreeRTOS/port.o
                0x100047a0                PendSV_Handler
 .text.xPortSysTickHandler
                0x10004808       0x44 ./Middlewares/Third_Party/FreeRTOS/port.o
                0x10004808                xPortSysTickHandler
 .text.vPortSetupTimerInterrupt
                0x1000484c       0x48 ./Middlewares/Third_Party/FreeRTOS/port.o
                0x1000484c                vPortSetupTimerInterrupt
 .text.vPortEnableVFP
                0x10004894       0x18 ./Middlewares/Third_Party/FreeRTOS/port.o
 .text.xQueueGenericReset
                0x100048ac      0x124 ./Middlewares/Third_Party/FreeRTOS/queue.o
                0x100048ac                xQueueGenericReset
 .text.xQueueGenericCreate
                0x100049d0       0xa6 ./Middlewares/Third_Party/FreeRTOS/queue.o
                0x100049d0                xQueueGenericCreate
 .text.prvInitialiseNewQueue
                0x10004a76       0x3e ./Middlewares/Third_Party/FreeRTOS/queue.o
 .text.prvInitialiseMutex
                0x10004ab4       0x34 ./Middlewares/Third_Party/FreeRTOS/queue.o
 .text.xQueueCreateMutex
                0x10004ae8       0x30 ./Middlewares/Third_Party/FreeRTOS/queue.o
                0x10004ae8                xQueueCreateMutex
 .text.xQueueGenericSend
                0x10004b18      0x204 ./Middlewares/Third_Party/FreeRTOS/queue.o
                0x10004b18                xQueueGenericSend
 .text.xQueueSemaphoreTake
                0x10004d1c      0x200 ./Middlewares/Third_Party/FreeRTOS/queue.o
                0x10004d1c                xQueueSemaphoreTake
 .text.prvGetDisinheritPriorityAfterTimeout
                0x10004f1c       0x30 ./Middlewares/Third_Party/FreeRTOS/queue.o
 .text.prvCopyDataToQueue
                0x10004f4c       0xd4 ./Middlewares/Third_Party/FreeRTOS/queue.o
 .text.prvUnlockQueue
                0x10005020       0xa4 ./Middlewares/Third_Party/FreeRTOS/queue.o
 .text.prvIsQueueEmpty
                0x100050c4       0x2c ./Middlewares/Third_Party/FreeRTOS/queue.o
 .text.prvIsQueueFull
                0x100050f0       0x30 ./Middlewares/Third_Party/FreeRTOS/queue.o
 .text.xTaskCreateStatic
                0x10005120       0xca ./Middlewares/Third_Party/FreeRTOS/tasks.o
                0x10005120                xTaskCreateStatic
 .text.xTaskCreate
                0x100051ea       0x94 ./Middlewares/Third_Party/FreeRTOS/tasks.o
                0x100051ea                xTaskCreate
 .text.prvInitialiseNewTask
                0x1000527e      0x110 ./Middlewares/Third_Party/FreeRTOS/tasks.o
 *fill*         0x1000538e        0x2 
 .text.prvAddNewTaskToReadyList
                0x10005390      0x124 ./Middlewares/Third_Party/FreeRTOS/tasks.o
 .text.vTaskDelay
                0x100054b4       0x6c ./Middlewares/Third_Party/FreeRTOS/tasks.o
                0x100054b4                vTaskDelay
 .text.vTaskStartScheduler
                0x10005520       0xcc ./Middlewares/Third_Party/FreeRTOS/tasks.o
                0x10005520                vTaskStartScheduler
 .text.vTaskSuspendAll
                0x100055ec       0x1c ./Middlewares/Third_Party/FreeRTOS/tasks.o
                0x100055ec                vTaskSuspendAll
 .text.xTaskResumeAll
                0x10005608      0x1f8 ./Middlewares/Third_Party/FreeRTOS/tasks.o
                0x10005608                xTaskResumeAll
 .text.xTaskIncrementTick
                0x10005800      0x230 ./Middlewares/Third_Party/FreeRTOS/tasks.o
                0x10005800                xTaskIncrementTick
 .text.vTaskSwitchContext
                0x10005a30       0xb8 ./Middlewares/Third_Party/FreeRTOS/tasks.o
                0x10005a30                vTaskSwitchContext
 .text.vTaskPlaceOnEventList
                0x10005ae8       0x4c ./Middlewares/Third_Party/FreeRTOS/tasks.o
                0x10005ae8                vTaskPlaceOnEventList
 .text.xTaskRemoveFromEventList
                0x10005b34      0x1b0 ./Middlewares/Third_Party/FreeRTOS/tasks.o
                0x10005b34                xTaskRemoveFromEventList
 .text.vTaskInternalSetTimeOutState
                0x10005ce4       0x2c ./Middlewares/Third_Party/FreeRTOS/tasks.o
                0x10005ce4                vTaskInternalSetTimeOutState
 .text.xTaskCheckForTimeOut
                0x10005d10       0xd0 ./Middlewares/Third_Party/FreeRTOS/tasks.o
                0x10005d10                xTaskCheckForTimeOut
 .text.vTaskMissedYield
                0x10005de0       0x18 ./Middlewares/Third_Party/FreeRTOS/tasks.o
                0x10005de0                vTaskMissedYield
 .text.prvIdleTask
                0x10005df8       0x30 ./Middlewares/Third_Party/FreeRTOS/tasks.o
 .text.prvInitialiseTaskLists
                0x10005e28       0x80 ./Middlewares/Third_Party/FreeRTOS/tasks.o
 .text.prvCheckTasksWaitingTermination
                0x10005ea8       0x5c ./Middlewares/Third_Party/FreeRTOS/tasks.o
 .text.prvDeleteTCB
                0x10005f04       0x60 ./Middlewares/Third_Party/FreeRTOS/tasks.o
 .text.prvResetNextTaskUnblockTime
                0x10005f64       0x38 ./Middlewares/Third_Party/FreeRTOS/tasks.o
 .text.xTaskGetSchedulerState
                0x10005f9c       0x3c ./Middlewares/Third_Party/FreeRTOS/tasks.o
                0x10005f9c                xTaskGetSchedulerState
 .text.xTaskPriorityInherit
                0x10005fd8      0x13c ./Middlewares/Third_Party/FreeRTOS/tasks.o
                0x10005fd8                xTaskPriorityInherit
 .text.xTaskPriorityDisinherit
                0x10006114      0x14c ./Middlewares/Third_Party/FreeRTOS/tasks.o
                0x10006114                xTaskPriorityDisinherit
 .text.vTaskPriorityDisinheritAfterTimeout
                0x10006260      0x174 ./Middlewares/Third_Party/FreeRTOS/tasks.o
                0x10006260                vTaskPriorityDisinheritAfterTimeout
 .text.pvTaskIncrementMutexHeldCount
                0x100063d4       0x28 ./Middlewares/Third_Party/FreeRTOS/tasks.o
                0x100063d4                pvTaskIncrementMutexHeldCount
 .text.prvAddCurrentTaskToDelayedList
                0x100063fc      0x100 ./Middlewares/Third_Party/FreeRTOS/tasks.o
 .text.metal_list_init
                0x100064fc       0x20 ./Middlewares/Third_Party/OpenAMP/device.o
 .text.metal_list_add_before
                0x1000651c       0x34 ./Middlewares/Third_Party/OpenAMP/device.o
 .text.metal_list_add_tail
                0x10006550       0x1a ./Middlewares/Third_Party/OpenAMP/device.o
 .text.__metal_cache_flush
                0x1000656a       0x1a ./Middlewares/Third_Party/OpenAMP/device.o
 .text.__metal_cache_invalidate
                0x10006584       0x1a ./Middlewares/Third_Party/OpenAMP/device.o
 .text.metal_cache_flush
                0x1000659e       0x1a ./Middlewares/Third_Party/OpenAMP/device.o
 .text.metal_cache_invalidate
                0x100065b8       0x1a ./Middlewares/Third_Party/OpenAMP/device.o
 *fill*         0x100065d2        0x2 
 .text.metal_bus_register
                0x100065d4       0x88 ./Middlewares/Third_Party/OpenAMP/device.o
                0x100065d4                metal_bus_register
 .text.metal_bus_find
                0x1000665c       0x5c ./Middlewares/Third_Party/OpenAMP/device.o
                0x1000665c                metal_bus_find
 .text.metal_device_open
                0x100066b8       0x7c ./Middlewares/Third_Party/OpenAMP/device.o
                0x100066b8                metal_device_open
 .text.metal_register_generic_device
                0x10006734       0x4c ./Middlewares/Third_Party/OpenAMP/device.o
                0x10006734                metal_register_generic_device
 .text.metal_generic_dev_open
                0x10006780       0x60 ./Middlewares/Third_Party/OpenAMP/device.o
                0x10006780                metal_generic_dev_open
 .text.metal_generic_dev_dma_map
                0x100067e0       0xa2 ./Middlewares/Third_Party/OpenAMP/device.o
                0x100067e0                metal_generic_dev_dma_map
 .text.metal_generic_dev_dma_unmap
                0x10006882       0x56 ./Middlewares/Third_Party/OpenAMP/device.o
                0x10006882                metal_generic_dev_dma_unmap
 .text.metal_generic_dev_sys_open
                0x100068d8       0x4e ./Middlewares/Third_Party/OpenAMP/freertos_device.o
                0x100068d8                metal_generic_dev_sys_open
 *fill*         0x10006926        0x2 
 .text.metal_sys_init
                0x10006928       0x1c ./Middlewares/Third_Party/OpenAMP/freertos_init.o
                0x10006928                metal_sys_init
 .text.metal_sys_io_mem_map
                0x10006944       0x7c ./Middlewares/Third_Party/OpenAMP/freertos_io.o
                0x10006944                metal_sys_io_mem_map
 .text.metal_list_init
                0x100069c0       0x20 ./Middlewares/Third_Party/OpenAMP/init.o
 .text.metal_init
                0x100069e0       0x64 ./Middlewares/Third_Party/OpenAMP/init.o
                0x100069e0                metal_init
 .text.metal_io_virt
                0x10006a44       0x38 ./Middlewares/Third_Party/OpenAMP/io.o
 .text.metal_io_init
                0x10006a7c       0x9a ./Middlewares/Third_Party/OpenAMP/io.o
                0x10006a7c                metal_io_init
 .text.metal_io_block_read
                0x10006b16       0xea ./Middlewares/Third_Party/OpenAMP/io.o
                0x10006b16                metal_io_block_read
 .text.metal_io_block_write
                0x10006c00       0xe8 ./Middlewares/Third_Party/OpenAMP/io.o
                0x10006c00                metal_io_block_write
 .text.metal_default_log_handler
                0x10006ce8       0x1a ./Middlewares/Third_Party/OpenAMP/log.o
                0x10006ce8                metal_default_log_handler
 .text.metal_io_virt
                0x10006d02       0x38 ./Middlewares/Third_Party/OpenAMP/remoteproc_virtio.o
 .text.metal_io_virt_to_offset
                0x10006d3a       0x32 ./Middlewares/Third_Party/OpenAMP/remoteproc_virtio.o
 .text.metal_io_read
                0x10006d6c      0x104 ./Middlewares/Third_Party/OpenAMP/remoteproc_virtio.o
 .text.metal_allocate_memory
                0x10006e70       0x18 ./Middlewares/Third_Party/OpenAMP/remoteproc_virtio.o
 .text.metal_free_memory
                0x10006e88       0x16 ./Middlewares/Third_Party/OpenAMP/remoteproc_virtio.o
 .text.virtqueue_allocate
                0x10006e9e       0x32 ./Middlewares/Third_Party/OpenAMP/remoteproc_virtio.o
 .text.rproc_virtio_virtqueue_notify
                0x10006ed0       0x68 ./Middlewares/Third_Party/OpenAMP/remoteproc_virtio.o
 .text.rproc_virtio_get_status
                0x10006f38       0x44 ./Middlewares/Third_Party/OpenAMP/remoteproc_virtio.o
 .text.rproc_virtio_get_dfeatures
                0x10006f7c       0x44 ./Middlewares/Third_Party/OpenAMP/remoteproc_virtio.o
 .text.rproc_virtio_get_features
                0x10006fc0       0x50 ./Middlewares/Third_Party/OpenAMP/remoteproc_virtio.o
 .text.rproc_virtio_read_config
                0x10007010       0x66 ./Middlewares/Third_Party/OpenAMP/remoteproc_virtio.o
 *fill*         0x10007076        0x2 
 .text.rproc_virtio_create_vdev
                0x10007078      0x15c ./Middlewares/Third_Party/OpenAMP/remoteproc_virtio.o
                0x10007078                rproc_virtio_create_vdev
 .text.rproc_virtio_init_vring
                0x100071d4       0x62 ./Middlewares/Third_Party/OpenAMP/remoteproc_virtio.o
                0x100071d4                rproc_virtio_init_vring
 .text.rproc_virtio_notified
                0x10007236       0x78 ./Middlewares/Third_Party/OpenAMP/remoteproc_virtio.o
                0x10007236                rproc_virtio_notified
 .text.rproc_virtio_wait_remote_ready
                0x100072ae       0x32 ./Middlewares/Third_Party/OpenAMP/remoteproc_virtio.o
                0x100072ae                rproc_virtio_wait_remote_ready
 .text.__metal_mutex_acquire
                0x100072e0       0x44 ./Middlewares/Third_Party/OpenAMP/rpmsg.o
 .text.__metal_mutex_release
                0x10007324       0x44 ./Middlewares/Third_Party/OpenAMP/rpmsg.o
 .text.metal_mutex_acquire
                0x10007368       0x16 ./Middlewares/Third_Party/OpenAMP/rpmsg.o
 .text.metal_mutex_release
                0x1000737e       0x16 ./Middlewares/Third_Party/OpenAMP/rpmsg.o
 .text.metal_list_add_before
                0x10007394       0x34 ./Middlewares/Third_Party/OpenAMP/rpmsg.o
 .text.metal_list_add_tail
                0x100073c8       0x1a ./Middlewares/Third_Party/OpenAMP/rpmsg.o
 .text.metal_list_del
                0x100073e2       0x34 ./Middlewares/Third_Party/OpenAMP/rpmsg.o
 .text.metal_bitmap_set_bit
                0x10007416       0x38 ./Middlewares/Third_Party/OpenAMP/rpmsg.o
 .text.metal_bitmap_is_bit_set
                0x1000744e       0x3a ./Middlewares/Third_Party/OpenAMP/rpmsg.o
 .text.metal_bitmap_clear_bit
                0x10007488       0x3a ./Middlewares/Third_Party/OpenAMP/rpmsg.o
 .text.metal_bitmap_is_bit_clear
                0x100074c2       0x26 ./Middlewares/Third_Party/OpenAMP/rpmsg.o
 .text.metal_bitmap_next_clear_bit
                0x100074e8       0x3a ./Middlewares/Third_Party/OpenAMP/rpmsg.o
 *fill*         0x10007522        0x2 
 .text.rpmsg_initialize_ept
                0x10007524       0x48 ./Middlewares/Third_Party/OpenAMP/rpmsg.o
 .text.rpmsg_get_address
                0x1000756c       0x42 ./Middlewares/Third_Party/OpenAMP/rpmsg.o
 .text.rpmsg_release_address
                0x100075ae       0x32 ./Middlewares/Third_Party/OpenAMP/rpmsg.o
 .text.rpmsg_is_address_set
                0x100075e0       0x3c ./Middlewares/Third_Party/OpenAMP/rpmsg.o
 .text.rpmsg_set_address
                0x1000761c       0x3c ./Middlewares/Third_Party/OpenAMP/rpmsg.o
 .text.rpmsg_send_offchannel_raw
                0x10007658       0x64 ./Middlewares/Third_Party/OpenAMP/rpmsg.o
                0x10007658                rpmsg_send_offchannel_raw
 .text.rpmsg_send_ns_message
                0x100076bc       0x50 ./Middlewares/Third_Party/OpenAMP/rpmsg.o
                0x100076bc                rpmsg_send_ns_message
 .text.rpmsg_get_endpoint
                0x1000770c       0xc0 ./Middlewares/Third_Party/OpenAMP/rpmsg.o
                0x1000770c                rpmsg_get_endpoint
 .text.rpmsg_unregister_endpoint
                0x100077cc       0x56 ./Middlewares/Third_Party/OpenAMP/rpmsg.o
 .text.rpmsg_register_endpoint
                0x10007822       0x26 ./Middlewares/Third_Party/OpenAMP/rpmsg.o
                0x10007822                rpmsg_register_endpoint
 .text.rpmsg_create_ept
                0x10007848      0x104 ./Middlewares/Third_Party/OpenAMP/rpmsg.o
                0x10007848                rpmsg_create_ept
 .text.__metal_sleep_usec
                0x1000794c       0x44 ./Middlewares/Third_Party/OpenAMP/rpmsg_virtio.o
 .text.metal_sleep_usec
                0x10007990       0x18 ./Middlewares/Third_Party/OpenAMP/rpmsg_virtio.o
 .text.metal_list_init
                0x100079a8       0x20 ./Middlewares/Third_Party/OpenAMP/rpmsg_virtio.o
 .text.metal_io_virt_to_offset
                0x100079c8       0x32 ./Middlewares/Third_Party/OpenAMP/rpmsg_virtio.o
 *fill*         0x100079fa        0x2 
 .text.__metal_mutex_init
                0x100079fc       0x54 ./Middlewares/Third_Party/OpenAMP/rpmsg_virtio.o
 .text.__metal_mutex_acquire
                0x10007a50       0x44 ./Middlewares/Third_Party/OpenAMP/rpmsg_virtio.o
 .text.__metal_mutex_release
                0x10007a94       0x44 ./Middlewares/Third_Party/OpenAMP/rpmsg_virtio.o
 .text.metal_mutex_init
                0x10007ad8       0x16 ./Middlewares/Third_Party/OpenAMP/rpmsg_virtio.o
 .text.metal_mutex_acquire
                0x10007aee       0x16 ./Middlewares/Third_Party/OpenAMP/rpmsg_virtio.o
 .text.metal_mutex_release
                0x10007b04       0x16 ./Middlewares/Third_Party/OpenAMP/rpmsg_virtio.o
 .text.rpmsg_virtio_get_role
                0x10007b1a       0x1a ./Middlewares/Third_Party/OpenAMP/rpmsg_virtio.o
 .text.rpmsg_virtio_set_status
                0x10007b34       0x26 ./Middlewares/Third_Party/OpenAMP/rpmsg_virtio.o
 .text.rpmsg_virtio_get_status
                0x10007b5a       0x22 ./Middlewares/Third_Party/OpenAMP/rpmsg_virtio.o
 .text.rpmsg_virtio_get_features
                0x10007b7c       0x22 ./Middlewares/Third_Party/OpenAMP/rpmsg_virtio.o
 .text.rpmsg_virtio_create_virtqueues
                0x10007b9e       0x2a ./Middlewares/Third_Party/OpenAMP/rpmsg_virtio.o
 .text.rpmsg_initialize_ept
                0x10007bc8       0x48 ./Middlewares/Third_Party/OpenAMP/rpmsg_virtio.o
 .text.rpmsg_get_ept_from_addr
                0x10007c10       0x22 ./Middlewares/Third_Party/OpenAMP/rpmsg_virtio.o
 .text.rpmsg_virtio_init_shm_pool
                0x10007c32       0x32 ./Middlewares/Third_Party/OpenAMP/rpmsg_virtio.o
                0x10007c32                rpmsg_virtio_init_shm_pool
 .text.rpmsg_virtio_return_buffer
                0x10007c64       0x32 ./Middlewares/Third_Party/OpenAMP/rpmsg_virtio.o
 .text.rpmsg_virtio_enqueue_buffer
                0x10007c96       0x3a ./Middlewares/Third_Party/OpenAMP/rpmsg_virtio.o
 .text.rpmsg_virtio_get_tx_buffer
                0x10007cd0       0x3a ./Middlewares/Third_Party/OpenAMP/rpmsg_virtio.o
 .text.rpmsg_virtio_get_rx_buffer
                0x10007d0a       0x38 ./Middlewares/Third_Party/OpenAMP/rpmsg_virtio.o
 .text.rpmsg_virtio_wait_remote_ready
                0x10007d42       0x3a ./Middlewares/Third_Party/OpenAMP/rpmsg_virtio.o
 .text.rpmsg_virtio_hold_rx_buffer
                0x10007d7c       0x28 ./Middlewares/Third_Party/OpenAMP/rpmsg_virtio.o
 .text.rpmsg_virtio_release_rx_buffer
                0x10007da4       0x52 ./Middlewares/Third_Party/OpenAMP/rpmsg_virtio.o
 .text.rpmsg_virtio_get_tx_payload_buffer
                0x10007df6       0xa4 ./Middlewares/Third_Party/OpenAMP/rpmsg_virtio.o
 *fill*         0x10007e9a        0x2 
 .text.rpmsg_virtio_send_offchannel_nocopy
                0x10007e9c       0xd8 ./Middlewares/Third_Party/OpenAMP/rpmsg_virtio.o
 .text.rpmsg_virtio_send_offchannel_raw
                0x10007f74       0x98 ./Middlewares/Third_Party/OpenAMP/rpmsg_virtio.o
 .text.rpmsg_virtio_tx_callback
                0x1000800c       0x14 ./Middlewares/Third_Party/OpenAMP/rpmsg_virtio.o
 .text.rpmsg_virtio_rx_callback
                0x10008020      0x124 ./Middlewares/Third_Party/OpenAMP/rpmsg_virtio.o
 .text.rpmsg_virtio_ns_callback
                0x10008144       0xe6 ./Middlewares/Third_Party/OpenAMP/rpmsg_virtio.o
 *fill*         0x1000822a        0x2 
 .text.rpmsg_init_vdev
                0x1000822c      0x19c ./Middlewares/Third_Party/OpenAMP/rpmsg_virtio.o
                0x1000822c                rpmsg_init_vdev
 .text.metal_machine_cache_flush
                0x100083c8       0x16 ./Middlewares/Third_Party/OpenAMP/sys.o
                0x100083c8                metal_machine_cache_flush
 .text.metal_machine_cache_invalidate
                0x100083de       0x16 ./Middlewares/Third_Party/OpenAMP/sys.o
                0x100083de                metal_machine_cache_invalidate
 .text.metal_machine_io_mem_map
                0x100083f4       0x1c ./Middlewares/Third_Party/OpenAMP/sys.o
                0x100083f4                metal_machine_io_mem_map
 .text.rpmsg_send
                0x10008410       0x2e ./Middlewares/Third_Party/OpenAMP/virt_uart.o
 .text.VIRT_UART_read_cb
                0x1000843e       0x3c ./Middlewares/Third_Party/OpenAMP/virt_uart.o
 *fill*         0x1000847a        0x2 
 .text.VIRT_UART_Init
                0x1000847c       0x38 ./Middlewares/Third_Party/OpenAMP/virt_uart.o
                0x1000847c                VIRT_UART_Init
 .text.VIRT_UART_RegisterCallback
                0x100084b4       0x34 ./Middlewares/Third_Party/OpenAMP/virt_uart.o
                0x100084b4                VIRT_UART_RegisterCallback
 .text.VIRT_UART_Transmit
                0x100084e8       0x3c ./Middlewares/Third_Party/OpenAMP/virt_uart.o
                0x100084e8                VIRT_UART_Transmit
 .text.virtio_create_virtqueues
                0x10008524       0x9c ./Middlewares/Third_Party/OpenAMP/virtio.o
                0x10008524                virtio_create_virtqueues
 .text.vring_init
                0x100085c0       0x52 ./Middlewares/Third_Party/OpenAMP/virtqueue.o
 .text.vring_need_event
                0x10008612       0x3c ./Middlewares/Third_Party/OpenAMP/virtqueue.o
 .text.metal_io_virt
                0x1000864e       0x38 ./Middlewares/Third_Party/OpenAMP/virtqueue.o
 .text.metal_io_phys
                0x10008686       0x6e ./Middlewares/Third_Party/OpenAMP/virtqueue.o
 .text.metal_io_phys_to_offset
                0x100086f4       0x76 ./Middlewares/Third_Party/OpenAMP/virtqueue.o
 .text.metal_io_phys_to_virt
                0x1000876a       0x26 ./Middlewares/Third_Party/OpenAMP/virtqueue.o
 .text.virtqueue_phys_to_virt
                0x10008790       0x22 ./Middlewares/Third_Party/OpenAMP/virtqueue.o
 .text.virtqueue_create
                0x100087b2       0x62 ./Middlewares/Third_Party/OpenAMP/virtqueue.o
                0x100087b2                virtqueue_create
 .text.virtqueue_get_buffer_length
                0x10008814       0x24 ./Middlewares/Third_Party/OpenAMP/virtqueue.o
                0x10008814                virtqueue_get_buffer_length
 .text.virtqueue_get_available_buffer
                0x10008838       0x90 ./Middlewares/Third_Party/OpenAMP/virtqueue.o
                0x10008838                virtqueue_get_available_buffer
 .text.virtqueue_add_consumed_buffer
                0x100088c8       0x84 ./Middlewares/Third_Party/OpenAMP/virtqueue.o
                0x100088c8                virtqueue_add_consumed_buffer
 .text.virtqueue_disable_cb
                0x1000894c       0x70 ./Middlewares/Third_Party/OpenAMP/virtqueue.o
                0x1000894c                virtqueue_disable_cb
 .text.virtqueue_kick
                0x100089bc       0x2c ./Middlewares/Third_Party/OpenAMP/virtqueue.o
                0x100089bc                virtqueue_kick
 .text.vq_ring_init
                0x100089e8       0x2c ./Middlewares/Third_Party/OpenAMP/virtqueue.o
 .text.virtqueue_notification
                0x10008a14       0x24 ./Middlewares/Third_Party/OpenAMP/virtqueue.o
                0x10008a14                virtqueue_notification
 .text.vq_ring_must_notify
                0x10008a38       0x9c ./Middlewares/Third_Party/OpenAMP/virtqueue.o
 .text.vq_ring_notify
                0x10008ad4       0x20 ./Middlewares/Third_Party/OpenAMP/virtqueue.o
 .text.MAILBOX_Init
                0x10008af4       0x48 ./OPENAMP/mbox_ipcc.o
                0x10008af4                MAILBOX_Init
 .text.MAILBOX_Poll
                0x10008b3c       0x54 ./OPENAMP/mbox_ipcc.o
                0x10008b3c                MAILBOX_Poll
 .text.MAILBOX_Notify
                0x10008b90       0x64 ./OPENAMP/mbox_ipcc.o
                0x10008b90                MAILBOX_Notify
 .text.IPCC_channel1_callback
                0x10008bf4       0x2c ./OPENAMP/mbox_ipcc.o
                0x10008bf4                IPCC_channel1_callback
 .text.IPCC_channel2_callback
                0x10008c20       0x2c ./OPENAMP/mbox_ipcc.o
                0x10008c20                IPCC_channel2_callback
 .text.metal_device_io_region
                0x10008c4c       0x36 ./OPENAMP/openamp.o
 *fill*         0x10008c82        0x2 
 .text.OPENAMP_shmem_init
                0x10008c84      0x140 ./OPENAMP/openamp.o
 .text.MX_OPENAMP_Init
                0x10008dc4      0x128 ./OPENAMP/openamp.o
                0x10008dc4                MX_OPENAMP_Init
 .text.OPENAMP_create_endpoint
                0x10008eec       0x3c ./OPENAMP/openamp.o
                0x10008eec                OPENAMP_create_endpoint
 .text.OPENAMP_check_for_message
                0x10008f28       0x18 ./OPENAMP/openamp.o
                0x10008f28                OPENAMP_check_for_message
 .text.resource_table_init
                0x10008f40       0x28 ./OPENAMP/rsc_table.o
                0x10008f40                resource_table_init
 .text.__assert_func
                0x10008f68       0x3c /opt/st/stm32cubeide_1.19.0/plugins/com.st.stm32cube.ide.mcu.externaltools.gnu-tools-for-stm32.13.3.rel1.linux64_1.0.0.202410170706/tools/bin/../lib/gcc/arm-none-eabi/13.3.1/../../../../arm-none-eabi/lib/thumb/v7e-m+fp/hard/libc_nano.a(libc_a-assert.o)
                0x10008f68                __assert_func
 .text.std      0x10008fa4       0x6c /opt/st/stm32cubeide_1.19.0/plugins/com.st.stm32cube.ide.mcu.externaltools.gnu-tools-for-stm32.13.3.rel1.linux64_1.0.0.202410170706/tools/bin/../lib/gcc/arm-none-eabi/13.3.1/../../../../arm-none-eabi/lib/thumb/v7e-m+fp/hard/libc_nano.a(libc_a-findfp.o)
 .text.stdio_exit_handler
                0x10009010       0x18 /opt/st/stm32cubeide_1.19.0/plugins/com.st.stm32cube.ide.mcu.externaltools.gnu-tools-for-stm32.13.3.rel1.linux64_1.0.0.202410170706/tools/bin/../lib/gcc/arm-none-eabi/13.3.1/../../../../arm-none-eabi/lib/thumb/v7e-m+fp/hard/libc_nano.a(libc_a-findfp.o)
 .text.cleanup_stdio
                0x10009028       0x40 /opt/st/stm32cubeide_1.19.0/plugins/com.st.stm32cube.ide.mcu.externaltools.gnu-tools-for-stm32.13.3.rel1.linux64_1.0.0.202410170706/tools/bin/../lib/gcc/arm-none-eabi/13.3.1/../../../../arm-none-eabi/lib/thumb/v7e-m+fp/hard/libc_nano.a(libc_a-findfp.o)
 .text.global_stdio_init.part.0
                0x10009068       0x3c /opt/st/stm32cubeide_1.19.0/plugins/com.st.stm32cube.ide.mcu.externaltools.gnu-tools-for-stm32.13.3.rel1.linux64_1.0.0.202410170706/tools/bin/../lib/gcc/arm-none-eabi/13.3.1/../../../../arm-none-eabi/lib/thumb/v7e-m+fp/hard/libc_nano.a(libc_a-findfp.o)
 .text.__sfp_lock_acquire
                0x100090a4        0xc /opt/st/stm32cubeide_1.19.0/plugins/com.st.stm32cube.ide.mcu.externaltools.gnu-tools-for-stm32.13.3.rel1.linux64_1.0.0.202410170706/tools/bin/../lib/gcc/arm-none-eabi/13.3.1/../../../../arm-none-eabi/lib/thumb/v7e-m+fp/hard/libc_nano.a(libc_a-findfp.o)
                0x100090a4                __sfp_lock_acquire
 .text.__sfp_lock_release
                0x100090b0        0xc /opt/st/stm32cubeide_1.19.0/plugins/com.st.stm32cube.ide.mcu.externaltools.gnu-tools-for-stm32.13.3.rel1.linux64_1.0.0.202410170706/tools/bin/../lib/gcc/arm-none-eabi/13.3.1/../../../../arm-none-eabi/lib/thumb/v7e-m+fp/hard/libc_nano.a(libc_a-findfp.o)
                0x100090b0                __sfp_lock_release
 .text.__sinit  0x100090bc       0x30 /opt/st/stm32cubeide_1.19.0/plugins/com.st.stm32cube.ide.mcu.externaltools.gnu-tools-for-stm32.13.3.rel1.linux64_1.0.0.202410170706/tools/bin/../lib/gcc/arm-none-eabi/13.3.1/../../../../arm-none-eabi/lib/thumb/v7e-m+fp/hard/libc_nano.a(libc_a-findfp.o)
                0x100090bc                __sinit
 .text.fprintf  0x100090ec       0x24 /opt/st/stm32cubeide_1.19.0/plugins/com.st.stm32cube.ide.mcu.externaltools.gnu-tools-for-stm32.13.3.rel1.linux64_1.0.0.202410170706/tools/bin/../lib/gcc/arm-none-eabi/13.3.1/../../../../arm-none-eabi/lib/thumb/v7e-m+fp/hard/libc_nano.a(libc_a-fprintf.o)
                0x100090ec                fprintf
                0x100090ec                fiprintf
 .text._fwalk_sglue
                0x10009110       0x3c /opt/st/stm32cubeide_1.19.0/plugins/com.st.stm32cube.ide.mcu.externaltools.gnu-tools-for-stm32.13.3.rel1.linux64_1.0.0.202410170706/tools/bin/../lib/gcc/arm-none-eabi/13.3.1/../../../../arm-none-eabi/lib/thumb/v7e-m+fp/hard/libc_nano.a(libc_a-fwalk.o)
                0x10009110                _fwalk_sglue
 .text.printf   0x1000914c       0x24 /opt/st/stm32cubeide_1.19.0/plugins/com.st.stm32cube.ide.mcu.externaltools.gnu-tools-for-stm32.13.3.rel1.linux64_1.0.0.202410170706/tools/bin/../lib/gcc/arm-none-eabi/13.3.1/../../../../arm-none-eabi/lib/thumb/v7e-m+fp/hard/libc_nano.a(libc_a-printf.o)
                0x1000914c                printf
                0x1000914c                iprintf
 .text.snprintf
                0x10009170       0x6c /opt/st/stm32cubeide_1.19.0/plugins/com.st.stm32cube.ide.mcu.externaltools.gnu-tools-for-stm32.13.3.rel1.linux64_1.0.0.202410170706/tools/bin/../lib/gcc/arm-none-eabi/13.3.1/../../../../arm-none-eabi/lib/thumb/v7e-m+fp/hard/libc_nano.a(libc_a-snprintf.o)
                0x10009170                snprintf
                0x10009170                sniprintf
 .text.__sread  0x100091dc       0x22 /opt/st/stm32cubeide_1.19.0/plugins/com.st.stm32cube.ide.mcu.externaltools.gnu-tools-for-stm32.13.3.rel1.linux64_1.0.0.202410170706/tools/bin/../lib/gcc/arm-none-eabi/13.3.1/../../../../arm-none-eabi/lib/thumb/v7e-m+fp/hard/libc_nano.a(libc_a-stdio.o)
                0x100091dc                __sread
 .text.__swrite
                0x100091fe       0x38 /opt/st/stm32cubeide_1.19.0/plugins/com.st.stm32cube.ide.mcu.externaltools.gnu-tools-for-stm32.13.3.rel1.linux64_1.0.0.202410170706/tools/bin/../lib/gcc/arm-none-eabi/13.3.1/../../../../arm-none-eabi/lib/thumb/v7e-m+fp/hard/libc_nano.a(libc_a-stdio.o)
                0x100091fe                __swrite
 .text.__sseek  0x10009236       0x24 /opt/st/stm32cubeide_1.19.0/plugins/com.st.stm32cube.ide.mcu.externaltools.gnu-tools-for-stm32.13.3.rel1.linux64_1.0.0.202410170706/tools/bin/../lib/gcc/arm-none-eabi/13.3.1/../../../../arm-none-eabi/lib/thumb/v7e-m+fp/hard/libc_nano.a(libc_a-stdio.o)
                0x10009236                __sseek
 .text.__sclose
                0x1000925a        0x8 /opt/st/stm32cubeide_1.19.0/plugins/com.st.stm32cube.ide.mcu.externaltools.gnu-tools-for-stm32.13.3.rel1.linux64_1.0.0.202410170706/tools/bin/../lib/gcc/arm-none-eabi/13.3.1/../../../../arm-none-eabi/lib/thumb/v7e-m+fp/hard/libc_nano.a(libc_a-stdio.o)
                0x1000925a                __sclose
 .text.memset   0x10009262       0x10 /opt/st/stm32cubeide_1.19.0/plugins/com.st.stm32cube.ide.mcu.externaltools.gnu-tools-for-stm32.13.3.rel1.linux64_1.0.0.202410170706/tools/bin/../lib/gcc/arm-none-eabi/13.3.1/../../../../arm-none-eabi/lib/thumb/v7e-m+fp/hard/libc_nano.a(libc_a-memset.o)
                0x10009262                memset
 .text.strncmp  0x10009272       0x24 /opt/st/stm32cubeide_1.19.0/plugins/com.st.stm32cube.ide.mcu.externaltools.gnu-tools-for-stm32.13.3.rel1.linux64_1.0.0.202410170706/tools/bin/../lib/gcc/arm-none-eabi/13.3.1/../../../../arm-none-eabi/lib/thumb/v7e-m+fp/hard/libc_nano.a(libc_a-strncmp.o)
                0x10009272                strncmp
 .text.strncpy  0x10009296       0x26 /opt/st/stm32cubeide_1.19.0/plugins/com.st.stm32cube.ide.mcu.externaltools.gnu-tools-for-stm32.13.3.rel1.linux64_1.0.0.202410170706/tools/bin/../lib/gcc/arm-none-eabi/13.3.1/../../../../arm-none-eabi/lib/thumb/v7e-m+fp/hard/libc_nano.a(libc_a-strncpy.o)
                0x10009296                strncpy
 .text._close_r
                0x100092bc       0x20 /opt/st/stm32cubeide_1.19.0/plugins/com.st.stm32cube.ide.mcu.externaltools.gnu-tools-for-stm32.13.3.rel1.linux64_1.0.0.202410170706/tools/bin/../lib/gcc/arm-none-eabi/13.3.1/../../../../arm-none-eabi/lib/thumb/v7e-m+fp/hard/libc_nano.a(libc_a-closer.o)
                0x100092bc                _close_r
 .text._lseek_r
                0x100092dc       0x24 /opt/st/stm32cubeide_1.19.0/plugins/com.st.stm32cube.ide.mcu.externaltools.gnu-tools-for-stm32.13.3.rel1.linux64_1.0.0.202410170706/tools/bin/../lib/gcc/arm-none-eabi/13.3.1/../../../../arm-none-eabi/lib/thumb/v7e-m+fp/hard/libc_nano.a(libc_a-lseekr.o)
                0x100092dc                _lseek_r
 .text._read_r  0x10009300       0x24 /opt/st/stm32cubeide_1.19.0/plugins/com.st.stm32cube.ide.mcu.externaltools.gnu-tools-for-stm32.13.3.rel1.linux64_1.0.0.202410170706/tools/bin/../lib/gcc/arm-none-eabi/13.3.1/../../../../arm-none-eabi/lib/thumb/v7e-m+fp/hard/libc_nano.a(libc_a-readr.o)
                0x10009300                _read_r
 .text._write_r
                0x10009324       0x24 /opt/st/stm32cubeide_1.19.0/plugins/com.st.stm32cube.ide.mcu.externaltools.gnu-tools-for-stm32.13.3.rel1.linux64_1.0.0.202410170706/tools/bin/../lib/gcc/arm-none-eabi/13.3.1/../../../../arm-none-eabi/lib/thumb/v7e-m+fp/hard/libc_nano.a(libc_a-writer.o)
                0x10009324                _write_r
 .text.__errno  0x10009348        0xc /opt/st/stm32cubeide_1.19.0/plugins/com.st.stm32cube.ide.mcu.externaltools.gnu-tools-for-stm32.13.3.rel1.linux64_1.0.0.202410170706/tools/bin/../lib/gcc/arm-none-eabi/13.3.1/../../../../arm-none-eabi/lib/thumb/v7e-m+fp/hard/libc_nano.a(libc_a-errno.o)
                0x10009348                __errno
 .text.__libc_init_array
                0x10009354       0x48 /opt/st/stm32cubeide_1.19.0/plugins/com.st.stm32cube.ide.mcu.externaltools.gnu-tools-for-stm32.13.3.rel1.linux64_1.0.0.202410170706/tools/bin/../lib/gcc/arm-none-eabi/13.3.1/../../../../arm-none-eabi/lib/thumb/v7e-m+fp/hard/libc_nano.a(libc_a-init.o)
                0x10009354                __libc_init_array
 .text.__retarget_lock_init_recursive
                0x1000939c        0x2 /opt/st/stm32cubeide_1.19.0/plugins/com.st.stm32cube.ide.mcu.externaltools.gnu-tools-for-stm32.13.3.rel1.linux64_1.0.0.202410170706/tools/bin/../lib/gcc/arm-none-eabi/13.3.1/../../../../arm-none-eabi/lib/thumb/v7e-m+fp/hard/libc_nano.a(libc_a-lock.o)
                0x1000939c                __retarget_lock_init_recursive
 .text.__retarget_lock_acquire_recursive
                0x1000939e        0x2 /opt/st/stm32cubeide_1.19.0/plugins/com.st.stm32cube.ide.mcu.externaltools.gnu-tools-for-stm32.13.3.rel1.linux64_1.0.0.202410170706/tools/bin/../lib/gcc/arm-none-eabi/13.3.1/../../../../arm-none-eabi/lib/thumb/v7e-m+fp/hard/libc_nano.a(libc_a-lock.o)
                0x1000939e                __retarget_lock_acquire_recursive
 .text.__retarget_lock_release_recursive
                0x100093a0        0x2 /opt/st/stm32cubeide_1.19.0/plugins/com.st.stm32cube.ide.mcu.externaltools.gnu-tools-for-stm32.13.3.rel1.linux64_1.0.0.202410170706/tools/bin/../lib/gcc/arm-none-eabi/13.3.1/../../../../arm-none-eabi/lib/thumb/v7e-m+fp/hard/libc_nano.a(libc_a-lock.o)
                0x100093a0                __retarget_lock_release_recursive
 .text.memcpy   0x100093a2       0x1c /opt/st/stm32cubeide_1.19.0/plugins/com.st.stm32cube.ide.mcu.externaltools.gnu-tools-for-stm32.13.3.rel1.linux64_1.0.0.202410170706/tools/bin/../lib/gcc/arm-none-eabi/13.3.1/../../../../arm-none-eabi/lib/thumb/v7e-m+fp/hard/libc_nano.a(libc_a-memcpy-stub.o)
                0x100093a2                memcpy
 .text.abort    0x100093be        0xe /opt/st/stm32cubeide_1.19.0/plugins/com.st.stm32cube.ide.mcu.externaltools.gnu-tools-for-stm32.13.3.rel1.linux64_1.0.0.202410170706/tools/bin/../lib/gcc/arm-none-eabi/13.3.1/../../../../arm-none-eabi/lib/thumb/v7e-m+fp/hard/libc_nano.a(libc_a-abort.o)
                0x100093be                abort
 .text._free_r  0x100093cc       0x94 /opt/st/stm32cubeide_1.19.0/plugins/com.st.stm32cube.ide.mcu.externaltools.gnu-tools-for-stm32.13.3.rel1.linux64_1.0.0.202410170706/tools/bin/../lib/gcc/arm-none-eabi/13.3.1/../../../../arm-none-eabi/lib/thumb/v7e-m+fp/hard/libc_nano.a(libc_a-freer.o)
                0x100093cc                _free_r
 .text.sbrk_aligned
                0x10009460       0x44 /opt/st/stm32cubeide_1.19.0/plugins/com.st.stm32cube.ide.mcu.externaltools.gnu-tools-for-stm32.13.3.rel1.linux64_1.0.0.202410170706/tools/bin/../lib/gcc/arm-none-eabi/13.3.1/../../../../arm-none-eabi/lib/thumb/v7e-m+fp/hard/libc_nano.a(libc_a-mallocr.o)
 .text._malloc_r
                0x100094a4      0x100 /opt/st/stm32cubeide_1.19.0/plugins/com.st.stm32cube.ide.mcu.externaltools.gnu-tools-for-stm32.13.3.rel1.linux64_1.0.0.202410170706/tools/bin/../lib/gcc/arm-none-eabi/13.3.1/../../../../arm-none-eabi/lib/thumb/v7e-m+fp/hard/libc_nano.a(libc_a-mallocr.o)
                0x100094a4                _malloc_r
 .text.__malloc_lock
                0x100095a4        0xc /opt/st/stm32cubeide_1.19.0/plugins/com.st.stm32cube.ide.mcu.externaltools.gnu-tools-for-stm32.13.3.rel1.linux64_1.0.0.202410170706/tools/bin/../lib/gcc/arm-none-eabi/13.3.1/../../../../arm-none-eabi/lib/thumb/v7e-m+fp/hard/libc_nano.a(libc_a-mlock.o)
                0x100095a4                __malloc_lock
 .text.__malloc_unlock
                0x100095b0        0xc /opt/st/stm32cubeide_1.19.0/plugins/com.st.stm32cube.ide.mcu.externaltools.gnu-tools-for-stm32.13.3.rel1.linux64_1.0.0.202410170706/tools/bin/../lib/gcc/arm-none-eabi/13.3.1/../../../../arm-none-eabi/lib/thumb/v7e-m+fp/hard/libc_nano.a(libc_a-mlock.o)
                0x100095b0                __malloc_unlock
 .text.__ssputs_r
                0x100095bc       0xb6 /opt/st/stm32cubeide_1.19.0/plugins/com.st.stm32cube.ide.mcu.externaltools.gnu-tools-for-stm32.13.3.rel1.linux64_1.0.0.202410170706/tools/bin/../lib/gcc/arm-none-eabi/13.3.1/../../../../arm-none-eabi/lib/thumb/v7e-m+fp/hard/libc_nano.a(libc_a-nano-svfprintf.o)
                0x100095bc                __ssputs_r
 *fill*         0x10009672        0x2 
 .text._svfprintf_r
                0x10009674      0x1f8 /opt/st/stm32cubeide_1.19.0/plugins/com.st.stm32cube.ide.mcu.externaltools.gnu-tools-for-stm32.13.3.rel1.linux64_1.0.0.202410170706/tools/bin/../lib/gcc/arm-none-eabi/13.3.1/../../../../arm-none-eabi/lib/thumb/v7e-m+fp/hard/libc_nano.a(libc_a-nano-svfprintf.o)
                0x10009674                _svfprintf_r
                0x10009674                _svfiprintf_r
 .text.__sfputc_r
                0x1000986c       0x2e /opt/st/stm32cubeide_1.19.0/plugins/com.st.stm32cube.ide.mcu.externaltools.gnu-tools-for-stm32.13.3.rel1.linux64_1.0.0.202410170706/tools/bin/../lib/gcc/arm-none-eabi/13.3.1/../../../../arm-none-eabi/lib/thumb/v7e-m+fp/hard/libc_nano.a(libc_a-nano-vfprintf.o)
 .text.__sfputs_r
                0x1000989a       0x24 /opt/st/stm32cubeide_1.19.0/plugins/com.st.stm32cube.ide.mcu.externaltools.gnu-tools-for-stm32.13.3.rel1.linux64_1.0.0.202410170706/tools/bin/../lib/gcc/arm-none-eabi/13.3.1/../../../../arm-none-eabi/lib/thumb/v7e-m+fp/hard/libc_nano.a(libc_a-nano-vfprintf.o)
                0x1000989a                __sfputs_r
 *fill*         0x100098be        0x2 
 .text._vfprintf_r
                0x100098c0      0x230 /opt/st/stm32cubeide_1.19.0/plugins/com.st.stm32cube.ide.mcu.externaltools.gnu-tools-for-stm32.13.3.rel1.linux64_1.0.0.202410170706/tools/bin/../lib/gcc/arm-none-eabi/13.3.1/../../../../arm-none-eabi/lib/thumb/v7e-m+fp/hard/libc_nano.a(libc_a-nano-vfprintf.o)
                0x100098c0                _vfiprintf_r
                0x100098c0                _vfprintf_r
 .text._printf_common
                0x10009af0       0xda /opt/st/stm32cubeide_1.19.0/plugins/com.st.stm32cube.ide.mcu.externaltools.gnu-tools-for-stm32.13.3.rel1.linux64_1.0.0.202410170706/tools/bin/../lib/gcc/arm-none-eabi/13.3.1/../../../../arm-none-eabi/lib/thumb/v7e-m+fp/hard/libc_nano.a(libc_a-nano-vfprintf_i.o)
                0x10009af0                _printf_common
 *fill*         0x10009bca        0x2 
 .text._printf_i
                0x10009bcc      0x23c /opt/st/stm32cubeide_1.19.0/plugins/com.st.stm32cube.ide.mcu.externaltools.gnu-tools-for-stm32.13.3.rel1.linux64_1.0.0.202410170706/tools/bin/../lib/gcc/arm-none-eabi/13.3.1/../../../../arm-none-eabi/lib/thumb/v7e-m+fp/hard/libc_nano.a(libc_a-nano-vfprintf_i.o)
                0x10009bcc                _printf_i
 .text.__sflush_r
                0x10009e08      0x108 /opt/st/stm32cubeide_1.19.0/plugins/com.st.stm32cube.ide.mcu.externaltools.gnu-tools-for-stm32.13.3.rel1.linux64_1.0.0.202410170706/tools/bin/../lib/gcc/arm-none-eabi/13.3.1/../../../../arm-none-eabi/lib/thumb/v7e-m+fp/hard/libc_nano.a(libc_a-fflush.o)
                0x10009e08                __sflush_r
 .text._fflush_r
                0x10009f10       0x50 /opt/st/stm32cubeide_1.19.0/plugins/com.st.stm32cube.ide.mcu.externaltools.gnu-tools-for-stm32.13.3.rel1.linux64_1.0.0.202410170706/tools/bin/../lib/gcc/arm-none-eabi/13.3.1/../../../../arm-none-eabi/lib/thumb/v7e-m+fp/hard/libc_nano.a(libc_a-fflush.o)
                0x10009f10                _fflush_r
 .text.__swbuf_r
                0x10009f60       0x7c /opt/st/stm32cubeide_1.19.0/plugins/com.st.stm32cube.ide.mcu.externaltools.gnu-tools-for-stm32.13.3.rel1.linux64_1.0.0.202410170706/tools/bin/../lib/gcc/arm-none-eabi/13.3.1/../../../../arm-none-eabi/lib/thumb/v7e-m+fp/hard/libc_nano.a(libc_a-wbuf.o)
                0x10009f60                __swbuf_r
 .text.__swsetup_r
                0x10009fdc       0xac /opt/st/stm32cubeide_1.19.0/plugins/com.st.stm32cube.ide.mcu.externaltools.gnu-tools-for-stm32.13.3.rel1.linux64_1.0.0.202410170706/tools/bin/../lib/gcc/arm-none-eabi/13.3.1/../../../../arm-none-eabi/lib/thumb/v7e-m+fp/hard/libc_nano.a(libc_a-wsetup.o)
                0x10009fdc                __swsetup_r
 .text.memmove  0x1000a088       0x34 /opt/st/stm32cubeide_1.19.0/plugins/com.st.stm32cube.ide.mcu.externaltools.gnu-tools-for-stm32.13.3.rel1.linux64_1.0.0.202410170706/tools/bin/../lib/gcc/arm-none-eabi/13.3.1/../../../../arm-none-eabi/lib/thumb/v7e-m+fp/hard/libc_nano.a(libc_a-memmove.o)
                0x1000a088                memmove
 .text._raise_r
                0x1000a0bc       0x50 /opt/st/stm32cubeide_1.19.0/plugins/com.st.stm32cube.ide.mcu.externaltools.gnu-tools-for-stm32.13.3.rel1.linux64_1.0.0.202410170706/tools/bin/../lib/gcc/arm-none-eabi/13.3.1/../../../../arm-none-eabi/lib/thumb/v7e-m+fp/hard/libc_nano.a(libc_a-signal.o)
                0x1000a0bc                _raise_r
 .text.raise    0x1000a10c       0x10 /opt/st/stm32cubeide_1.19.0/plugins/com.st.stm32cube.ide.mcu.externaltools.gnu-tools-for-stm32.13.3.rel1.linux64_1.0.0.202410170706/tools/bin/../lib/gcc/arm-none-eabi/13.3.1/../../../../arm-none-eabi/lib/thumb/v7e-m+fp/hard/libc_nano.a(libc_a-signal.o)
                0x1000a10c                raise
 .text._kill_r  0x1000a11c       0x24 /opt/st/stm32cubeide_1.19.0/plugins/com.st.stm32cube.ide.mcu.externaltools.gnu-tools-for-stm32.13.3.rel1.linux64_1.0.0.202410170706/tools/bin/../lib/gcc/arm-none-eabi/13.3.1/../../../../arm-none-eabi/lib/thumb/v7e-m+fp/hard/libc_nano.a(libc_a-signalr.o)
                0x1000a11c                _kill_r
 .text._getpid_r
                0x1000a140        0x4 /opt/st/stm32cubeide_1.19.0/plugins/com.st.stm32cube.ide.mcu.externaltools.gnu-tools-for-stm32.13.3.rel1.linux64_1.0.0.202410170706/tools/bin/../lib/gcc/arm-none-eabi/13.3.1/../../../../arm-none-eabi/lib/thumb/v7e-m+fp/hard/libc_nano.a(libc_a-signalr.o)
                0x1000a140                _getpid_r
 .text._sbrk_r  0x1000a144       0x20 /opt/st/stm32cubeide_1.19.0/plugins/com.st.stm32cube.ide.mcu.externaltools.gnu-tools-for-stm32.13.3.rel1.linux64_1.0.0.202410170706/tools/bin/../lib/gcc/arm-none-eabi/13.3.1/../../../../arm-none-eabi/lib/thumb/v7e-m+fp/hard/libc_nano.a(libc_a-sbrkr.o)
                0x1000a144                _sbrk_r
 .text._realloc_r
                0x1000a164       0x5c /opt/st/stm32cubeide_1.19.0/plugins/com.st.stm32cube.ide.mcu.externaltools.gnu-tools-for-stm32.13.3.rel1.linux64_1.0.0.202410170706/tools/bin/../lib/gcc/arm-none-eabi/13.3.1/../../../../arm-none-eabi/lib/thumb/v7e-m+fp/hard/libc_nano.a(libc_a-reallocr.o)
                0x1000a164                _realloc_r
 .text.__swhatbuf_r
                0x1000a1c0       0x4c /opt/st/stm32cubeide_1.19.0/plugins/com.st.stm32cube.ide.mcu.externaltools.gnu-tools-for-stm32.13.3.rel1.linux64_1.0.0.202410170706/tools/bin/../lib/gcc/arm-none-eabi/13.3.1/../../../../arm-none-eabi/lib/thumb/v7e-m+fp/hard/libc_nano.a(libc_a-makebuf.o)
                0x1000a1c0                __swhatbuf_r
 .text.__smakebuf_r
                0x1000a20c       0x78 /opt/st/stm32cubeide_1.19.0/plugins/com.st.stm32cube.ide.mcu.externaltools.gnu-tools-for-stm32.13.3.rel1.linux64_1.0.0.202410170706/tools/bin/../lib/gcc/arm-none-eabi/13.3.1/../../../../arm-none-eabi/lib/thumb/v7e-m+fp/hard/libc_nano.a(libc_a-makebuf.o)
                0x1000a20c                __smakebuf_r
 .text._fstat_r
                0x1000a284       0x24 /opt/st/stm32cubeide_1.19.0/plugins/com.st.stm32cube.ide.mcu.externaltools.gnu-tools-for-stm32.13.3.rel1.linux64_1.0.0.202410170706/tools/bin/../lib/gcc/arm-none-eabi/13.3.1/../../../../arm-none-eabi/lib/thumb/v7e-m+fp/hard/libc_nano.a(libc_a-fstatr.o)
                0x1000a284                _fstat_r
 .text._isatty_r
                0x1000a2a8       0x20 /opt/st/stm32cubeide_1.19.0/plugins/com.st.stm32cube.ide.mcu.externaltools.gnu-tools-for-stm32.13.3.rel1.linux64_1.0.0.202410170706/tools/bin/../lib/gcc/arm-none-eabi/13.3.1/../../../../arm-none-eabi/lib/thumb/v7e-m+fp/hard/libc_nano.a(libc_a-isattyr.o)
                0x1000a2a8                _isatty_r
 .text._malloc_usable_size_r
                0x1000a2c8       0x10 /opt/st/stm32cubeide_1.19.0/plugins/com.st.stm32cube.ide.mcu.externaltools.gnu-tools-for-stm32.13.3.rel1.linux64_1.0.0.202410170706/tools/bin/../lib/gcc/arm-none-eabi/13.3.1/../../../../arm-none-eabi/lib/thumb/v7e-m+fp/hard/libc_nano.a(libc_a-msizer.o)
                0x1000a2c8                _malloc_usable_size_r
 *(.glue_7)
 .glue_7        0x1000a2d8        0x0 linker stubs
 *(.glue_7t)
 .glue_7t       0x1000a2d8        0x0 linker stubs
 *(.eh_frame)
 .eh_frame      0x1000a2d8        0x0 /opt/st/stm32cubeide_1.19.0/plugins/com.st.stm32cube.ide.mcu.externaltools.gnu-tools-for-stm32.13.3.rel1.linux64_1.0.0.202410170706/tools/bin/../lib/gcc/arm-none-eabi/13.3.1/thumb/v7e-m+fp/hard/crtbegin.o
 *(.init)
 .init          0x1000a2d8        0x4 /opt/st/stm32cubeide_1.19.0/plugins/com.st.stm32cube.ide.mcu.externaltools.gnu-tools-for-stm32.13.3.rel1.linux64_1.0.0.202410170706/tools/bin/../lib/gcc/arm-none-eabi/13.3.1/thumb/v7e-m+fp/hard/crti.o
                0x1000a2d8                _init
 .init          0x1000a2dc        0x8 /opt/st/stm32cubeide_1.19.0/plugins/com.st.stm32cube.ide.mcu.externaltools.gnu-tools-for-stm32.13.3.rel1.linux64_1.0.0.202410170706/tools/bin/../lib/gcc/arm-none-eabi/13.3.1/thumb/v7e-m+fp/hard/crtn.o
 *(.fini)
 .fini          0x1000a2e4        0x4 /opt/st/stm32cubeide_1.19.0/plugins/com.st.stm32cube.ide.mcu.externaltools.gnu-tools-for-stm32.13.3.rel1.linux64_1.0.0.202410170706/tools/bin/../lib/gcc/arm-none-eabi/13.3.1/thumb/v7e-m+fp/hard/crti.o
                0x1000a2e4                _fini
 .fini          0x1000a2e8        0x8 /opt/st/stm32cubeide_1.19.0/plugins/com.st.stm32cube.ide.mcu.externaltools.gnu-tools-for-stm32.13.3.rel1.linux64_1.0.0.202410170706/tools/bin/../lib/gcc/arm-none-eabi/13.3.1/thumb/v7e-m+fp/hard/crtn.o
                0x1000a2f0                        . = ALIGN (0x4)
                0x1000a2f0                        _etext = .

.vfp11_veneer   0x1000a2f0        0x0
 .vfp11_veneer  0x1000a2f0        0x0 linker stubs

.v4_bx          0x1000a2f0        0x0
 .v4_bx         0x1000a2f0        0x0 linker stubs

.iplt           0x1000a2f0        0x0
 .iplt          0x1000a2f0        0x0 /opt/st/stm32cubeide_1.19.0/plugins/com.st.stm32cube.ide.mcu.externaltools.gnu-tools-for-stm32.13.3.rel1.linux64_1.0.0.202410170706/tools/bin/../lib/gcc/arm-none-eabi/13.3.1/thumb/v7e-m+fp/hard/crtbegin.o

.startup_copro_fw.Reset_Handler
                0x1000a2f0       0x50
 .startup_copro_fw.Reset_Handler
                0x1000a2f0       0x50 ./Core/Startup/startup_stm32mp157aacx.o
                0x1000a2f0                Reset_Handler

.rodata         0x1000a340      0x598
                0x1000a340                        . = ALIGN (0x4)
 *(.rodata)
 .rodata        0x1000a340       0x25 ./Core/Src/app_freertos.o
 *fill*         0x1000a365        0x3 
 .rodata        0x1000a368       0x18 ./Core/Src/main.o
 .rodata        0x1000a380        0x5 ./Middlewares/Third_Party/FreeRTOS/tasks.o
 *fill*         0x1000a385        0x3 
 .rodata        0x1000a388       0xb0 ./Middlewares/Third_Party/OpenAMP/device.o
 .rodata        0x1000a438       0xe0 ./Middlewares/Third_Party/OpenAMP/remoteproc_virtio.o
 .rodata        0x1000a518       0x81 ./Middlewares/Third_Party/OpenAMP/rpmsg.o
 *fill*         0x1000a599        0x3 
 .rodata        0x1000a59c      0x16b ./Middlewares/Third_Party/OpenAMP/rpmsg_virtio.o
 *fill*         0x1000a707        0x1 
 .rodata        0x1000a708       0x12 ./Middlewares/Third_Party/OpenAMP/virt_uart.o
 *fill*         0x1000a71a        0x2 
 .rodata        0x1000a71c       0x1c ./OPENAMP/openamp.o
 *(.rodata*)
 .rodata.uxTopUsedPriority
                0x1000a738        0x4 ./Middlewares/Third_Party/FreeRTOS/tasks.o
                0x1000a738                uxTopUsedPriority
 .rodata.remoteproc_virtio_dispatch_funcs
                0x1000a73c       0x24 ./Middlewares/Third_Party/OpenAMP/remoteproc_virtio.o
 .rodata.__func__.1
                0x1000a760       0x1e ./Middlewares/Third_Party/OpenAMP/remoteproc_virtio.o
 *fill*         0x1000a77e        0x2 
 .rodata.__func__.0
                0x1000a780        0xe ./Middlewares/Third_Party/OpenAMP/remoteproc_virtio.o
 *fill*         0x1000a78e        0x2 
 .rodata.__func__.1
                0x1000a790       0x16 ./Middlewares/Third_Party/OpenAMP/rpmsg.o
 *fill*         0x1000a7a6        0x2 
 .rodata.__func__.0
                0x1000a7a8       0x16 ./Middlewares/Third_Party/OpenAMP/rpmsg.o
 *fill*         0x1000a7be        0x2 
 .rodata.__func__.6
                0x1000a7c0       0x16 ./Middlewares/Third_Party/OpenAMP/rpmsg_virtio.o
 *fill*         0x1000a7d6        0x2 
 .rodata.__func__.5
                0x1000a7d8       0x16 ./Middlewares/Third_Party/OpenAMP/rpmsg_virtio.o
 *fill*         0x1000a7ee        0x2 
 .rodata.__func__.4
                0x1000a7f0       0x24 ./Middlewares/Third_Party/OpenAMP/rpmsg_virtio.o
 .rodata.__func__.3
                0x1000a814       0x21 ./Middlewares/Third_Party/OpenAMP/rpmsg_virtio.o
 *fill*         0x1000a835        0x3 
 .rodata.__func__.2
                0x1000a838       0x19 ./Middlewares/Third_Party/OpenAMP/rpmsg_virtio.o
 *fill*         0x1000a851        0x3 
 .rodata.__func__.1
                0x1000a854       0x13 ./Middlewares/Third_Party/OpenAMP/rpmsg_virtio.o
 .rodata.__assert_func.str1.1
                0x1000a867       0x6f /opt/st/stm32cubeide_1.19.0/plugins/com.st.stm32cube.ide.mcu.externaltools.gnu-tools-for-stm32.13.3.rel1.linux64_1.0.0.202410170706/tools/bin/../lib/gcc/arm-none-eabi/13.3.1/../../../../arm-none-eabi/lib/thumb/v7e-m+fp/hard/libc_nano.a(libc_a-assert.o)
                                 0x3d (size before relaxing)
 .rodata._svfprintf_r.str1.1
                0x1000a8d6       0x11 /opt/st/stm32cubeide_1.19.0/plugins/com.st.stm32cube.ide.mcu.externaltools.gnu-tools-for-stm32.13.3.rel1.linux64_1.0.0.202410170706/tools/bin/../lib/gcc/arm-none-eabi/13.3.1/../../../../arm-none-eabi/lib/thumb/v7e-m+fp/hard/libc_nano.a(libc_a-nano-svfprintf.o)
 .rodata._vfprintf_r.str1.1
                0x1000a8d6       0x11 /opt/st/stm32cubeide_1.19.0/plugins/com.st.stm32cube.ide.mcu.externaltools.gnu-tools-for-stm32.13.3.rel1.linux64_1.0.0.202410170706/tools/bin/../lib/gcc/arm-none-eabi/13.3.1/../../../../arm-none-eabi/lib/thumb/v7e-m+fp/hard/libc_nano.a(libc_a-nano-vfprintf.o)
 .rodata._printf_i.str1.1
                0x1000a8d6       0x22 /opt/st/stm32cubeide_1.19.0/plugins/com.st.stm32cube.ide.mcu.externaltools.gnu-tools-for-stm32.13.3.rel1.linux64_1.0.0.202410170706/tools/bin/../lib/gcc/arm-none-eabi/13.3.1/../../../../arm-none-eabi/lib/thumb/v7e-m+fp/hard/libc_nano.a(libc_a-nano-vfprintf_i.o)
                0x1000a8f8                        . = ALIGN (0x4)
 *fill*         0x1000a8d6        0x2 

.ARM.extab      0x1000a8d8        0x0
                0x1000a8d8                        . = ALIGN (0x4)
 *(.ARM.extab* .gnu.linkonce.armextab.*)
                0x1000a8d8                        . = ALIGN (0x4)

.ARM            0x1000a8d8        0x8
                0x1000a8d8                        . = ALIGN (0x4)
                0x1000a8d8                        __exidx_start = .
 *(.ARM.exidx*)
 .ARM.exidx     0x1000a8d8        0x8 /opt/st/stm32cubeide_1.19.0/plugins/com.st.stm32cube.ide.mcu.externaltools.gnu-tools-for-stm32.13.3.rel1.linux64_1.0.0.202410170706/tools/bin/../lib/gcc/arm-none-eabi/13.3.1/../../../../arm-none-eabi/lib/thumb/v7e-m+fp/hard/libc_nano.a(libc_a-strcmp.o)
 .ARM.exidx     0x1000a8e0        0x0 /opt/st/stm32cubeide_1.19.0/plugins/com.st.stm32cube.ide.mcu.externaltools.gnu-tools-for-stm32.13.3.rel1.linux64_1.0.0.202410170706/tools/bin/../lib/gcc/arm-none-eabi/13.3.1/../../../../arm-none-eabi/lib/thumb/v7e-m+fp/hard/libc_nano.a(libc_a-strlen.o)
                                  0x8 (size before relaxing)
 .ARM.exidx     0x1000a8e0        0x0 /opt/st/stm32cubeide_1.19.0/plugins/com.st.stm32cube.ide.mcu.externaltools.gnu-tools-for-stm32.13.3.rel1.linux64_1.0.0.202410170706/tools/bin/../lib/gcc/arm-none-eabi/13.3.1/../../../../arm-none-eabi/lib/thumb/v7e-m+fp/hard/libc_nano.a(libc_a-memchr.o)
                                  0x8 (size before relaxing)
                0x1000a8e0                        __exidx_end = .
                0x1000a8e0                        . = ALIGN (0x4)

.preinit_array  0x1000a8e0        0x0
                0x1000a8e0                        . = ALIGN (0x4)
                0x1000a8e0                        PROVIDE (__preinit_array_start = .)
 *(.preinit_array*)
                0x1000a8e0                        PROVIDE (__preinit_array_end = .)
                0x1000a8e0                        . = ALIGN (0x4)

.init_array     0x1000a8e0        0x4
                0x1000a8e0                        . = ALIGN (0x4)
                0x1000a8e0                        PROVIDE (__init_array_start = .)
 *(SORT_BY_NAME(.init_array.*))
 *(.init_array*)
 .init_array    0x1000a8e0        0x4 /opt/st/stm32cubeide_1.19.0/plugins/com.st.stm32cube.ide.mcu.externaltools.gnu-tools-for-stm32.13.3.rel1.linux64_1.0.0.202410170706/tools/bin/../lib/gcc/arm-none-eabi/13.3.1/thumb/v7e-m+fp/hard/crtbegin.o
                0x1000a8e4                        PROVIDE (__init_array_end = .)
                0x1000a8e4                        . = ALIGN (0x4)

.fini_array     0x1000a8e4        0x4
                0x1000a8e4                        . = ALIGN (0x4)
                [!provide]                        PROVIDE (__fini_array_start = .)
 *(SORT_BY_NAME(.fini_array.*))
 *(.fini_array*)
 .fini_array    0x1000a8e4        0x4 /opt/st/stm32cubeide_1.19.0/plugins/com.st.stm32cube.ide.mcu.externaltools.gnu-tools-for-stm32.13.3.rel1.linux64_1.0.0.202410170706/tools/bin/../lib/gcc/arm-none-eabi/13.3.1/thumb/v7e-m+fp/hard/crtbegin.o
                [!provide]                        PROVIDE (__fini_array_end = .)
                0x1000a8e8                        . = ALIGN (0x4)
                0x1000a8e8                        __DATA_ROM = .
                0x1000a8e8                        _sidata = LOADADDR (.data)

.data           0x10020000      0x128 load address 0x1000a8e8
                0x10020000                        . = ALIGN (0x4)
                0x10020000                        _sdata = .
 *(.data)
 *(.data*)
 .data.SystemCoreClock
                0x10020000        0x4 ./Common/System/system_stm32mp1xx.o
                0x10020000                SystemCoreClock
 .data.led_duty
                0x10020004        0x4 ./Core/Src/main.o
                0x10020004                led_duty
 .data.uwTickPrio
                0x10020008        0x4 ./Drivers/STM32MP1xx_HAL_Driver/stm32mp1xx_hal.o
                0x10020008                uwTickPrio
 .data.uwTickFreq
                0x1002000c        0x1 ./Drivers/STM32MP1xx_HAL_Driver/stm32mp1xx_hal.o
                0x1002000c                uwTickFreq
 *fill*         0x1002000d        0x3 
 .data.uxCriticalNesting
                0x10020010        0x4 ./Middlewares/Third_Party/FreeRTOS/port.o
 .data.metal_generic_bus
                0x10020014       0x2c ./Middlewares/Third_Party/OpenAMP/device.o
                0x10020014                metal_generic_bus
 .data.shm_device
                0x10020040       0x8c ./OPENAMP/openamp.o
                0x10020040                shm_device
 .data.__sglue  0x100200cc        0xc /opt/st/stm32cubeide_1.19.0/plugins/com.st.stm32cube.ide.mcu.externaltools.gnu-tools-for-stm32.13.3.rel1.linux64_1.0.0.202410170706/tools/bin/../lib/gcc/arm-none-eabi/13.3.1/../../../../arm-none-eabi/lib/thumb/v7e-m+fp/hard/libc_nano.a(libc_a-findfp.o)
                0x100200cc                __sglue
 .data._impure_ptr
                0x100200d8        0x4 /opt/st/stm32cubeide_1.19.0/plugins/com.st.stm32cube.ide.mcu.externaltools.gnu-tools-for-stm32.13.3.rel1.linux64_1.0.0.202410170706/tools/bin/../lib/gcc/arm-none-eabi/13.3.1/../../../../arm-none-eabi/lib/thumb/v7e-m+fp/hard/libc_nano.a(libc_a-impure.o)
                0x100200d8                _impure_ptr
 .data._impure_data
                0x100200dc       0x4c /opt/st/stm32cubeide_1.19.0/plugins/com.st.stm32cube.ide.mcu.externaltools.gnu-tools-for-stm32.13.3.rel1.linux64_1.0.0.202410170706/tools/bin/../lib/gcc/arm-none-eabi/13.3.1/../../../../arm-none-eabi/lib/thumb/v7e-m+fp/hard/libc_nano.a(libc_a-impure.o)
                0x100200dc                _impure_data
                0x10020128                        . = ALIGN (0x4)
                0x10020128                        _edata = .
                0x1000aa10                        __DATA_END = (__DATA_ROM + (_edata - _sdata))